Archive member included to satisfy reference by file (symbol)

c:/st/stm32cubeide_1.7.0/stm32cubeide/plugins/com.st.stm32cube.ide.mcu.externaltools.gnu-tools-for-stm32.9-2020-q2-update.win32_2.0.0.202105311346/tools/bin/../lib/gcc/arm-none-eabi/9.3.1/../../../../arm-none-eabi/lib/thumb/v7e-m+fp/hard\libstdc++_nano.a(del_ops.o)
                              ./Core/Src/Xbox.o (operator delete(void*, unsigned int))
c:/st/stm32cubeide_1.7.0/stm32cubeide/plugins/com.st.stm32cube.ide.mcu.externaltools.gnu-tools-for-stm32.9-2020-q2-update.win32_2.0.0.202105311346/tools/bin/../lib/gcc/arm-none-eabi/9.3.1/../../../../arm-none-eabi/lib/thumb/v7e-m+fp/hard\libstdc++_nano.a(new_op.o)
                              ./Core/Src/main.o (operator new(unsigned int))
c:/st/stm32cubeide_1.7.0/stm32cubeide/plugins/com.st.stm32cube.ide.mcu.externaltools.gnu-tools-for-stm32.9-2020-q2-update.win32_2.0.0.202105311346/tools/bin/../lib/gcc/arm-none-eabi/9.3.1/../../../../arm-none-eabi/lib/thumb/v7e-m+fp/hard\libstdc++_nano.a(del_op.o)
                              c:/st/stm32cubeide_1.7.0/stm32cubeide/plugins/com.st.stm32cube.ide.mcu.externaltools.gnu-tools-for-stm32.9-2020-q2-update.win32_2.0.0.202105311346/tools/bin/../lib/gcc/arm-none-eabi/9.3.1/../../../../arm-none-eabi/lib/thumb/v7e-m+fp/hard\libstdc++_nano.a(del_ops.o) (operator delete(void*))
c:/st/stm32cubeide_1.7.0/stm32cubeide/plugins/com.st.stm32cube.ide.mcu.externaltools.gnu-tools-for-stm32.9-2020-q2-update.win32_2.0.0.202105311346/tools/bin/../lib/gcc/arm-none-eabi/9.3.1/../../../../arm-none-eabi/lib/thumb/v7e-m+fp/hard\libstdc++_nano.a(new_handler.o)
                              c:/st/stm32cubeide_1.7.0/stm32cubeide/plugins/com.st.stm32cube.ide.mcu.externaltools.gnu-tools-for-stm32.9-2020-q2-update.win32_2.0.0.202105311346/tools/bin/../lib/gcc/arm-none-eabi/9.3.1/../../../../arm-none-eabi/lib/thumb/v7e-m+fp/hard\libstdc++_nano.a(new_op.o) (std::get_new_handler())
c:/st/stm32cubeide_1.7.0/stm32cubeide/plugins/com.st.stm32cube.ide.mcu.externaltools.gnu-tools-for-stm32.9-2020-q2-update.win32_2.0.0.202105311346/tools/bin/../lib/gcc/arm-none-eabi/9.3.1/../../../../arm-none-eabi/lib/thumb/v7e-m+fp/hard\libc_nano.a(lib_a-abort.o)
                              c:/st/stm32cubeide_1.7.0/stm32cubeide/plugins/com.st.stm32cube.ide.mcu.externaltools.gnu-tools-for-stm32.9-2020-q2-update.win32_2.0.0.202105311346/tools/bin/../lib/gcc/arm-none-eabi/9.3.1/../../../../arm-none-eabi/lib/thumb/v7e-m+fp/hard\libstdc++_nano.a(new_op.o) (abort)
c:/st/stm32cubeide_1.7.0/stm32cubeide/plugins/com.st.stm32cube.ide.mcu.externaltools.gnu-tools-for-stm32.9-2020-q2-update.win32_2.0.0.202105311346/tools/bin/../lib/gcc/arm-none-eabi/9.3.1/../../../../arm-none-eabi/lib/thumb/v7e-m+fp/hard\libc_nano.a(lib_a-errno.o)
                              ./Core/Src/syscalls.o (__errno)
c:/st/stm32cubeide_1.7.0/stm32cubeide/plugins/com.st.stm32cube.ide.mcu.externaltools.gnu-tools-for-stm32.9-2020-q2-update.win32_2.0.0.202105311346/tools/bin/../lib/gcc/arm-none-eabi/9.3.1/../../../../arm-none-eabi/lib/thumb/v7e-m+fp/hard\libc_nano.a(lib_a-exit.o)
                              c:/st/stm32cubeide_1.7.0/stm32cubeide/plugins/com.st.stm32cube.ide.mcu.externaltools.gnu-tools-for-stm32.9-2020-q2-update.win32_2.0.0.202105311346/tools/bin/../lib/gcc/arm-none-eabi/9.3.1/../../../../arm-none-eabi/lib/thumb/v7e-m+fp/hard/crt0.o (exit)
c:/st/stm32cubeide_1.7.0/stm32cubeide/plugins/com.st.stm32cube.ide.mcu.externaltools.gnu-tools-for-stm32.9-2020-q2-update.win32_2.0.0.202105311346/tools/bin/../lib/gcc/arm-none-eabi/9.3.1/../../../../arm-none-eabi/lib/thumb/v7e-m+fp/hard\libc_nano.a(lib_a-impure.o)
                              c:/st/stm32cubeide_1.7.0/stm32cubeide/plugins/com.st.stm32cube.ide.mcu.externaltools.gnu-tools-for-stm32.9-2020-q2-update.win32_2.0.0.202105311346/tools/bin/../lib/gcc/arm-none-eabi/9.3.1/../../../../arm-none-eabi/lib/thumb/v7e-m+fp/hard\libc_nano.a(lib_a-exit.o) (_global_impure_ptr)
c:/st/stm32cubeide_1.7.0/stm32cubeide/plugins/com.st.stm32cube.ide.mcu.externaltools.gnu-tools-for-stm32.9-2020-q2-update.win32_2.0.0.202105311346/tools/bin/../lib/gcc/arm-none-eabi/9.3.1/../../../../arm-none-eabi/lib/thumb/v7e-m+fp/hard\libc_nano.a(lib_a-init.o)
                              c:/st/stm32cubeide_1.7.0/stm32cubeide/plugins/com.st.stm32cube.ide.mcu.externaltools.gnu-tools-for-stm32.9-2020-q2-update.win32_2.0.0.202105311346/tools/bin/../lib/gcc/arm-none-eabi/9.3.1/../../../../arm-none-eabi/lib/thumb/v7e-m+fp/hard/crt0.o (__libc_init_array)
c:/st/stm32cubeide_1.7.0/stm32cubeide/plugins/com.st.stm32cube.ide.mcu.externaltools.gnu-tools-for-stm32.9-2020-q2-update.win32_2.0.0.202105311346/tools/bin/../lib/gcc/arm-none-eabi/9.3.1/../../../../arm-none-eabi/lib/thumb/v7e-m+fp/hard\libc_nano.a(lib_a-malloc.o)
[...]
Memory Configuration

Name             Origin             Length             Attributes
RAM              0x0000000020000000 0x0000000000010000 xrw
FLASH            0x0000000008000000 0x0000000000040000 xr
*default*        0x0000000000000000 0xffffffffffffffff

Linker script and memory map

LOAD c:/st/stm32cubeide_1.7.0/stm32cubeide/plugins/com.st.stm32cube.ide.mcu.externaltools.gnu-tools-for-stm32.9-2020-q2-update.win32_2.0.0.202105311346/tools/bin/../lib/gcc/arm-none-eabi/9.3.1/thumb/v7e-m+fp/hard/crti.o
LOAD c:/st/stm32cubeide_1.7.0/stm32cubeide/plugins/com.st.stm32cube.ide.mcu.externaltools.gnu-tools-for-stm32.9-2020-q2-update.win32_2.0.0.202105311346/tools/bin/../lib/gcc/arm-none-eabi/9.3.1/thumb/v7e-m+fp/hard/crtbegin.o
LOAD c:/st/stm32cubeide_1.7.0/stm32cubeide/plugins/com.st.stm32cube.ide.mcu.externaltools.gnu-tools-for-stm32.9-2020-q2-update.win32_2.0.0.202105311346/tools/bin/../lib/gcc/arm-none-eabi/9.3.1/../../../../arm-none-eabi/lib/thumb/v7e-m+fp/hard/crt0.o
LOAD ./Core/Src/Xbox.o
LOAD ./Core/Src/main.o
LOAD ./Core/Src/stm32f4xx_hal_msp.o
LOAD ./Core/Src/stm32f4xx_it.o
LOAD ./Core/Src/syscalls.o
LOAD ./Core/Src/sysmem.o
LOAD ./Core/Src/system_stm32f4xx.o
LOAD ./Core/Src/usb_xinf.o
LOAD ./Core/Startup/startup_stm32f401ccux.o
LOAD ./Drivers/STM32F4xx_HAL_Driver/Src/stm32f4xx_hal.o
LOAD ./Drivers/STM32F4xx_HAL_Driver/Src/stm32f4xx_hal_adc.o
LOAD ./Drivers/STM32F4xx_HAL_Driver/Src/stm32f4xx_hal_adc_ex.o
LOAD ./Drivers/STM32F4xx_HAL_Driver/Src/stm32f4xx_hal_cortex.o
LOAD ./Drivers/STM32F4xx_HAL_Driver/Src/stm32f4xx_hal_dma.o
LOAD ./Drivers/STM32F4xx_HAL_Driver/Src/stm32f4xx_hal_dma_ex.o
LOAD ./Drivers/STM32F4xx_HAL_Driver/Src/stm32f4xx_hal_exti.o
LOAD ./Drivers/STM32F4xx_HAL_Driver/Src/stm32f4xx_hal_flash.o
LOAD ./Drivers/STM32F4xx_HAL_Driver/Src/stm32f4xx_hal_flash_ex.o
LOAD ./Drivers/STM32F4xx_HAL_Driver/Src/stm32f4xx_hal_flash_ramfunc.o
LOAD ./Drivers/STM32F4xx_HAL_Driver/Src/stm32f4xx_hal_gpio.o
LOAD ./Drivers/STM32F4xx_HAL_Driver/Src/stm32f4xx_hal_i2c.o
LOAD ./Drivers/STM32F4xx_HAL_Driver/Src/stm32f4xx_hal_i2c_ex.o
LOAD ./Drivers/STM32F4xx_HAL_Driver/Src/stm32f4xx_hal_pcd.o
LOAD ./Drivers/STM32F4xx_HAL_Driver/Src/stm32f4xx_hal_pcd_ex.o
LOAD ./Drivers/STM32F4xx_HAL_Driver/Src/stm32f4xx_hal_pwr.o
LOAD ./Drivers/STM32F4xx_HAL_Driver/Src/stm32f4xx_hal_pwr_ex.o
LOAD ./Drivers/STM32F4xx_HAL_Driver/Src/stm32f4xx_hal_rcc.o
LOAD ./Drivers/STM32F4xx_HAL_Driver/Src/stm32f4xx_hal_rcc_ex.o
LOAD ./Drivers/STM32F4xx_HAL_Driver/Src/stm32f4xx_hal_tim.o
LOAD ./Drivers/STM32F4xx_HAL_Driver/Src/stm32f4xx_hal_tim_ex.o
LOAD ./Drivers/STM32F4xx_HAL_Driver/Src/stm32f4xx_ll_adc.o
LOAD ./Drivers/STM32F4xx_HAL_Driver/Src/stm32f4xx_ll_usb.o
LOAD ./Middlewares/ST/STM32_USB_Device_Library/Class/CustomHID/Src/usbd_customhid.o
LOAD ./Middlewares/ST/STM32_USB_Device_Library/Core/Src/usbd_core.o
LOAD ./Middlewares/ST/STM32_USB_Device_Library/Core/Src/usbd_ctlreq.o
LOAD ./Middlewares/ST/STM32_USB_Device_Library/Core/Src/usbd_ioreq.o
LOAD ./USB_DEVICE/App/usb_device.o
LOAD ./USB_DEVICE/App/usbd_custom_hid_if.o
LOAD ./USB_DEVICE/App/usbd_desc.o
LOAD ./USB_DEVICE/Target/usbd_conf.o
START GROUP
LOAD c:/st/stm32cubeide_1.7.0/stm32cubeide/plugins/com.st.stm32cube.ide.mcu.externaltools.gnu-tools-for-stm32.9-2020-q2-update.win32_2.0.0.202105311346/tools/bin/../lib/gcc/arm-none-eabi/9.3.1/../../../../arm-none-eabi/lib/thumb/v7e-m+fp/hard\libstdc++_nano.a
LOAD c:/st/stm32cubeide_1.7.0/stm32cubeide/plugins/com.st.stm32cube.ide.mcu.externaltools.gnu-tools-for-stm32.9-2020-q2-update.win32_2.0.0.202105311346/tools/bin/../lib/gcc/arm-none-eabi/9.3.1/../../../../arm-none-eabi/lib/thumb/v7e-m+fp/hard\libsupc++_nano.a
END GROUP
LOAD c:/st/stm32cubeide_1.7.0/stm32cubeide/plugins/com.st.stm32cube.ide.mcu.externaltools.gnu-tools-for-stm32.9-2020-q2-update.win32_2.0.0.202105311346/tools/bin/../lib/gcc/arm-none-eabi/9.3.1/../../../../arm-none-eabi/lib/thumb/v7e-m+fp/hard\libstdc++_nano.a
LOAD c:/st/stm32cubeide_1.7.0/stm32cubeide/plugins/com.st.stm32cube.ide.mcu.externaltools.gnu-tools-for-stm32.9-2020-q2-update.win32_2.0.0.202105311346/tools/bin/../lib/gcc/arm-none-eabi/9.3.1/../../../../arm-none-eabi/lib/thumb/v7e-m+fp/hard\libm.a
LOAD c:/st/stm32cubeide_1.7.0/stm32cubeide/plugins/com.st.stm32cube.ide.mcu.externaltools.gnu-tools-for-stm32.9-2020-q2-update.win32_2.0.0.202105311346/tools/bin/../lib/gcc/arm-none-eabi/9.3.1/../../../../arm-none-eabi/lib/thumb/v7e-m+fp/hard\libc_nano.a
START GROUP
LOAD c:/st/stm32cubeide_1.7.0/stm32cubeide/plugins/com.st.stm32cube.ide.mcu.externaltools.gnu-tools-for-stm32.9-2020-q2-update.win32_2.0.0.202105311346/tools/bin/../lib/gcc/arm-none-eabi/9.3.1/thumb/v7e-m+fp/hard\libgcc.a
LOAD c:/st/stm32cubeide_1.7.0/stm32cubeide/plugins/com.st.stm32cube.ide.mcu.externaltools.gnu-tools-for-stm32.9-2020-q2-update.win32_2.0.0.202105311346/tools/bin/../lib/gcc/arm-none-eabi/9.3.1/../../../../arm-none-eabi/lib/thumb/v7e-m+fp/hard\libc_nano.a
END GROUP
START GROUP
LOAD c:/st/stm32cubeide_1.7.0/stm32cubeide/plugins/com.st.stm32cube.ide.mcu.externaltools.gnu-tools-for-stm32.9-2020-q2-update.win32_2.0.0.202105311346/tools/bin/../lib/gcc/arm-none-eabi/9.3.1/thumb/v7e-m+fp/hard\libgcc.a
LOAD c:/st/stm32cubeide_1.7.0/stm32cubeide/plugins/com.st.stm32cube.ide.mcu.externaltools.gnu-tools-for-stm32.9-2020-q2-update.win32_2.0.0.202105311346/tools/bin/../lib/gcc/arm-none-eabi/9.3.1/../../../../arm-none-eabi/lib/thumb/v7e-m+fp/hard\libc_nano.a
END GROUP
LOAD c:/st/stm32cubeide_1.7.0/stm32cubeide/plugins/com.st.stm32cube.ide.mcu.externaltools.gnu-tools-for-stm32.9-2020-q2-update.win32_2.0.0.202105311346/tools/bin/../lib/gcc/arm-none-eabi/9.3.1/thumb/v7e-m+fp/hard/crtend.o
LOAD c:/st/stm32cubeide_1.7.0/stm32cubeide/plugins/com.st.stm32cube.ide.mcu.externaltools.gnu-tools-for-stm32.9-2020-q2-update.win32_2.0.0.202105311346/tools/bin/../lib/gcc/arm-none-eabi/9.3.1/thumb/v7e-m+fp/hard/crtn.o
                0x0000000020010000                _estack = (ORIGIN (RAM) + LENGTH (RAM))
                0x0000000000000200                _Min_Heap_Size = 0x200
                0x0000000000000400                _Min_Stack_Size = 0x400

.isr_vector     0x0000000008000000      0x194
                0x0000000008000000                . = ALIGN (0x4)
 *(.isr_vector)
 .isr_vector    0x0000000008000000      0x194 ./Core/Startup/startup_stm32f401ccux.o
                0x0000000008000000                g_pfnVectors
                0x0000000008000194                . = ALIGN (0x4)

.text           0x0000000008000194     0x75ec
                0x0000000008000194                . = ALIGN (0x4)
 *(.text)
 .text          0x0000000008000194       0x40 c:/st/stm32cubeide_1.7.0/stm32cubeide/plugins/com.st.stm32cube.ide.mcu.externaltools.gnu-tools-for-stm32.9-2020-q2-update.win32_2.0.0.202105311346/tools/bin/../lib/gcc/arm-none-eabi/9.3.1/thumb/v7e-m+fp/hard/crtbegin.o
 .text          0x00000000080001d4       0x30 c:/st/stm32cubeide_1.7.0/stm32cubeide/plugins/com.st.stm32cube.ide.mcu.externaltools.gnu-tools-for-stm32.9-2020-q2-update.win32_2.0.0.202105311346/tools/bin/../lib/gcc/arm-none-eabi/9.3.1/thumb/v7e-m+fp/hard\libgcc.a(_aeabi_uldivmod.o)
                0x00000000080001d4                __aeabi_uldivmod
 .text          0x0000000008000204      0x2c4 c:/st/stm32cubeide_1.7.0/stm32cubeide/plugins/com.st.stm32cube.ide.mcu.externaltools.gnu-tools-for-stm32.9-2020-q2-update.win32_2.0.0.202105311346/tools/bin/../lib/gcc/arm-none-eabi/9.3.1/thumb/v7e-m+fp/hard\libgcc.a(_udivmoddi4.o)
                0x0000000008000204                __udivmoddi4
 .text          0x00000000080004c8        0x4 c:/st/stm32cubeide_1.7.0/stm32cubeide/plugins/com.st.stm32cube.ide.mcu.externaltools.gnu-tools-for-stm32.9-2020-q2-update.win32_2.0.0.202105311346/tools/bin/../lib/gcc/arm-none-eabi/9.3.1/thumb/v7e-m+fp/hard\libgcc.a(_dvmd_tls.o)
                0x00000000080004c8                __aeabi_idiv0
                0x00000000080004c8                __aeabi_ldiv0
 *(.text*)
 .text._ZN4XUSB4initEv
                0x00000000080004cc        0xc ./Core/Src/Xbox.o
                0x00000000080004cc                XUSB::init()
 .text._ZN4XUSB9availableEv
                0x00000000080004d8        0xe ./Core/Src/Xbox.o
                0x00000000080004d8                XUSB::available()
 .text._ZN4XUSB4sendEPhh
                0x00000000080004e6       0x20 ./Core/Src/Xbox.o
                0x00000000080004e6                XUSB::send(unsigned char*, unsigned char)
 .text._ZN4XUSB4recvEPhh
                0x0000000008000506       0x20 ./Core/Src/Xbox.o
                0x0000000008000506                XUSB::recv(unsigned char*, unsigned char)
 .text._ZN4Xbox8autosendEv
                0x0000000008000526       0x1e ./Core/Src/Xbox.o
                0x0000000008000526                Xbox::autosend()
 .text._Z3maplllll
                0x0000000008000544       0x38 ./Core/Src/Xbox.o
                0x0000000008000544                map(long, long, long, long, long)
 .text._Z17getButtonFromEnum13XInputControl
                0x000000000800057c       0xec ./Core/Src/Xbox.o
                0x000000000800057c                getButtonFromEnum(XInputControl)
 .text._Z18getTriggerFromEnum13XInputControl
                0x0000000008000668       0x34 ./Core/Src/Xbox.o
                0x0000000008000668                getTriggerFromEnum(XInputControl)
 .text._ZN4XboxC2Ev
                0x000000000800069c       0x6c ./Core/Src/Xbox.o
                0x000000000800069c                Xbox::Xbox()
                0x000000000800069c                Xbox::Xbox()
 .text._ZN4Xbox5beginEv
                0x0000000008000708       0x14 ./Core/Src/Xbox.o
                0x0000000008000708                Xbox::begin()
 .text._ZN4Xbox5pressEh
                0x000000000800071c       0x20 ./Core/Src/Xbox.o
                0x000000000800071c                Xbox::press(unsigned char)
 .text._ZN4Xbox9setButtonEhb
                0x000000000800073c       0xd6 ./Core/Src/Xbox.o
                0x000000000800073c                Xbox::setButton(unsigned char, bool)
 *fill*         0x0000000008000812        0x2 
 .text._ZN4Xbox10setTriggerE13XInputControll
                0x0000000008000814       0x84 ./Core/Src/Xbox.o
                0x0000000008000814                Xbox::setTrigger(XInputControl, long)
 .text._ZN4Xbox10releaseAllEv
                0x0000000008000898       0x30 ./Core/Src/Xbox.o
                0x0000000008000898                Xbox::releaseAll()
 .text._ZNK4Xbox9getButtonEh
                0x00000000080008c8       0x6e ./Core/Src/Xbox.o
                0x00000000080008c8                Xbox::getButton(unsigned char) const
 .text._ZNK4Xbox10getTriggerE13XInputControl
                0x0000000008000936       0x34 ./Core/Src/Xbox.o
                0x0000000008000936                Xbox::getTrigger(XInputControl) const
 .text._ZN4Xbox4sendEv
                0x000000000800096a       0x1e ./Core/Src/Xbox.o
                0x000000000800096a                Xbox::send()
 .text._ZN4Xbox7receiveEv
                0x0000000008000988       0x88 ./Core/Src/Xbox.o
                0x0000000008000988                Xbox::receive()
 .text._ZN4Xbox8parseLEDEh
                0x0000000008000a10       0x88 ./Core/Src/Xbox.o
                0x0000000008000a10                Xbox::parseLED(unsigned char)
 .text._ZN4Xbox16getRangeFromEnumE13XInputControl
                0x0000000008000a98       0x54 ./Core/Src/Xbox.o
                0x0000000008000a98                Xbox::getRangeFromEnum(XInputControl)
 .text._ZN4Xbox12rescaleInputElRKNS_5RangeES2_
                0x0000000008000aec       0x6e ./Core/Src/Xbox.o
                0x0000000008000aec                Xbox::rescaleInput(long, Xbox::Range const&, Xbox::Range const&)
 .text._ZN4Xbox15setTriggerRangeEll
                0x0000000008000b5a       0x2c ./Core/Src/Xbox.o
                0x0000000008000b5a                Xbox::setTriggerRange(long, long)
 .text._ZN4Xbox16setJoystickRangeEll
                0x0000000008000b86       0x2c ./Core/Src/Xbox.o
                0x0000000008000b86                Xbox::setJoystickRange(long, long)
 .text._ZN4Xbox8setRangeE13XInputControlll
                0x0000000008000bb2       0x44 ./Core/Src/Xbox.o
                0x0000000008000bb2                Xbox::setRange(XInputControl, long, long)
 *fill*         0x0000000008000bf6        0x2 
 .text._ZN4Xbox5resetEv
                0x0000000008000bf8       0x68 ./Core/Src/Xbox.o
                0x0000000008000bf8                Xbox::reset()
 .text._ZN4XboxD2Ev
                0x0000000008000c60       0x20 ./Core/Src/Xbox.o
                0x0000000008000c60                Xbox::~Xbox()
                0x0000000008000c60                Xbox::~Xbox()
 .text._ZN4XboxD0Ev
                0x0000000008000c80       0x20 ./Core/Src/Xbox.o
                0x0000000008000c80                Xbox::~Xbox()
 .text._Z14GET_USB_STATUSv
                0x0000000008000ca0       0x28 ./Core/Src/main.o
                0x0000000008000ca0                GET_USB_STATUS()
 .text._Z14IS_USB_SUSPENDv
                0x0000000008000cc8       0x18 ./Core/Src/main.o
                0x0000000008000cc8                IS_USB_SUSPEND()
 .text.main     0x0000000008000ce0       0x88 ./Core/Src/main.o
                0x0000000008000ce0                main
 .text._Z18SystemClock_Configv
                0x0000000008000d68       0xe8 ./Core/Src/main.o
                0x0000000008000d68                SystemClock_Config()
 .text._ZL12MX_ADC1_Initv
                0x0000000008000e50       0xb8 ./Core/Src/main.o
 .text._ZL12MX_I2C1_Initv
                0x0000000008000f08       0x68 ./Core/Src/main.o
 .text._ZL12MX_GPIO_Initv
                0x0000000008000f70       0xd8 ./Core/Src/main.o
 .text.Error_Handler
                0x0000000008001048        0xa ./Core/Src/main.o
                0x0000000008001048                Error_Handler
 *fill*         0x0000000008001052        0x2 
 .text.HAL_MspInit
                0x0000000008001054       0x50 ./Core/Src/stm32f4xx_hal_msp.o
                0x0000000008001054                HAL_MspInit
 .text.HAL_ADC_MspInit
                0x00000000080010a4       0x88 ./Core/Src/stm32f4xx_hal_msp.o
                0x00000000080010a4                HAL_ADC_MspInit
 .text.HAL_I2C_MspInit
                0x000000000800112c       0x90 ./Core/Src/stm32f4xx_hal_msp.o
                0x000000000800112c                HAL_I2C_MspInit
 .text.NMI_Handler
                0x00000000080011bc        0x6 ./Core/Src/stm32f4xx_it.o
                0x00000000080011bc                NMI_Handler
 .text.HardFault_Handler
                0x00000000080011c2        0x6 ./Core/Src/stm32f4xx_it.o
                0x00000000080011c2                HardFault_Handler
 .text.MemManage_Handler
                0x00000000080011c8        0x6 ./Core/Src/stm32f4xx_it.o
                0x00000000080011c8                MemManage_Handler
 .text.BusFault_Handler
                0x00000000080011ce        0x6 ./Core/Src/stm32f4xx_it.o
                0x00000000080011ce                BusFault_Handler
 .text.UsageFault_Handler
                0x00000000080011d4        0x6 ./Core/Src/stm32f4xx_it.o
                0x00000000080011d4                UsageFault_Handler
 .text.SVC_Handler
                0x00000000080011da        0xe ./Core/Src/stm32f4xx_it.o
                0x00000000080011da                SVC_Handler
 .text.DebugMon_Handler
                0x00000000080011e8        0xe ./Core/Src/stm32f4xx_it.o
                0x00000000080011e8                DebugMon_Handler
 .text.PendSV_Handler
                0x00000000080011f6        0xe ./Core/Src/stm32f4xx_it.o
                0x00000000080011f6                PendSV_Handler
 .text.SysTick_Handler
                0x0000000008001204        0xc ./Core/Src/stm32f4xx_it.o
                0x0000000008001204                SysTick_Handler
 .text.OTG_FS_IRQHandler
                0x0000000008001210       0x14 ./Core/Src/stm32f4xx_it.o
                0x0000000008001210                OTG_FS_IRQHandler
 .text._getpid  0x0000000008001224       0x10 ./Core/Src/syscalls.o
                0x0000000008001224                _getpid
 .text._kill    0x0000000008001234       0x20 ./Core/Src/syscalls.o
                0x0000000008001234                _kill
 .text._exit    0x0000000008001254       0x14 ./Core/Src/syscalls.o
                0x0000000008001254                _exit
 .text._sbrk    0x0000000008001268       0x6c ./Core/Src/sysmem.o
                0x0000000008001268                _sbrk
 .text.SystemInit
                0x00000000080012d4       0x24 ./Core/Src/system_stm32f4xx.o
                0x00000000080012d4                SystemInit
 .text.usb_xinput_available
                0x00000000080012f8       0x18 ./Core/Src/usb_xinf.o
                0x00000000080012f8                usb_xinput_available
 .text.usb_xinput_recv
                0x0000000008001310       0x34 ./Core/Src/usb_xinf.o
                0x0000000008001310                usb_xinput_recv
 .text.usb_xinput_send
                0x0000000008001344       0x60 ./Core/Src/usb_xinf.o
                0x0000000008001344                usb_xinput_send
 .text.usb_xinput_init
                0x00000000080013a4        0xc ./Core/Src/usb_xinf.o
                0x00000000080013a4                usb_xinput_init
 .text.Reset_Handler
                0x00000000080013b0       0x50 ./Core/Startup/startup_stm32f401ccux.o
                0x00000000080013b0                Reset_Handler
 .text.Default_Handler
                0x0000000008001400        0x2 ./Core/Startup/startup_stm32f401ccux.o
                0x0000000008001400                RTC_Alarm_IRQHandler
                0x0000000008001400                EXTI2_IRQHandler
                0x0000000008001400                SPI4_IRQHandler
                0x0000000008001400                TIM1_CC_IRQHandler
                0x0000000008001400                DMA2_Stream5_IRQHandler
                0x0000000008001400                DMA1_Stream5_IRQHandler
                0x0000000008001400                PVD_IRQHandler
                0x0000000008001400                SDIO_IRQHandler
                0x0000000008001400                TAMP_STAMP_IRQHandler
                0x0000000008001400                EXTI3_IRQHandler
                0x0000000008001400                TIM1_UP_TIM10_IRQHandler
                0x0000000008001400                I2C3_ER_IRQHandler
                0x0000000008001400                EXTI0_IRQHandler
                0x0000000008001400                I2C2_EV_IRQHandler
                0x0000000008001400                DMA1_Stream2_IRQHandler
                0x0000000008001400                FPU_IRQHandler
                0x0000000008001400                DMA2_Stream2_IRQHandler
                0x0000000008001400                SPI1_IRQHandler
                0x0000000008001400                TIM1_BRK_TIM9_IRQHandler
                0x0000000008001400                DMA2_Stream3_IRQHandler
                0x0000000008001400                USART6_IRQHandler
                0x0000000008001400                DMA2_Stream0_IRQHandler
                0x0000000008001400                TIM4_IRQHandler
                0x0000000008001400                I2C1_EV_IRQHandler
                0x0000000008001400                DMA1_Stream6_IRQHandler
                0x0000000008001400                DMA1_Stream1_IRQHandler
                0x0000000008001400                TIM3_IRQHandler
                0x0000000008001400                RCC_IRQHandler
                0x0000000008001400                Default_Handler
                0x0000000008001400                EXTI15_10_IRQHandler
                0x0000000008001400                ADC_IRQHandler
                0x0000000008001400                DMA1_Stream7_IRQHandler
                0x0000000008001400                TIM5_IRQHandler
                0x0000000008001400                DMA2_Stream7_IRQHandler
                0x0000000008001400                I2C3_EV_IRQHandler
                0x0000000008001400                EXTI9_5_IRQHandler
                0x0000000008001400                RTC_WKUP_IRQHandler
                0x0000000008001400                SPI2_IRQHandler
                0x0000000008001400                DMA1_Stream0_IRQHandler
                0x0000000008001400                EXTI4_IRQHandler
                0x0000000008001400                WWDG_IRQHandler
                0x0000000008001400                TIM2_IRQHandler
                0x0000000008001400                OTG_FS_WKUP_IRQHandler
                0x0000000008001400                TIM1_TRG_COM_TIM11_IRQHandler
                0x0000000008001400                EXTI1_IRQHandler
                0x0000000008001400                USART2_IRQHandler
                0x0000000008001400                I2C2_ER_IRQHandler
                0x0000000008001400                DMA2_Stream1_IRQHandler
                0x0000000008001400                FLASH_IRQHandler
                0x0000000008001400                DMA2_Stream4_IRQHandler
                0x0000000008001400                USART1_IRQHandler
                0x0000000008001400                SPI3_IRQHandler
                0x0000000008001400                DMA1_Stream4_IRQHandler
                0x0000000008001400                I2C1_ER_IRQHandler
                0x0000000008001400                DMA2_Stream6_IRQHandler
                0x0000000008001400                DMA1_Stream3_IRQHandler
 *fill*         0x0000000008001402        0x2 
 .text.HAL_Init
                0x0000000008001404       0x44 ./Drivers/STM32F4xx_HAL_Driver/Src/stm32f4xx_hal.o
                0x0000000008001404                HAL_Init
 .text.HAL_InitTick
                0x0000000008001448       0x60 ./Drivers/STM32F4xx_HAL_Driver/Src/stm32f4xx_hal.o
                0x0000000008001448                HAL_InitTick
 .text.HAL_IncTick
                0x00000000080014a8       0x28 ./Drivers/STM32F4xx_HAL_Driver/Src/stm32f4xx_hal.o
                0x00000000080014a8                HAL_IncTick
 .text.HAL_GetTick
                0x00000000080014d0       0x18 ./Drivers/STM32F4xx_HAL_Driver/Src/stm32f4xx_hal.o
                0x00000000080014d0                HAL_GetTick
 .text.HAL_Delay
                0x00000000080014e8       0x48 ./Drivers/STM32F4xx_HAL_Driver/Src/stm32f4xx_hal.o
                0x00000000080014e8                HAL_Delay
 .text.HAL_ADC_Init
                0x0000000008001530       0x86 ./Drivers/STM32F4xx_HAL_Driver/Src/stm32f4xx_hal_adc.o
                0x0000000008001530                HAL_ADC_Init
 *fill*         0x00000000080015b6        0x2 
 .text.HAL_ADC_ConfigChannel
                0x00000000080015b8      0x244 ./Drivers/STM32F4xx_HAL_Driver/Src/stm32f4xx_hal_adc.o
                0x00000000080015b8                HAL_ADC_ConfigChannel
 .text.ADC_Init
                0x00000000080017fc      0x1f8 ./Drivers/STM32F4xx_HAL_Driver/Src/stm32f4xx_hal_adc.o
 .text.__NVIC_SetPriorityGrouping
                0x00000000080019f4       0x48 ./Drivers/STM32F4xx_HAL_Driver/Src/stm32f4xx_hal_cortex.o
 .text.__NVIC_GetPriorityGrouping
                0x0000000008001a3c       0x1c ./Drivers/STM32F4xx_HAL_Driver/Src/stm32f4xx_hal_cortex.o
 .text.__NVIC_EnableIRQ
                0x0000000008001a58       0x3c ./Drivers/STM32F4xx_HAL_Driver/Src/stm32f4xx_hal_cortex.o
 .text.__NVIC_SetPriority
                0x0000000008001a94       0x54 ./Drivers/STM32F4xx_HAL_Driver/Src/stm32f4xx_hal_cortex.o
 .text.NVIC_EncodePriority
                0x0000000008001ae8       0x66 ./Drivers/STM32F4xx_HAL_Driver/Src/stm32f4xx_hal_cortex.o
 *fill*         0x0000000008001b4e        0x2 
 .text.SysTick_Config
                0x0000000008001b50       0x44 ./Drivers/STM32F4xx_HAL_Driver/Src/stm32f4xx_hal_cortex.o
 .text.HAL_NVIC_SetPriorityGrouping
                0x0000000008001b94       0x16 ./Drivers/STM32F4xx_HAL_Driver/Src/stm32f4xx_hal_cortex.o
                0x0000000008001b94                HAL_NVIC_SetPriorityGrouping
 .text.HAL_NVIC_SetPriority
                0x0000000008001baa       0x38 ./Drivers/STM32F4xx_HAL_Driver/Src/stm32f4xx_hal_cortex.o
                0x0000000008001baa                HAL_NVIC_SetPriority
 .text.HAL_NVIC_EnableIRQ
                0x0000000008001be2       0x1c ./Drivers/STM32F4xx_HAL_Driver/Src/stm32f4xx_hal_cortex.o
                0x0000000008001be2                HAL_NVIC_EnableIRQ
 .text.HAL_SYSTICK_Config
                0x0000000008001bfe       0x18 ./Drivers/STM32F4xx_HAL_Driver/Src/stm32f4xx_hal_cortex.o
                0x0000000008001bfe                HAL_SYSTICK_Config
 *fill*         0x0000000008001c16        0x2 
 .text.HAL_GPIO_Init
                0x0000000008001c18      0x308 ./Drivers/STM32F4xx_HAL_Driver/Src/stm32f4xx_hal_gpio.o
                0x0000000008001c18                HAL_GPIO_Init
 .text.HAL_GPIO_WritePin
                0x0000000008001f20       0x32 ./Drivers/STM32F4xx_HAL_Driver/Src/stm32f4xx_hal_gpio.o
                0x0000000008001f20                HAL_GPIO_WritePin
 *fill*         0x0000000008001f52        0x2 
 .text.HAL_I2C_Init
                0x0000000008001f54      0x288 ./Drivers/STM32F4xx_HAL_Driver/Src/stm32f4xx_hal_i2c.o
                0x0000000008001f54                HAL_I2C_Init
 .text.HAL_PCD_Init
                0x00000000080021dc      0x23a ./Drivers/STM32F4xx_HAL_Driver/Src/stm32f4xx_hal_pcd.o
                0x00000000080021dc                HAL_PCD_Init
 .text.HAL_PCD_Start
                0x0000000008002416       0x66 ./Drivers/STM32F4xx_HAL_Driver/Src/stm32f4xx_hal_pcd.o
                0x0000000008002416                HAL_PCD_Start
 .text.HAL_PCD_IRQHandler
                0x000000000800247c      0x764 ./Drivers/STM32F4xx_HAL_Driver/Src/stm32f4xx_hal_pcd.o
                0x000000000800247c                HAL_PCD_IRQHandler
 .text.HAL_PCD_SetAddress
                0x0000000008002be0       0x4a ./Drivers/STM32F4xx_HAL_Driver/Src/stm32f4xx_hal_pcd.o
                0x0000000008002be0                HAL_PCD_SetAddress
 .text.HAL_PCD_EP_Open
                0x0000000008002c2a       0xd0 ./Drivers/STM32F4xx_HAL_Driver/Src/stm32f4xx_hal_pcd.o
                0x0000000008002c2a                HAL_PCD_EP_Open
 .text.HAL_PCD_EP_Close
                0x0000000008002cfa       0x94 ./Drivers/STM32F4xx_HAL_Driver/Src/stm32f4xx_hal_pcd.o
                0x0000000008002cfa                HAL_PCD_EP_Close
 .text.HAL_PCD_EP_Receive
                0x0000000008002d8e       0x96 ./Drivers/STM32F4xx_HAL_Driver/Src/stm32f4xx_hal_pcd.o
                0x0000000008002d8e                HAL_PCD_EP_Receive
 .text.HAL_PCD_EP_GetRxCount
                0x0000000008002e24       0x30 ./Drivers/STM32F4xx_HAL_Driver/Src/stm32f4xx_hal_pcd.o
                0x0000000008002e24                HAL_PCD_EP_GetRxCount
 .text.HAL_PCD_EP_Transmit
                0x0000000008002e54       0x94 ./Drivers/STM32F4xx_HAL_Driver/Src/stm32f4xx_hal_pcd.o
                0x0000000008002e54                HAL_PCD_EP_Transmit
 .text.HAL_PCD_EP_SetStall
                0x0000000008002ee8       0xc8 ./Drivers/STM32F4xx_HAL_Driver/Src/stm32f4xx_hal_pcd.o
                0x0000000008002ee8                HAL_PCD_EP_SetStall
 .text.HAL_PCD_EP_ClrStall
                0x0000000008002fb0       0xac ./Drivers/STM32F4xx_HAL_Driver/Src/stm32f4xx_hal_pcd.o
                0x0000000008002fb0                HAL_PCD_EP_ClrStall
 .text.PCD_WriteEmptyTxFifo
                0x000000000800305c      0x11a ./Drivers/STM32F4xx_HAL_Driver/Src/stm32f4xx_hal_pcd.o
 *fill*         0x0000000008003176        0x2 
 .text.PCD_EP_OutXfrComplete_int
                0x0000000008003178      0x218 ./Drivers/STM32F4xx_HAL_Driver/Src/stm32f4xx_hal_pcd.o
 .text.PCD_EP_OutSetupPacket_int
                0x0000000008003390       0x8c ./Drivers/STM32F4xx_HAL_Driver/Src/stm32f4xx_hal_pcd.o
 .text.HAL_PCDEx_SetTxFiFo
                0x000000000800341c       0x8e ./Drivers/STM32F4xx_HAL_Driver/Src/stm32f4xx_hal_pcd_ex.o
                0x000000000800341c                HAL_PCDEx_SetTxFiFo
 .text.HAL_PCDEx_SetRxFiFo
                0x00000000080034aa       0x22 ./Drivers/STM32F4xx_HAL_Driver/Src/stm32f4xx_hal_pcd_ex.o
                0x00000000080034aa                HAL_PCDEx_SetRxFiFo
 .text.HAL_PCDEx_LPM_Callback
                0x00000000080034cc       0x18 ./Drivers/STM32F4xx_HAL_Driver/Src/stm32f4xx_hal_pcd_ex.o
                0x00000000080034cc                HAL_PCDEx_LPM_Callback
 .text.HAL_RCC_OscConfig
                0x00000000080034e4      0x4f0 ./Drivers/STM32F4xx_HAL_Driver/Src/stm32f4xx_hal_rcc.o
                0x00000000080034e4                HAL_RCC_OscConfig
 .text.HAL_RCC_ClockConfig
                0x00000000080039d4      0x1cc ./Drivers/STM32F4xx_HAL_Driver/Src/stm32f4xx_hal_rcc.o
                0x00000000080039d4                HAL_RCC_ClockConfig
 .text.HAL_RCC_GetSysClockFreq
                0x0000000008003ba0      0x16c ./Drivers/STM32F4xx_HAL_Driver/Src/stm32f4xx_hal_rcc.o
                0x0000000008003ba0                HAL_RCC_GetSysClockFreq
 .text.HAL_RCC_GetHCLKFreq
                0x0000000008003d0c       0x18 ./Drivers/STM32F4xx_HAL_Driver/Src/stm32f4xx_hal_rcc.o
                0x0000000008003d0c                HAL_RCC_GetHCLKFreq
 .text.HAL_RCC_GetPCLK1Freq
                0x0000000008003d24       0x28 ./Drivers/STM32F4xx_HAL_Driver/Src/stm32f4xx_hal_rcc.o
                0x0000000008003d24                HAL_RCC_GetPCLK1Freq
 .text.USB_CoreInit
                0x0000000008003d4c       0xc2 ./Drivers/STM32F4xx_HAL_Driver/Src/stm32f4xx_ll_usb.o
                0x0000000008003d4c                USB_CoreInit
 *fill*         0x0000000008003e0e        0x2 
 .text.USB_SetTurnaroundTime
                0x0000000008003e10      0x144 ./Drivers/STM32F4xx_HAL_Driver/Src/stm32f4xx_ll_usb.o
                0x0000000008003e10                USB_SetTurnaroundTime
 .text.USB_EnableGlobalInt
                0x0000000008003f54       0x22 ./Drivers/STM32F4xx_HAL_Driver/Src/stm32f4xx_ll_usb.o
                0x0000000008003f54                USB_EnableGlobalInt
 .text.USB_DisableGlobalInt
                0x0000000008003f76       0x22 ./Drivers/STM32F4xx_HAL_Driver/Src/stm32f4xx_ll_usb.o
                0x0000000008003f76                USB_DisableGlobalInt
 .text.USB_SetCurrentMode
                0x0000000008003f98       0x98 ./Drivers/STM32F4xx_HAL_Driver/Src/stm32f4xx_ll_usb.o
                0x0000000008003f98                USB_SetCurrentMode
 .text.USB_DevInit
                0x0000000008004030      0x2c8 ./Drivers/STM32F4xx_HAL_Driver/Src/stm32f4xx_ll_usb.o
                0x0000000008004030                USB_DevInit
 .text.USB_FlushTxFifo
                0x00000000080042f8       0x48 ./Drivers/STM32F4xx_HAL_Driver/Src/stm32f4xx_ll_usb.o
                0x00000000080042f8                USB_FlushTxFifo
 .text.USB_FlushRxFifo
                0x0000000008004340       0x40 ./Drivers/STM32F4xx_HAL_Driver/Src/stm32f4xx_ll_usb.o
                0x0000000008004340                USB_FlushRxFifo
 .text.USB_SetDevSpeed
                0x0000000008004380       0x32 ./Drivers/STM32F4xx_HAL_Driver/Src/stm32f4xx_ll_usb.o
                0x0000000008004380                USB_SetDevSpeed
 .text.USB_GetDevSpeed
                0x00000000080043b2       0x4a ./Drivers/STM32F4xx_HAL_Driver/Src/stm32f4xx_ll_usb.o
                0x00000000080043b2                USB_GetDevSpeed
 .text.USB_ActivateEndpoint
                0x00000000080043fc      0x10e ./Drivers/STM32F4xx_HAL_Driver/Src/stm32f4xx_ll_usb.o
                0x00000000080043fc                USB_ActivateEndpoint
 *fill*         0x000000000800450a        0x2 
 .text.USB_DeactivateEndpoint
                0x000000000800450c      0x1b8 ./Drivers/STM32F4xx_HAL_Driver/Src/stm32f4xx_ll_usb.o
                0x000000000800450c                USB_DeactivateEndpoint
 .text.USB_EPStartXfer
                0x00000000080046c4      0x488 ./Drivers/STM32F4xx_HAL_Driver/Src/stm32f4xx_ll_usb.o
                0x00000000080046c4                USB_EPStartXfer
 .text.USB_EP0StartXfer
                0x0000000008004b4c      0x2a6 ./Drivers/STM32F4xx_HAL_Driver/Src/stm32f4xx_ll_usb.o
                0x0000000008004b4c                USB_EP0StartXfer
 .text.USB_WritePacket
                0x0000000008004df2       0x7c ./Drivers/STM32F4xx_HAL_Driver/Src/stm32f4xx_ll_usb.o
                0x0000000008004df2                USB_WritePacket
 .text.USB_ReadPacket
                0x0000000008004e6e       0xb0 ./Drivers/STM32F4xx_HAL_Driver/Src/stm32f4xx_ll_usb.o
                0x0000000008004e6e                USB_ReadPacket
 .text.USB_EPSetStall
                0x0000000008004f1e       0xdc ./Drivers/STM32F4xx_HAL_Driver/Src/stm32f4xx_ll_usb.o
                0x0000000008004f1e                USB_EPSetStall
 .text.USB_EPClearStall
                0x0000000008004ffa       0xcc ./Drivers/STM32F4xx_HAL_Driver/Src/stm32f4xx_ll_usb.o
                0x0000000008004ffa                USB_EPClearStall
 .text.USB_SetDevAddress
                0x00000000080050c6       0x4c ./Drivers/STM32F4xx_HAL_Driver/Src/stm32f4xx_ll_usb.o
                0x00000000080050c6                USB_SetDevAddress
 .text.USB_DevConnect
                0x0000000008005112       0x42 ./Drivers/STM32F4xx_HAL_Driver/Src/stm32f4xx_ll_usb.o
                0x0000000008005112                USB_DevConnect
 .text.USB_DevDisconnect
                0x0000000008005154       0x42 ./Drivers/STM32F4xx_HAL_Driver/Src/stm32f4xx_ll_usb.o
                0x0000000008005154                USB_DevDisconnect
 .text.USB_ReadInterrupts
                0x0000000008005196       0x26 ./Drivers/STM32F4xx_HAL_Driver/Src/stm32f4xx_ll_usb.o
                0x0000000008005196                USB_ReadInterrupts
 .text.USB_ReadDevAllOutEpInterrupt
                0x00000000080051bc       0x34 ./Drivers/STM32F4xx_HAL_Driver/Src/stm32f4xx_ll_usb.o
                0x00000000080051bc                USB_ReadDevAllOutEpInterrupt
 .text.USB_ReadDevAllInEpInterrupt
                0x00000000080051f0       0x34 ./Drivers/STM32F4xx_HAL_Driver/Src/stm32f4xx_ll_usb.o
                0x00000000080051f0                USB_ReadDevAllInEpInterrupt
 .text.USB_ReadDevOutEPInterrupt
                0x0000000008005224       0x3c ./Drivers/STM32F4xx_HAL_Driver/Src/stm32f4xx_ll_usb.o
                0x0000000008005224                USB_ReadDevOutEPInterrupt
 .text.USB_ReadDevInEPInterrupt
                0x0000000008005260       0x5c ./Drivers/STM32F4xx_HAL_Driver/Src/stm32f4xx_ll_usb.o
                0x0000000008005260                USB_ReadDevInEPInterrupt
 .text.USB_GetMode
                0x00000000080052bc       0x1c ./Drivers/STM32F4xx_HAL_Driver/Src/stm32f4xx_ll_usb.o
                0x00000000080052bc                USB_GetMode
 .text.USB_ActivateSetup
                0x00000000080052d8       0x46 ./Drivers/STM32F4xx_HAL_Driver/Src/stm32f4xx_ll_usb.o
                0x00000000080052d8                USB_ActivateSetup
 *fill*         0x000000000800531e        0x2 
 .text.USB_EP0_OutStart
                0x0000000008005320       0xbc ./Drivers/STM32F4xx_HAL_Driver/Src/stm32f4xx_ll_usb.o
                0x0000000008005320                USB_EP0_OutStart
 .text.USB_CoreReset
                0x00000000080053dc       0x64 ./Drivers/STM32F4xx_HAL_Driver/Src/stm32f4xx_ll_usb.o
 .text.USBD_CUSTOM_HID_Init
                0x0000000008005440       0xa2 ./Middlewares/ST/STM32_USB_Device_Library/Class/CustomHID/Src/usbd_customhid.o
 .text.USBD_CUSTOM_HID_DeInit
                0x00000000080054e2       0x6a ./Middlewares/ST/STM32_USB_Device_Library/Class/CustomHID/Src/usbd_customhid.o
 .text.USBD_CUSTOM_HID_Setup
                0x000000000800554c      0x214 ./Middlewares/ST/STM32_USB_Device_Library/Class/CustomHID/Src/usbd_customhid.o
 .text.USBD_CUSTOM_HID_GetFSCfgDesc
                0x0000000008005760       0x20 ./Middlewares/ST/STM32_USB_Device_Library/Class/CustomHID/Src/usbd_customhid.o
 .text.USBD_CUSTOM_HID_GetHSCfgDesc
                0x0000000008005780       0x20 ./Middlewares/ST/STM32_USB_Device_Library/Class/CustomHID/Src/usbd_customhid.o
 .text.USBD_CUSTOM_HID_GetOtherSpeedCfgDesc
                0x00000000080057a0       0x20 ./Middlewares/ST/STM32_USB_Device_Library/Class/CustomHID/Src/usbd_customhid.o
 .text.USBD_CUSTOM_HID_DataIn
                0x00000000080057c0       0x26 ./Middlewares/ST/STM32_USB_Device_Library/Class/CustomHID/Src/usbd_customhid.o
 .text.USBD_CUSTOM_HID_DataOut
                0x00000000080057e6       0x3a ./Middlewares/ST/STM32_USB_Device_Library/Class/CustomHID/Src/usbd_customhid.o
 .text.USBD_CUSTOM_HID_ReceivePacket
                0x0000000008005820       0x34 ./Middlewares/ST/STM32_USB_Device_Library/Class/CustomHID/Src/usbd_customhid.o
                0x0000000008005820                USBD_CUSTOM_HID_ReceivePacket
 .text.USBD_CUSTOM_HID_EP0_RxReady
                0x0000000008005854       0x40 ./Middlewares/ST/STM32_USB_Device_Library/Class/CustomHID/Src/usbd_customhid.o
 .text.USBD_CUSTOM_HID_GetDeviceQualifierDesc
                0x0000000008005894       0x20 ./Middlewares/ST/STM32_USB_Device_Library/Class/CustomHID/Src/usbd_customhid.o
 .text.USBD_CUSTOM_HID_RegisterInterface
                0x00000000080058b4       0x2a ./Middlewares/ST/STM32_USB_Device_Library/Class/CustomHID/Src/usbd_customhid.o
                0x00000000080058b4                USBD_CUSTOM_HID_RegisterInterface
 .text.USBD_Init
                0x00000000080058de       0x60 ./Middlewares/ST/STM32_USB_Device_Library/Core/Src/usbd_core.o
                0x00000000080058de                USBD_Init
 .text.USBD_RegisterClass
                0x000000000800593e       0x4e ./Middlewares/ST/STM32_USB_Device_Library/Core/Src/usbd_core.o
                0x000000000800593e                USBD_RegisterClass
 .text.USBD_Start
                0x000000000800598c       0x18 ./Middlewares/ST/STM32_USB_Device_Library/Core/Src/usbd_core.o
                0x000000000800598c                USBD_Start
 .text.USBD_RunTestMode
                0x00000000080059a4       0x16 ./Middlewares/ST/STM32_USB_Device_Library/Core/Src/usbd_core.o
                0x00000000080059a4                USBD_RunTestMode
 .text.USBD_SetClassConfig
                0x00000000080059ba       0x38 ./Middlewares/ST/STM32_USB_Device_Library/Core/Src/usbd_core.o
                0x00000000080059ba                USBD_SetClassConfig
 .text.USBD_ClrClassConfig
                0x00000000080059f2       0x30 ./Middlewares/ST/STM32_USB_Device_Library/Core/Src/usbd_core.o
                0x00000000080059f2                USBD_ClrClassConfig
 .text.USBD_LL_SetupStage
                0x0000000008005a22       0xaa ./Middlewares/ST/STM32_USB_Device_Library/Core/Src/usbd_core.o
                0x0000000008005a22                USBD_LL_SetupStage
 .text.USBD_LL_DataOutStage
                0x0000000008005acc       0xc6 ./Middlewares/ST/STM32_USB_Device_Library/Core/Src/usbd_core.o
                0x0000000008005acc                USBD_LL_DataOutStage
 .text.USBD_LL_DataInStage
                0x0000000008005b92      0x12c ./Middlewares/ST/STM32_USB_Device_Library/Core/Src/usbd_core.o
                0x0000000008005b92                USBD_LL_DataInStage
 .text.USBD_LL_Reset
                0x0000000008005cbe       0x9c ./Middlewares/ST/STM32_USB_Device_Library/Core/Src/usbd_core.o
                0x0000000008005cbe                USBD_LL_Reset
 .text.USBD_LL_SetSpeed
                0x0000000008005d5a       0x20 ./Middlewares/ST/STM32_USB_Device_Library/Core/Src/usbd_core.o
                0x0000000008005d5a                USBD_LL_SetSpeed
 .text.USBD_LL_Suspend
                0x0000000008005d7a       0x2c ./Middlewares/ST/STM32_USB_Device_Library/Core/Src/usbd_core.o
                0x0000000008005d7a                USBD_LL_Suspend
 .text.USBD_LL_Resume
                0x0000000008005da6       0x30 ./Middlewares/ST/STM32_USB_Device_Library/Core/Src/usbd_core.o
                0x0000000008005da6                USBD_LL_Resume
 .text.USBD_LL_SOF
                0x0000000008005dd6       0x44 ./Middlewares/ST/STM32_USB_Device_Library/Core/Src/usbd_core.o
                0x0000000008005dd6                USBD_LL_SOF
 .text.USBD_LL_IsoINIncomplete
                0x0000000008005e1a       0x4c ./Middlewares/ST/STM32_USB_Device_Library/Core/Src/usbd_core.o
                0x0000000008005e1a                USBD_LL_IsoINIncomplete
 .text.USBD_LL_IsoOUTIncomplete
                0x0000000008005e66       0x4c ./Middlewares/ST/STM32_USB_Device_Library/Core/Src/usbd_core.o
                0x0000000008005e66                USBD_LL_IsoOUTIncomplete
 .text.USBD_LL_DevConnected
                0x0000000008005eb2       0x16 ./Middlewares/ST/STM32_USB_Device_Library/Core/Src/usbd_core.o
                0x0000000008005eb2                USBD_LL_DevConnected
 .text.USBD_LL_DevDisconnected
                0x0000000008005ec8       0x38 ./Middlewares/ST/STM32_USB_Device_Library/Core/Src/usbd_core.o
                0x0000000008005ec8                USBD_LL_DevDisconnected
 .text.SWAPBYTE
                0x0000000008005f00       0x3c ./Middlewares/ST/STM32_USB_Device_Library/Core/Src/usbd_ctlreq.o
 .text.USBD_StdDevReq
                0x0000000008005f3c       0xdc ./Middlewares/ST/STM32_USB_Device_Library/Core/Src/usbd_ctlreq.o
                0x0000000008005f3c                USBD_StdDevReq
 .text.USBD_StdItfReq
                0x0000000008006018       0x92 ./Middlewares/ST/STM32_USB_Device_Library/Core/Src/usbd_ctlreq.o
                0x0000000008006018                USBD_StdItfReq
 .text.USBD_StdEPReq
                0x00000000080060aa      0x2c4 ./Middlewares/ST/STM32_USB_Device_Library/Core/Src/usbd_ctlreq.o
                0x00000000080060aa                USBD_StdEPReq
 *fill*         0x000000000800636e        0x2 
 .text.USBD_GetDescriptor
                0x0000000008006370      0x2d4 ./Middlewares/ST/STM32_USB_Device_Library/Core/Src/usbd_ctlreq.o
 .text.USBD_SetAddress
                0x0000000008006644       0x88 ./Middlewares/ST/STM32_USB_Device_Library/Core/Src/usbd_ctlreq.o
 .text.USBD_SetConfig
                0x00000000080066cc      0x14c ./Middlewares/ST/STM32_USB_Device_Library/Core/Src/usbd_ctlreq.o
 .text.USBD_GetConfig
                0x0000000008006818       0x6c ./Middlewares/ST/STM32_USB_Device_Library/Core/Src/usbd_ctlreq.o
 .text.USBD_GetStatus
                0x0000000008006884       0x68 ./Middlewares/ST/STM32_USB_Device_Library/Core/Src/usbd_ctlreq.o
 .text.USBD_SetFeature
                0x00000000080068ec       0x28 ./Middlewares/ST/STM32_USB_Device_Library/Core/Src/usbd_ctlreq.o
 .text.USBD_ClrFeature
                0x0000000008006914       0x44 ./Middlewares/ST/STM32_USB_Device_Library/Core/Src/usbd_ctlreq.o
 .text.USBD_ParseSetupRequest
                0x0000000008006958       0x74 ./Middlewares/ST/STM32_USB_Device_Library/Core/Src/usbd_ctlreq.o
                0x0000000008006958                USBD_ParseSetupRequest
 .text.USBD_CtlError
                0x00000000080069cc       0x22 ./Middlewares/ST/STM32_USB_Device_Library/Core/Src/usbd_ctlreq.o
                0x00000000080069cc                USBD_CtlError
 .text.USBD_GetString
                0x00000000080069ee       0x8c ./Middlewares/ST/STM32_USB_Device_Library/Core/Src/usbd_ctlreq.o
                0x00000000080069ee                USBD_GetString
 .text.USBD_GetLen
                0x0000000008006a7a       0x34 ./Middlewares/ST/STM32_USB_Device_Library/Core/Src/usbd_ctlreq.o
 .text.USBD_CtlSendData
                0x0000000008006aae       0x36 ./Middlewares/ST/STM32_USB_Device_Library/Core/Src/usbd_ioreq.o
                0x0000000008006aae                USBD_CtlSendData
 .text.USBD_CtlContinueSendData
                0x0000000008006ae4       0x22 ./Middlewares/ST/STM32_USB_Device_Library/Core/Src/usbd_ioreq.o
                0x0000000008006ae4                USBD_CtlContinueSendData
 .text.USBD_CtlPrepareRx
                0x0000000008006b06       0x3a ./Middlewares/ST/STM32_USB_Device_Library/Core/Src/usbd_ioreq.o
                0x0000000008006b06                USBD_CtlPrepareRx
 .text.USBD_CtlContinueRx
                0x0000000008006b40       0x22 ./Middlewares/ST/STM32_USB_Device_Library/Core/Src/usbd_ioreq.o
                0x0000000008006b40                USBD_CtlContinueRx
 .text.USBD_CtlSendStatus
                0x0000000008006b62       0x26 ./Middlewares/ST/STM32_USB_Device_Library/Core/Src/usbd_ioreq.o
                0x0000000008006b62                USBD_CtlSendStatus
 .text.USBD_CtlReceiveStatus
                0x0000000008006b88       0x26 ./Middlewares/ST/STM32_USB_Device_Library/Core/Src/usbd_ioreq.o
                0x0000000008006b88                USBD_CtlReceiveStatus
 *fill*         0x0000000008006bae        0x2 
 .text.MX_USB_DEVICE_Init
                0x0000000008006bb0       0x60 ./USB_DEVICE/App/usb_device.o
                0x0000000008006bb0                MX_USB_DEVICE_Init
 .text.CUSTOM_HID_Init_FS
                0x0000000008006c10       0x10 ./USB_DEVICE/App/usbd_custom_hid_if.o
 .text.CUSTOM_HID_DeInit_FS
                0x0000000008006c20       0x10 ./USB_DEVICE/App/usbd_custom_hid_if.o
 .text.CUSTOM_HID_OutEvent_FS
                0x0000000008006c30       0x1c ./USB_DEVICE/App/usbd_custom_hid_if.o
 .text.USBD_FS_DeviceDescriptor
                0x0000000008006c4c       0x24 ./USB_DEVICE/App/usbd_desc.o
                0x0000000008006c4c                USBD_FS_DeviceDescriptor
 .text.USBD_FS_LangIDStrDescriptor
                0x0000000008006c70       0x24 ./USB_DEVICE/App/usbd_desc.o
                0x0000000008006c70                USBD_FS_LangIDStrDescriptor
 .text.USBD_FS_ProductStrDescriptor
                0x0000000008006c94       0x3c ./USB_DEVICE/App/usbd_desc.o
                0x0000000008006c94                USBD_FS_ProductStrDescriptor
 .text.USBD_FS_ManufacturerStrDescriptor
                0x0000000008006cd0       0x28 ./USB_DEVICE/App/usbd_desc.o
                0x0000000008006cd0                USBD_FS_ManufacturerStrDescriptor
 .text.USBD_FS_SerialStrDescriptor
                0x0000000008006cf8       0x24 ./USB_DEVICE/App/usbd_desc.o
                0x0000000008006cf8                USBD_FS_SerialStrDescriptor
 .text.USBD_FS_ConfigStrDescriptor
                0x0000000008006d1c       0x3c ./USB_DEVICE/App/usbd_desc.o
                0x0000000008006d1c                USBD_FS_ConfigStrDescriptor
 .text.USBD_FS_InterfaceStrDescriptor
                0x0000000008006d58       0x3c ./USB_DEVICE/App/usbd_desc.o
                0x0000000008006d58                USBD_FS_InterfaceStrDescriptor
 .text.Get_SerialNum
                0x0000000008006d94       0x58 ./USB_DEVICE/App/usbd_desc.o
 .text.IntToUnicode
                0x0000000008006dec       0x7e ./USB_DEVICE/App/usbd_desc.o
 *fill*         0x0000000008006e6a        0x2 
 .text.HAL_PCD_MspInit
                0x0000000008006e6c       0xa8 ./USB_DEVICE/Target/usbd_conf.o
                0x0000000008006e6c                HAL_PCD_MspInit
 .text.HAL_PCD_SetupStageCallback
                0x0000000008006f14       0x24 ./USB_DEVICE/Target/usbd_conf.o
                0x0000000008006f14                HAL_PCD_SetupStageCallback
 .text.HAL_PCD_DataOutStageCallback
                0x0000000008006f38       0x36 ./USB_DEVICE/Target/usbd_conf.o
                0x0000000008006f38                HAL_PCD_DataOutStageCallback
 .text.HAL_PCD_DataInStageCallback
                0x0000000008006f6e       0x34 ./USB_DEVICE/Target/usbd_conf.o
                0x0000000008006f6e                HAL_PCD_DataInStageCallback
 .text.HAL_PCD_SOFCallback
                0x0000000008006fa2       0x1c ./USB_DEVICE/Target/usbd_conf.o
                0x0000000008006fa2                HAL_PCD_SOFCallback
 .text.HAL_PCD_ResetCallback
                0x0000000008006fbe       0x3c ./USB_DEVICE/Target/usbd_conf.o
                0x0000000008006fbe                HAL_PCD_ResetCallback
 *fill*         0x0000000008006ffa        0x2 
 .text.HAL_PCD_SuspendCallback
                0x0000000008006ffc       0x4c ./USB_DEVICE/Target/usbd_conf.o
                0x0000000008006ffc                HAL_PCD_SuspendCallback
 .text.HAL_PCD_ResumeCallback
                0x0000000008007048       0x1c ./USB_DEVICE/Target/usbd_conf.o
                0x0000000008007048                HAL_PCD_ResumeCallback
 .text.HAL_PCD_ISOOUTIncompleteCallback
                0x0000000008007064       0x24 ./USB_DEVICE/Target/usbd_conf.o
                0x0000000008007064                HAL_PCD_ISOOUTIncompleteCallback
 .text.HAL_PCD_ISOINIncompleteCallback
                0x0000000008007088       0x24 ./USB_DEVICE/Target/usbd_conf.o
                0x0000000008007088                HAL_PCD_ISOINIncompleteCallback
 .text.HAL_PCD_ConnectCallback
                0x00000000080070ac       0x1c ./USB_DEVICE/Target/usbd_conf.o
                0x00000000080070ac                HAL_PCD_ConnectCallback
 .text.HAL_PCD_DisconnectCallback
                0x00000000080070c8       0x1c ./USB_DEVICE/Target/usbd_conf.o
                0x00000000080070c8                HAL_PCD_DisconnectCallback
 .text.USBD_LL_Init
                0x00000000080070e4       0x98 ./USB_DEVICE/Target/usbd_conf.o
                0x00000000080070e4                USBD_LL_Init
 .text.USBD_LL_Start
                0x000000000800717c       0x36 ./USB_DEVICE/Target/usbd_conf.o
                0x000000000800717c                USBD_LL_Start
 .text.USBD_LL_OpenEP
                0x00000000080071b2       0x4c ./USB_DEVICE/Target/usbd_conf.o
                0x00000000080071b2                USBD_LL_OpenEP
 .text.USBD_LL_CloseEP
                0x00000000080071fe       0x3e ./USB_DEVICE/Target/usbd_conf.o
                0x00000000080071fe                USBD_LL_CloseEP
 .text.USBD_LL_StallEP
                0x000000000800723c       0x3e ./USB_DEVICE/Target/usbd_conf.o
                0x000000000800723c                USBD_LL_StallEP
 .text.USBD_LL_ClearStallEP
                0x000000000800727a       0x3e ./USB_DEVICE/Target/usbd_conf.o
                0x000000000800727a                USBD_LL_ClearStallEP
 .text.USBD_LL_IsStallEP
                0x00000000080072b8       0x58 ./USB_DEVICE/Target/usbd_conf.o
                0x00000000080072b8                USBD_LL_IsStallEP
 .text.USBD_LL_SetUSBAddress
                0x0000000008007310       0x3e ./USB_DEVICE/Target/usbd_conf.o
                0x0000000008007310                USBD_LL_SetUSBAddress
 .text.USBD_LL_Transmit
                0x000000000800734e       0x42 ./USB_DEVICE/Target/usbd_conf.o
                0x000000000800734e                USBD_LL_Transmit
 .text.USBD_LL_PrepareReceive
                0x0000000008007390       0x42 ./USB_DEVICE/Target/usbd_conf.o
                0x0000000008007390                USBD_LL_PrepareReceive
 .text.USBD_LL_GetRxDataSize
                0x00000000080073d2       0x26 ./USB_DEVICE/Target/usbd_conf.o
                0x00000000080073d2                USBD_LL_GetRxDataSize
 .text.USBD_static_malloc
                0x00000000080073f8       0x1c ./USB_DEVICE/Target/usbd_conf.o
                0x00000000080073f8                USBD_static_malloc
 .text.USBD_static_free
                0x0000000008007414       0x14 ./USB_DEVICE/Target/usbd_conf.o
                0x0000000008007414                USBD_static_free
 .text.USBD_Get_USB_Status
                0x0000000008007428       0x58 ./USB_DEVICE/Target/usbd_conf.o
                0x0000000008007428                USBD_Get_USB_Status
 .text._ZdlPvj  0x0000000008007480        0x4 c:/st/stm32cubeide_1.7.0/stm32cubeide/plugins/com.st.stm32cube.ide.mcu.externaltools.gnu-tools-for-stm32.9-2020-q2-update.win32_2.0.0.202105311346/tools/bin/../lib/gcc/arm-none-eabi/9.3.1/../../../../arm-none-eabi/lib/thumb/v7e-m+fp/hard\libstdc++_nano.a(del_ops.o)
                0x0000000008007480                operator delete(void*, unsigned int)
 .text._Znwj    0x0000000008007484       0x22 c:/st/stm32cubeide_1.7.0/stm32cubeide/plugins/com.st.stm32cube.ide.mcu.externaltools.gnu-tools-for-stm32.9-2020-q2-update.win32_2.0.0.202105311346/tools/bin/../lib/gcc/arm-none-eabi/9.3.1/../../../../arm-none-eabi/lib/thumb/v7e-m+fp/hard\libstdc++_nano.a(new_op.o)
                0x0000000008007484                operator new(unsigned int)
 .text._ZdlPv   0x00000000080074a6        0x4 c:/st/stm32cubeide_1.7.0/stm32cubeide/plugins/com.st.stm32cube.ide.mcu.externaltools.gnu-tools-for-stm32.9-2020-q2-update.win32_2.0.0.202105311346/tools/bin/../lib/gcc/arm-none-eabi/9.3.1/../../../../arm-none-eabi/lib/thumb/v7e-m+fp/hard\libstdc++_nano.a(del_op.o)
                0x00000000080074a6                operator delete(void*)
 *fill*         0x00000000080074aa        0x2 
 .text._ZSt15get_new_handlerv
                0x00000000080074ac       0x10 c:/st/stm32cubeide_1.7.0/stm32cubeide/plugins/com.st.stm32cube.ide.mcu.externaltools.gnu-tools-for-stm32.9-2020-q2-update.win32_2.0.0.202105311346/tools/bin/../lib/gcc/arm-none-eabi/9.3.1/../../../../arm-none-eabi/lib/thumb/v7e-m+fp/hard\libstdc++_nano.a(new_handler.o)
                0x00000000080074ac                std::get_new_handler()
 .text.abort    0x00000000080074bc        0xe c:/st/stm32cubeide_1.7.0/stm32cubeide/plugins/com.st.stm32cube.ide.mcu.externaltools.gnu-tools-for-stm32.9-2020-q2-update.win32_2.0.0.202105311346/tools/bin/../lib/gcc/arm-none-eabi/9.3.1/../../../../arm-none-eabi/lib/thumb/v7e-m+fp/hard\libc_nano.a(lib_a-abort.o)
                0x00000000080074bc                abort
 *fill*         0x00000000080074ca        0x2 
 .text.__errno  0x00000000080074cc        0xc c:/st/stm32cubeide_1.7.0/stm32cubeide/plugins/com.st.stm32cube.ide.mcu.externaltools.gnu-tools-for-stm32.9-2020-q2-update.win32_2.0.0.202105311346/tools/bin/../lib/gcc/arm-none-eabi/9.3.1/../../../../arm-none-eabi/lib/thumb/v7e-m+fp/hard\libc_nano.a(lib_a-errno.o)
                0x00000000080074cc                __errno
 .text.__libc_init_array
                0x00000000080074d8       0x48 c:/st/stm32cubeide_1.7.0/stm32cubeide/plugins/com.st.stm32cube.ide.mcu.externaltools.gnu-tools-for-stm32.9-2020-q2-update.win32_2.0.0.202105311346/tools/bin/../lib/gcc/arm-none-eabi/9.3.1/../../../../arm-none-eabi/lib/thumb/v7e-m+fp/hard\libc_nano.a(lib_a-init.o)
                0x00000000080074d8                __libc_init_array
 .text.malloc   0x0000000008007520       0x10 c:/st/stm32cubeide_1.7.0/stm32cubeide/plugins/com.st.stm32cube.ide.mcu.externaltools.gnu-tools-for-stm32.9-2020-q2-update.win32_2.0.0.202105311346/tools/bin/../lib/gcc/arm-none-eabi/9.3.1/../../../../arm-none-eabi/lib/thumb/v7e-m+fp/hard\libc_nano.a(lib_a-malloc.o)
                0x0000000008007520                malloc
 .text.free     0x0000000008007530       0x10 c:/st/stm32cubeide_1.7.0/stm32cubeide/plugins/com.st.stm32cube.ide.mcu.externaltools.gnu-tools-for-stm32.9-2020-q2-update.win32_2.0.0.202105311346/tools/bin/../lib/gcc/arm-none-eabi/9.3.1/../../../../arm-none-eabi/lib/thumb/v7e-m+fp/hard\libc_nano.a(lib_a-malloc.o)
                0x0000000008007530                free
 .text.memset   0x0000000008007540       0x10 c:/st/stm32cubeide_1.7.0/stm32cubeide/plugins/com.st.stm32cube.ide.mcu.externaltools.gnu-tools-for-stm32.9-2020-q2-update.win32_2.0.0.202105311346/tools/bin/../lib/gcc/arm-none-eabi/9.3.1/../../../../arm-none-eabi/lib/thumb/v7e-m+fp/hard\libc_nano.a(lib_a-memset.o)
                0x0000000008007540                memset
 .text._free_r  0x0000000008007550       0xa0 c:/st/stm32cubeide_1.7.0/stm32cubeide/plugins/com.st.stm32cube.ide.mcu.externaltools.gnu-tools-for-stm32.9-2020-q2-update.win32_2.0.0.202105311346/tools/bin/../lib/gcc/arm-none-eabi/9.3.1/../../../../arm-none-eabi/lib/thumb/v7e-m+fp/hard\libc_nano.a(lib_a-nano-freer.o)
                0x0000000008007550                _free_r
 .text._malloc_r
                0x00000000080075f0       0xb4 c:/st/stm32cubeide_1.7.0/stm32cubeide/plugins/com.st.stm32cube.ide.mcu.externaltools.gnu-tools-for-stm32.9-2020-q2-update.win32_2.0.0.202105311346/tools/bin/../lib/gcc/arm-none-eabi/9.3.1/../../../../arm-none-eabi/lib/thumb/v7e-m+fp/hard\libc_nano.a(lib_a-nano-mallocr.o)
                0x00000000080075f0                _malloc_r
 .text._sbrk_r  0x00000000080076a4       0x20 c:/st/stm32cubeide_1.7.0/stm32cubeide/plugins/com.st.stm32cube.ide.mcu.externaltools.gnu-tools-for-stm32.9-2020-q2-update.win32_2.0.0.202105311346/tools/bin/../lib/gcc/arm-none-eabi/9.3.1/../../../../arm-none-eabi/lib/thumb/v7e-m+fp/hard\libc_nano.a(lib_a-sbrkr.o)
                0x00000000080076a4                _sbrk_r
 .text._raise_r
                0x00000000080076c4       0x50 c:/st/stm32cubeide_1.7.0/stm32cubeide/plugins/com.st.stm32cube.ide.mcu.externaltools.gnu-tools-for-stm32.9-2020-q2-update.win32_2.0.0.202105311346/tools/bin/../lib/gcc/arm-none-eabi/9.3.1/../../../../arm-none-eabi/lib/thumb/v7e-m+fp/hard\libc_nano.a(lib_a-signal.o)
                0x00000000080076c4                _raise_r
 .text.raise    0x0000000008007714       0x10 c:/st/stm32cubeide_1.7.0/stm32cubeide/plugins/com.st.stm32cube.ide.mcu.externaltools.gnu-tools-for-stm32.9-2020-q2-update.win32_2.0.0.202105311346/tools/bin/../lib/gcc/arm-none-eabi/9.3.1/../../../../arm-none-eabi/lib/thumb/v7e-m+fp/hard\libc_nano.a(lib_a-signal.o)
                0x0000000008007714                raise
 .text._kill_r  0x0000000008007724       0x24 c:/st/stm32cubeide_1.7.0/stm32cubeide/plugins/com.st.stm32cube.ide.mcu.externaltools.gnu-tools-for-stm32.9-2020-q2-update.win32_2.0.0.202105311346/tools/bin/../lib/gcc/arm-none-eabi/9.3.1/../../../../arm-none-eabi/lib/thumb/v7e-m+fp/hard\libc_nano.a(lib_a-signalr.o)
                0x0000000008007724                _kill_r
 .text._getpid_r
                0x0000000008007748        0x4 c:/st/stm32cubeide_1.7.0/stm32cubeide/plugins/com.st.stm32cube.ide.mcu.externaltools.gnu-tools-for-stm32.9-2020-q2-update.win32_2.0.0.202105311346/tools/bin/../lib/gcc/arm-none-eabi/9.3.1/../../../../arm-none-eabi/lib/thumb/v7e-m+fp/hard\libc_nano.a(lib_a-signalr.o)
                0x0000000008007748                _getpid_r
 .text.__malloc_lock
                0x000000000800774c        0xc c:/st/stm32cubeide_1.7.0/stm32cubeide/plugins/com.st.stm32cube.ide.mcu.externaltools.gnu-tools-for-stm32.9-2020-q2-update.win32_2.0.0.202105311346/tools/bin/../lib/gcc/arm-none-eabi/9.3.1/../../../../arm-none-eabi/lib/thumb/v7e-m+fp/hard\libc_nano.a(lib_a-mlock.o)
                0x000000000800774c                __malloc_lock
 .text.__malloc_unlock
                0x0000000008007758        0xc c:/st/stm32cubeide_1.7.0/stm32cubeide/plugins/com.st.stm32cube.ide.mcu.externaltools.gnu-tools-for-stm32.9-2020-q2-update.win32_2.0.0.202105311346/tools/bin/../lib/gcc/arm-none-eabi/9.3.1/../../../../arm-none-eabi/lib/thumb/v7e-m+fp/hard\libc_nano.a(lib_a-mlock.o)
                0x0000000008007758                __malloc_unlock
 .text.__retarget_lock_acquire_recursive
                0x0000000008007764        0x2 c:/st/stm32cubeide_1.7.0/stm32cubeide/plugins/com.st.stm32cube.ide.mcu.externaltools.gnu-tools-for-stm32.9-2020-q2-update.win32_2.0.0.202105311346/tools/bin/../lib/gcc/arm-none-eabi/9.3.1/../../../../arm-none-eabi/lib/thumb/v7e-m+fp/hard\libc_nano.a(lib_a-lock.o)
                0x0000000008007764                __retarget_lock_acquire_recursive
 .text.__retarget_lock_release_recursive
                0x0000000008007766        0x2 c:/st/stm32cubeide_1.7.0/stm32cubeide/plugins/com.st.stm32cube.ide.mcu.externaltools.gnu-tools-for-stm32.9-2020-q2-update.win32_2.0.0.202105311346/tools/bin/../lib/gcc/arm-none-eabi/9.3.1/../../../../arm-none-eabi/lib/thumb/v7e-m+fp/hard\libc_nano.a(lib_a-lock.o)
                0x0000000008007766                __retarget_lock_release_recursive
 *(.glue_7)
 .glue_7        0x0000000008007768        0x0 linker stubs
 *(.glue_7t)
 .glue_7t       0x0000000008007768        0x0 linker stubs
 *(.eh_frame)
 .eh_frame      0x0000000008007768        0x0 c:/st/stm32cubeide_1.7.0/stm32cubeide/plugins/com.st.stm32cube.ide.mcu.externaltools.gnu-tools-for-stm32.9-2020-q2-update.win32_2.0.0.202105311346/tools/bin/../lib/gcc/arm-none-eabi/9.3.1/thumb/v7e-m+fp/hard/crtbegin.o
 *(.init)
 .init          0x0000000008007768        0x4 c:/st/stm32cubeide_1.7.0/stm32cubeide/plugins/com.st.stm32cube.ide.mcu.externaltools.gnu-tools-for-stm32.9-2020-q2-update.win32_2.0.0.202105311346/tools/bin/../lib/gcc/arm-none-eabi/9.3.1/thumb/v7e-m+fp/hard/crti.o
                0x0000000008007768                _init
 .init          0x000000000800776c        0x8 c:/st/stm32cubeide_1.7.0/stm32cubeide/plugins/com.st.stm32cube.ide.mcu.externaltools.gnu-tools-for-stm32.9-2020-q2-update.win32_2.0.0.202105311346/tools/bin/../lib/gcc/arm-none-eabi/9.3.1/thumb/v7e-m+fp/hard/crtn.o
 *(.fini)
 .fini          0x0000000008007774        0x4 c:/st/stm32cubeide_1.7.0/stm32cubeide/plugins/com.st.stm32cube.ide.mcu.externaltools.gnu-tools-for-stm32.9-2020-q2-update.win32_2.0.0.202105311346/tools/bin/../lib/gcc/arm-none-eabi/9.3.1/thumb/v7e-m+fp/hard/crti.o
                0x0000000008007774                _fini
 .fini          0x0000000008007778        0x8 c:/st/stm32cubeide_1.7.0/stm32cubeide/plugins/com.st.stm32cube.ide.mcu.externaltools.gnu-tools-for-stm32.9-2020-q2-update.win32_2.0.0.202105311346/tools/bin/../lib/gcc/arm-none-eabi/9.3.1/thumb/v7e-m+fp/hard/crtn.o
                0x0000000008007780                . = ALIGN (0x4)
                0x0000000008007780                _etext = .

.vfp11_veneer   0x0000000008007780        0x0
 .vfp11_veneer  0x0000000008007780        0x0 linker stubs

.v4_bx          0x0000000008007780        0x0
 .v4_bx         0x0000000008007780        0x0 linker stubs

.iplt           0x0000000008007780        0x0
 .iplt          0x0000000008007780        0x0 c:/st/stm32cubeide_1.7.0/stm32cubeide/plugins/com.st.stm32cube.ide.mcu.externaltools.gnu-tools-for-stm32.9-2020-q2-update.win32_2.0.0.202105311346/tools/bin/../lib/gcc/arm-none-eabi/9.3.1/thumb/v7e-m+fp/hard/crtbegin.o

.rodata         0x0000000008007780       0xbc
                0x0000000008007780                . = ALIGN (0x4)
 *(.rodata)
 .rodata        0x0000000008007780       0x45 ./USB_DEVICE/App/usbd_desc.o
 *(.rodata*)
 *fill*         0x00000000080077c5        0x3 
 .rodata._ZL10Map_DpadUp
                0x00000000080077c8        0x2 ./Core/Src/Xbox.o
 *fill*         0x00000000080077ca        0x2 
 .rodata._ZL12Map_DpadDown
                0x00000000080077cc        0x2 ./Core/Src/Xbox.o
 *fill*         0x00000000080077ce        0x2 
 .rodata._ZL12Map_DpadLeft
                0x00000000080077d0        0x2 ./Core/Src/Xbox.o
 *fill*         0x00000000080077d2        0x2 
 .rodata._ZL13Map_DpadRight
                0x00000000080077d4        0x2 ./Core/Src/Xbox.o
 *fill*         0x00000000080077d6        0x2 
 .rodata._ZL15Map_ButtonStart
                0x00000000080077d8        0x2 ./Core/Src/Xbox.o
 *fill*         0x00000000080077da        0x2 
 .rodata._ZL14Map_ButtonBack
                0x00000000080077dc        0x2 ./Core/Src/Xbox.o
 *fill*         0x00000000080077de        0x2 
 .rodata._ZL12Map_ButtonL3
                0x00000000080077e0        0x2 ./Core/Src/Xbox.o
 *fill*         0x00000000080077e2        0x2 
 .rodata._ZL12Map_ButtonR3
                0x00000000080077e4        0x2 ./Core/Src/Xbox.o
 *fill*         0x00000000080077e6        0x2 
 .rodata._ZL12Map_ButtonLB
                0x00000000080077e8        0x2 ./Core/Src/Xbox.o
 *fill*         0x00000000080077ea        0x2 
 .rodata._ZL12Map_ButtonRB
                0x00000000080077ec        0x2 ./Core/Src/Xbox.o
 *fill*         0x00000000080077ee        0x2 
 .rodata._ZL14Map_ButtonLogo
                0x00000000080077f0        0x2 ./Core/Src/Xbox.o
 *fill*         0x00000000080077f2        0x2 
 .rodata._ZL11Map_ButtonA
                0x00000000080077f4        0x2 ./Core/Src/Xbox.o
 *fill*         0x00000000080077f6        0x2 
 .rodata._ZL11Map_ButtonB
                0x00000000080077f8        0x2 ./Core/Src/Xbox.o
 *fill*         0x00000000080077fa        0x2 
 .rodata._ZL11Map_ButtonX
                0x00000000080077fc        0x2 ./Core/Src/Xbox.o
 *fill*         0x00000000080077fe        0x2 
 .rodata._ZL11Map_ButtonY
                0x0000000008007800        0x2 ./Core/Src/Xbox.o
 *fill*         0x0000000008007802        0x2 
 .rodata._ZN17XInputMap_Trigger5rangeE
                0x0000000008007804        0x8 ./Core/Src/Xbox.o
                0x0000000008007804                XInputMap_Trigger::range
 .rodata._ZL15Map_TriggerLeft
                0x000000000800780c        0x1 ./Core/Src/Xbox.o
 *fill*         0x000000000800780d        0x3 
 .rodata._ZL16Map_TriggerRight
                0x0000000008007810        0x1 ./Core/Src/Xbox.o
 *fill*         0x0000000008007811        0x3 
 .rodata._ZTV4Xbox
                0x0000000008007814       0x10 ./Core/Src/Xbox.o
                0x0000000008007814                vtable for Xbox
 .rodata.AHBPrescTable
                0x0000000008007824       0x10 ./Core/Src/system_stm32f4xx.o
                0x0000000008007824                AHBPrescTable
 .rodata.APBPrescTable
                0x0000000008007834        0x8 ./Core/Src/system_stm32f4xx.o
                0x0000000008007834                APBPrescTable
                0x000000000800783c                . = ALIGN (0x4)

.ARM.extab      0x000000000800783c        0x0
                0x000000000800783c                . = ALIGN (0x4)
 *(.ARM.extab* .gnu.linkonce.armextab.*)
                0x000000000800783c                . = ALIGN (0x4)

.ARM            0x000000000800783c        0x8
                0x000000000800783c                . = ALIGN (0x4)
                0x000000000800783c                __exidx_start = .
 *(.ARM.exidx*)
 .ARM.exidx     0x000000000800783c        0x8 c:/st/stm32cubeide_1.7.0/stm32cubeide/plugins/com.st.stm32cube.ide.mcu.externaltools.gnu-tools-for-stm32.9-2020-q2-update.win32_2.0.0.202105311346/tools/bin/../lib/gcc/arm-none-eabi/9.3.1/thumb/v7e-m+fp/hard\libgcc.a(_udivmoddi4.o)
                0x0000000008007844                __exidx_end = .
                0x0000000008007844                . = ALIGN (0x4)

.rel.dyn        0x0000000008007844        0x0
 .rel.iplt      0x0000000008007844        0x0 c:/st/stm32cubeide_1.7.0/stm32cubeide/plugins/com.st.stm32cube.ide.mcu.externaltools.gnu-tools-for-stm32.9-2020-q2-update.win32_2.0.0.202105311346/tools/bin/../lib/gcc/arm-none-eabi/9.3.1/thumb/v7e-m+fp/hard/crtbegin.o

.preinit_array  0x0000000008007844        0x0
                0x0000000008007844                . = ALIGN (0x4)
                0x0000000008007844                PROVIDE (__preinit_array_start = .)
 *(.preinit_array*)
                0x0000000008007844                PROVIDE (__preinit_array_end = .)
                0x0000000008007844                . = ALIGN (0x4)

.init_array     0x0000000008007844        0x4
                0x0000000008007844                . = ALIGN (0x4)
                0x0000000008007844                PROVIDE (__init_array_start = .)
 *(SORT_BY_NAME(.init_array.*))
 *(.init_array*)
 .init_array    0x0000000008007844        0x4 c:/st/stm32cubeide_1.7.0/stm32cubeide/plugins/com.st.stm32cube.ide.mcu.externaltools.gnu-tools-for-stm32.9-2020-q2-update.win32_2.0.0.202105311346/tools/bin/../lib/gcc/arm-none-eabi/9.3.1/thumb/v7e-m+fp/hard/crtbegin.o
                0x0000000008007848                PROVIDE (__init_array_end = .)
                0x0000000008007848                . = ALIGN (0x4)

.fini_array     0x0000000008007848        0x4
                0x0000000008007848                . = ALIGN (0x4)
                [!provide]                        PROVIDE (__fini_array_start = .)
 *(SORT_BY_NAME(.fini_array.*))
 *(.fini_array*)
 .fini_array    0x0000000008007848        0x4 c:/st/stm32cubeide_1.7.0/stm32cubeide/plugins/com.st.stm32cube.ide.mcu.externaltools.gnu-tools-for-stm32.9-2020-q2-update.win32_2.0.0.202105311346/tools/bin/../lib/gcc/arm-none-eabi/9.3.1/thumb/v7e-m+fp/hard/crtbegin.o
                [!provide]                        PROVIDE (__fini_array_end = .)
                0x000000000800784c                . = ALIGN (0x4)
                0x000000000800784c                _sidata = LOADADDR (.data)

.data           0x0000000020000000      0x3b8 load address 0x000000000800784c
                0x0000000020000000                . = ALIGN (0x4)
                0x0000000020000000                _sdata = .
 *(.data)
 *(.data*)
 .data.SystemCoreClock
                0x0000000020000000        0x4 ./Core/Src/system_stm32f4xx.o
                0x0000000020000000                SystemCoreClock
 .data.uwTickPrio
                0x0000000020000004        0x4 ./Drivers/STM32F4xx_HAL_Driver/Src/stm32f4xx_hal.o
                0x0000000020000004                uwTickPrio
 .data.uwTickFreq
                0x0000000020000008        0x1 ./Drivers/STM32F4xx_HAL_Driver/Src/stm32f4xx_hal.o
                0x0000000020000008                uwTickFreq
 *fill*         0x0000000020000009        0x3 
 .data.USBD_CUSTOM_HID
                0x000000002000000c       0x38 ./Middlewares/ST/STM32_USB_Device_Library/Class/CustomHID/Src/usbd_customhid.o
                0x000000002000000c                USBD_CUSTOM_HID
 .data.USBD_CUSTOM_HID_CfgFSDesc
                0x0000000020000044       0x99 ./Middlewares/ST/STM32_USB_Device_Library/Class/CustomHID/Src/usbd_customhid.o
 *fill*         0x00000000200000dd        0x3 
 .data.USBD_CUSTOM_HID_CfgHSDesc
                0x00000000200000e0       0x99 ./Middlewares/ST/STM32_USB_Device_Library/Class/CustomHID/Src/usbd_customhid.o
 *fill*         0x0000000020000179        0x3 
 .data.USBD_CUSTOM_HID_OtherSpeedCfgDesc
                0x000000002000017c       0x99 ./Middlewares/ST/STM32_USB_Device_Library/Class/CustomHID/Src/usbd_customhid.o
 *fill*         0x0000000020000215        0x3 
 .data.USBD_CUSTOM_HID_Desc
                0x0000000020000218        0x9 ./Middlewares/ST/STM32_USB_Device_Library/Class/CustomHID/Src/usbd_customhid.o
 *fill*         0x0000000020000221        0x3 
 .data.USBD_CUSTOM_HID_DeviceQualifierDesc
                0x0000000020000224        0xa ./Middlewares/ST/STM32_USB_Device_Library/Class/CustomHID/Src/usbd_customhid.o
 *fill*         0x000000002000022e        0x2 
 .data.CUSTOM_HID_ReportDesc_FS
                0x0000000020000230       0xc4 ./USB_DEVICE/App/usbd_custom_hid_if.o
 .data.USBD_CustomHID_fops_FS
                0x00000000200002f4       0x10 ./USB_DEVICE/App/usbd_custom_hid_if.o
                0x00000000200002f4                USBD_CustomHID_fops_FS
 .data.FS_Desc  0x0000000020000304       0x1c ./USB_DEVICE/App/usbd_desc.o
                0x0000000020000304                FS_Desc
 .data.USBD_FS_DeviceDesc
                0x0000000020000320       0x12 ./USB_DEVICE/App/usbd_desc.o
                0x0000000020000320                USBD_FS_DeviceDesc
 *fill*         0x0000000020000332        0x2 
 .data.USBD_LangIDDesc
                0x0000000020000334        0x4 ./USB_DEVICE/App/usbd_desc.o
                0x0000000020000334                USBD_LangIDDesc
 .data.USBD_StringSerial
                0x0000000020000338       0x1a ./USB_DEVICE/App/usbd_desc.o
                0x0000000020000338                USBD_StringSerial
 *fill*         0x0000000020000352        0x2 
 .data._impure_ptr
                0x0000000020000354        0x4 c:/st/stm32cubeide_1.7.0/stm32cubeide/plugins/com.st.stm32cube.ide.mcu.externaltools.gnu-tools-for-stm32.9-2020-q2-update.win32_2.0.0.202105311346/tools/bin/../lib/gcc/arm-none-eabi/9.3.1/../../../../arm-none-eabi/lib/thumb/v7e-m+fp/hard\libc_nano.a(lib_a-impure.o)
                0x0000000020000354                _impure_ptr
 .data.impure_data
                0x0000000020000358       0x60 c:/st/stm32cubeide_1.7.0/stm32cubeide/plugins/com.st.stm32cube.ide.mcu.externaltools.gnu-tools-for-stm32.9-2020-q2-update.win32_2.0.0.202105311346/tools/bin/../lib/gcc/arm-none-eabi/9.3.1/../../../../arm-none-eabi/lib/thumb/v7e-m+fp/hard\libc_nano.a(lib_a-impure.o)
 *(.RamFunc)
 *(.RamFunc*)
                0x00000000200003b8                . = ALIGN (0x4)
                0x00000000200003b8                _edata = .

.igot.plt       0x00000000200003b8        0x0 load address 0x0000000008007c04
 .igot.plt      0x00000000200003b8        0x0 c:/st/stm32cubeide_1.7.0/stm32cubeide/plugins/com.st.stm32cube.ide.mcu.externaltools.gnu-tools-for-stm32.9-2020-q2-update.win32_2.0.0.202105311346/tools/bin/../lib/gcc/arm-none-eabi/9.3.1/thumb/v7e-m+fp/hard/crtbegin.o
                0x00000000200003b8                . = ALIGN (0x4)

.bss            0x00000000200003b8      0xa14 load address 0x0000000008007c04
                0x00000000200003b8                _sbss = .
                0x00000000200003b8                __bss_start__ = _sbss
 *(.bss)
 .bss           0x00000000200003b8       0x1c c:/st/stm32cubeide_1.7.0/stm32cubeide/plugins/com.st.stm32cube.ide.mcu.externaltools.gnu-tools-for-stm32.9-2020-q2-update.win32_2.0.0.202105311346/tools/bin/../lib/gcc/arm-none-eabi/9.3.1/thumb/v7e-m+fp/hard/crtbegin.o
 *(.bss*)
 .bss.hadc1     0x00000000200003d4       0x48 ./Core/Src/main.o
                0x00000000200003d4                hadc1
 .bss.hi2c1     0x000000002000041c       0x54 ./Core/Src/main.o
                0x000000002000041c                hi2c1
 .bss.gamepad   0x0000000020000470        0x4 ./Core/Src/main.o
                0x0000000020000470                gamepad
 .bss.__sbrk_heap_end
                0x0000000020000474        0x4 ./Core/Src/sysmem.o
 .bss.cfgidx.10448
                0x0000000020000478        0x1 ./Middlewares/ST/STM32_USB_Device_Library/Core/Src/usbd_ctlreq.o
 *fill*         0x0000000020000479        0x3 
 .bss.mem.10499
                0x000000002000047c       0x58 ./USB_DEVICE/Target/usbd_conf.o
 .bss._ZN12_GLOBAL__N_113__new_handlerE
                0x00000000200004d4        0x4 c:/st/stm32cubeide_1.7.0/stm32cubeide/plugins/com.st.stm32cube.ide.mcu.externaltools.gnu-tools-for-stm32.9-2020-q2-update.win32_2.0.0.202105311346/tools/bin/../lib/gcc/arm-none-eabi/9.3.1/../../../../arm-none-eabi/lib/thumb/v7e-m+fp/hard\libstdc++_nano.a(new_handler.o)
 .bss.__malloc_free_list
                0x00000000200004d8        0x4 c:/st/stm32cubeide_1.7.0/stm32cubeide/plugins/com.st.stm32cube.ide.mcu.externaltools.gnu-tools-for-stm32.9-2020-q2-update.win32_2.0.0.202105311346/tools/bin/../lib/gcc/arm-none-eabi/9.3.1/../../../../arm-none-eabi/lib/thumb/v7e-m+fp/hard\libc_nano.a(lib_a-nano-mallocr.o)
                0x00000000200004d8                __malloc_free_list
 .bss.__malloc_sbrk_start
                0x00000000200004dc        0x4 c:/st/stm32cubeide_1.7.0/stm32cubeide/plugins/com.st.stm32cube.ide.mcu.externaltools.gnu-tools-for-stm32.9-2020-q2-update.win32_2.0.0.202105311346/tools/bin/../lib/gcc/arm-none-eabi/9.3.1/../../../../arm-none-eabi/lib/thumb/v7e-m+fp/hard\libc_nano.a(lib_a-nano-mallocr.o)
                0x00000000200004dc                __malloc_sbrk_start
 *(COMMON)
 COMMON         0x00000000200004e0        0x4 ./Drivers/STM32F4xx_HAL_Driver/Src/stm32f4xx_hal.o
                0x00000000200004e0                uwTick
 COMMON         0x00000000200004e4      0x2d0 ./USB_DEVICE/App/usb_device.o
                0x00000000200004e4                hUsbDeviceFS
 COMMON         0x00000000200007b4      0x200 ./USB_DEVICE/App/usbd_desc.o
                0x00000000200007b4                USBD_StrDesc
 COMMON         0x00000000200009b4      0x408 ./USB_DEVICE/Target/usbd_conf.o
                0x00000000200009b4                hpcd_USB_OTG_FS
 COMMON         0x0000000020000dbc        0x4 c:/st/stm32cubeide_1.7.0/stm32cubeide/plugins/com.st.stm32cube.ide.mcu.externaltools.gnu-tools-for-stm32.9-2020-q2-update.win32_2.0.0.202105311346/tools/bin/../lib/gcc/arm-none-eabi/9.3.1/../../../../arm-none-eabi/lib/thumb/v7e-m+fp/hard\libc_nano.a(lib_a-reent.o)
                0x0000000020000dbc                errno
 COMMON         0x0000000020000dc0        0x9 c:/st/stm32cubeide_1.7.0/stm32cubeide/plugins/com.st.stm32cube.ide.mcu.externaltools.gnu-tools-for-stm32.9-2020-q2-update.win32_2.0.0.202105311346/tools/bin/../lib/gcc/arm-none-eabi/9.3.1/../../../../arm-none-eabi/lib/thumb/v7e-m+fp/hard\libc_nano.a(lib_a-lock.o)
                0x0000000020000dc0                __lock___atexit_recursive_mutex
                0x0000000020000dc1                __lock___arc4random_mutex
                0x0000000020000dc2                __lock___env_recursive_mutex
                0x0000000020000dc3                __lock___sinit_recursive_mutex
                0x0000000020000dc4                __lock___malloc_recursive_mutex
                0x0000000020000dc5                __lock___at_quick_exit_mutex
                0x0000000020000dc6                __lock___dd_hash_mutex
                0x0000000020000dc7                __lock___tz_mutex
                0x0000000020000dc8                __lock___sfp_recursive_mutex
                0x0000000020000dcc                . = ALIGN (0x4)
 *fill*         0x0000000020000dc9        0x3 
                0x0000000020000dcc                _ebss = .
                0x0000000020000dcc                __bss_end__ = _ebss

._user_heap_stack
                0x0000000020000dcc      0x604 load address 0x0000000008007c04
                0x0000000020000dd0                . = ALIGN (0x8)
 *fill*         0x0000000020000dcc        0x4 
                [!provide]                        PROVIDE (end = .)
                0x0000000020000dd0                PROVIDE (_end = .)
                0x0000000020000fd0                . = (. + _Min_Heap_Size)
 *fill*         0x0000000020000dd0      0x200 
                0x00000000200013d0                . = (. + _Min_Stack_Size)
 *fill*         0x0000000020000fd0      0x400 
                0x00000000200013d0                . = ALIGN (0x8)

/DISCARD/
 libc.a(*)
 libm.a(*)
 libgcc.a(*)

.ARM.attributes
                0x0000000000000000       0x30
 *(.ARM.attributes)
 .ARM.attributes
                0x0000000000000000       0x1e c:/st/stm32cubeide_1.7.0/stm32cubeide/plugins/com.st.stm32cube.ide.mcu.externaltools.gnu-tools-for-stm32.9-2020-q2-update.win32_2.0.0.202105311346/tools/bin/../lib/gcc/arm-none-eabi/9.3.1/thumb/v7e-m+fp/hard/crti.o
 .ARM.attributes
                0x000000000000001e       0x34 c:/st/stm32cubeide_1.7.0/stm32cubeide/plugins/com.st.stm32cube.ide.mcu.externaltools.gnu-tools-for-stm32.9-2020-q2-update.win32_2.0.0.202105311346/tools/bin/../lib/gcc/arm-none-eabi/9.3.1/thumb/v7e-m+fp/hard/crtbegin.o
 .ARM.attributes
                0x0000000000000052       0x34 ./Core/Src/Xbox.o
 .ARM.attributes
                0x0000000000000086       0x34 ./Core/Src/main.o
 .ARM.attributes
                0x00000000000000ba       0x34 ./Core/Src/stm32f4xx_hal_msp.o
 .ARM.attributes
                0x00000000000000ee       0x34 ./Core/Src/stm32f4xx_it.o
 .ARM.attributes
                0x0000000000000122       0x34 ./Core/Src/syscalls.o
 .ARM.attributes
                0x0000000000000156       0x34 ./Core/Src/sysmem.o
 .ARM.attributes
                0x000000000000018a       0x34 ./Core/Src/system_stm32f4xx.o
 .ARM.attributes
                0x00000000000001be       0x34 ./Core/Src/usb_xinf.o
 .ARM.attributes
                0x00000000000001f2       0x21 ./Core/Startup/startup_stm32f401ccux.o
 .ARM.attributes
                0x0000000000000213       0x34 ./Drivers/STM32F4xx_HAL_Driver/Src/stm32f4xx_hal.o
 .ARM.attributes
                0x0000000000000247       0x34 ./Drivers/STM32F4xx_HAL_Driver/Src/stm32f4xx_hal_adc.o
 .ARM.attributes
                0x000000000000027b       0x34 ./Drivers/STM32F4xx_HAL_Driver/Src/stm32f4xx_hal_cortex.o
 .ARM.attributes
                0x00000000000002af       0x34 ./Drivers/STM32F4xx_HAL_Driver/Src/stm32f4xx_hal_gpio.o
 .ARM.attributes
                0x00000000000002e3       0x34 ./Drivers/STM32F4xx_HAL_Driver/Src/stm32f4xx_hal_i2c.o
 .ARM.attributes
                0x0000000000000317       0x34 ./Drivers/STM32F4xx_HAL_Driver/Src/stm32f4xx_hal_pcd.o
 .ARM.attributes
                0x000000000000034b       0x34 ./Drivers/STM32F4xx_HAL_Driver/Src/stm32f4xx_hal_pcd_ex.o
 .ARM.attributes
                0x000000000000037f       0x34 ./Drivers/STM32F4xx_HAL_Driver/Src/stm32f4xx_hal_rcc.o
 .ARM.attributes
                0x00000000000003b3       0x34 ./Drivers/STM32F4xx_HAL_Driver/Src/stm32f4xx_ll_usb.o
 .ARM.attributes
                0x00000000000003e7       0x34 ./Middlewares/ST/STM32_USB_Device_Library/Class/CustomHID/Src/usbd_customhid.o
 .ARM.attributes
                0x000000000000041b       0x34 ./Middlewares/ST/STM32_USB_Device_Library/Core/Src/usbd_core.o
 .ARM.attributes
                0x000000000000044f       0x34 ./Middlewares/ST/STM32_USB_Device_Library/Core/Src/usbd_ctlreq.o
 .ARM.attributes
                0x0000000000000483       0x34 ./Middlewares/ST/STM32_USB_Device_Library/Core/Src/usbd_ioreq.o
 .ARM.attributes
                0x00000000000004b7       0x34 ./USB_DEVICE/App/usb_device.o
 .ARM.attributes
                0x00000000000004eb       0x34 ./USB_DEVICE/App/usbd_custom_hid_if.o
 .ARM.attributes
                0x000000000000051f       0x34 ./USB_DEVICE/App/usbd_desc.o
 .ARM.attributes
                0x0000000000000553       0x34 ./USB_DEVICE/Target/usbd_conf.o
 .ARM.attributes
                0x0000000000000587       0x34 c:/st/stm32cubeide_1.7.0/stm32cubeide/plugins/com.st.stm32cube.ide.mcu.externaltools.gnu-tools-for-stm32.9-2020-q2-update.win32_2.0.0.202105311346/tools/bin/../lib/gcc/arm-none-eabi/9.3.1/../../../../arm-none-eabi/lib/thumb/v7e-m+fp/hard\libstdc++_nano.a(del_ops.o)
 .ARM.attributes
                0x00000000000005bb       0x34 c:/st/stm32cubeide_1.7.0/stm32cubeide/plugins/com.st.stm32cube.ide.mcu.externaltools.gnu-tools-for-stm32.9-2020-q2-update.win32_2.0.0.202105311346/tools/bin/../lib/gcc/arm-none-eabi/9.3.1/../../../../arm-none-eabi/lib/thumb/v7e-m+fp/hard\libstdc++_nano.a(new_op.o)
 .ARM.attributes
                0x00000000000005ef       0x34 c:/st/stm32cubeide_1.7.0/stm32cubeide/plugins/com.st.stm32cube.ide.mcu.externaltools.gnu-tools-for-stm32.9-2020-q2-update.win32_2.0.0.202105311346/tools/bin/../lib/gcc/arm-none-eabi/9.3.1/../../../../arm-none-eabi/lib/thumb/v7e-m+fp/hard\libstdc++_nano.a(del_op.o)
 .ARM.attributes
                0x0000000000000623       0x34 c:/st/stm32cubeide_1.7.0/stm32cubeide/plugins/com.st.stm32cube.ide.mcu.externaltools.gnu-tools-for-stm32.9-2020-q2-update.win32_2.0.0.202105311346/tools/bin/../lib/gcc/arm-none-eabi/9.3.1/../../../../arm-none-eabi/lib/thumb/v7e-m+fp/hard\libstdc++_nano.a(new_handler.o)
 .ARM.attributes
                0x0000000000000657       0x34 c:/st/stm32cubeide_1.7.0/stm32cubeide/plugins/com.st.stm32cube.ide.mcu.externaltools.gnu-tools-for-stm32.9-2020-q2-update.win32_2.0.0.202105311346/tools/bin/../lib/gcc/arm-none-eabi/9.3.1/../../../../arm-none-eabi/lib/thumb/v7e-m+fp/hard\libc_nano.a(lib_a-abort.o)
 .ARM.attributes
                0x000000000000068b       0x34 c:/st/stm32cubeide_1.7.0/stm32cubeide/plugins/com.st.stm32cube.ide.mcu.externaltools.gnu-tools-for-stm32.9-2020-q2-update.win32_2.0.0.202105311346/tools/bin/../lib/gcc/arm-none-eabi/9.3.1/../../../../arm-none-eabi/lib/thumb/v7e-m+fp/hard\libc_nano.a(lib_a-errno.o)
 .ARM.attributes
                0x00000000000006bf       0x32 c:/st/stm32cubeide_1.7.0/stm32cubeide/plugins/com.st.stm32cube.ide.mcu.externaltools.gnu-tools-for-stm32.9-2020-q2-update.win32_2.0.0.202105311346/tools/bin/../lib/gcc/arm-none-eabi/9.3.1/../../../../arm-none-eabi/lib/thumb/v7e-m+fp/hard\libc_nano.a(lib_a-impure.o)
 .ARM.attributes
                0x00000000000006f1       0x34 c:/st/stm32cubeide_1.7.0/stm32cubeide/plugins/com.st.stm32cube.ide.mcu.externaltools.gnu-tools-for-stm32.9-2020-q2-update.win32_2.0.0.202105311346/tools/bin/../lib/gcc/arm-none-eabi/9.3.1/../../../../arm-none-eabi/lib/thumb/v7e-m+fp/hard\libc_nano.a(lib_a-init.o)
 .ARM.attributes
                0x0000000000000725       0x34 c:/st/stm32cubeide_1.7.0/stm32cubeide/plugins/com.st.stm32cube.ide.mcu.externaltools.gnu-tools-for-stm32.9-2020-q2-update.win32_2.0.0.202105311346/tools/bin/../lib/gcc/arm-none-eabi/9.3.1/../../../../arm-none-eabi/lib/thumb/v7e-m+fp/hard\libc_nano.a(lib_a-malloc.o)
 .ARM.attributes
                0x0000000000000759       0x34 c:/st/stm32cubeide_1.7.0/stm32cubeide/plugins/com.st.stm32cube.ide.mcu.externaltools.gnu-tools-for-stm32.9-2020-q2-update.win32_2.0.0.202105311346/tools/bin/../lib/gcc/arm-none-eabi/9.3.1/../../../../arm-none-eabi/lib/thumb/v7e-m+fp/hard\libc_nano.a(lib_a-memset.o)
 .ARM.attributes
                0x000000000000078d       0x34 c:/st/stm32cubeide_1.7.0/stm32cubeide/plugins/com.st.stm32cube.ide.mcu.externaltools.gnu-tools-for-stm32.9-2020-q2-update.win32_2.0.0.202105311346/tools/bin/../lib/gcc/arm-none-eabi/9.3.1/../../../../arm-none-eabi/lib/thumb/v7e-m+fp/hard\libc_nano.a(lib_a-nano-freer.o)
 .ARM.attributes
                0x00000000000007c1       0x34 c:/st/stm32cubeide_1.7.0/stm32cubeide/plugins/com.st.stm32cube.ide.mcu.externaltools.gnu-tools-for-stm32.9-2020-q2-update.win32_2.0.0.202105311346/tools/bin/../lib/gcc/arm-none-eabi/9.3.1/../../../../arm-none-eabi/lib/thumb/v7e-m+fp/hard\libc_nano.a(lib_a-nano-mallocr.o)
 .ARM.attributes
                0x00000000000007f5       0x34 c:/st/stm32cubeide_1.7.0/stm32cubeide/plugins/com.st.stm32cube.ide.mcu.externaltools.gnu-tools-for-stm32.9-2020-q2-update.win32_2.0.0.202105311346/tools/bin/../lib/gcc/arm-none-eabi/9.3.1/../../../../arm-none-eabi/lib/thumb/v7e-m+fp/hard\libc_nano.a(lib_a-sbrkr.o)
 .ARM.attributes
                0x0000000000000829       0x34 c:/st/stm32cubeide_1.7.0/stm32cubeide/plugins/com.st.stm32cube.ide.mcu.externaltools.gnu-tools-for-stm32.9-2020-q2-update.win32_2.0.0.202105311346/tools/bin/../lib/gcc/arm-none-eabi/9.3.1/../../../../arm-none-eabi/lib/thumb/v7e-m+fp/hard\libc_nano.a(lib_a-signal.o)
 .ARM.attributes
                0x000000000000085d       0x34 c:/st/stm32cubeide_1.7.0/stm32cubeide/plugins/com.st.stm32cube.ide.mcu.externaltools.gnu-tools-for-stm32.9-2020-q2-update.win32_2.0.0.202105311346/tools/bin/../lib/gcc/arm-none-eabi/9.3.1/../../../../arm-none-eabi/lib/thumb/v7e-m+fp/hard\libc_nano.a(lib_a-signalr.o)
 .ARM.attributes
                0x0000000000000891       0x34 c:/st/stm32cubeide_1.7.0/stm32cubeide/plugins/com.st.stm32cube.ide.mcu.externaltools.gnu-tools-for-stm32.9-2020-q2-update.win32_2.0.0.202105311346/tools/bin/../lib/gcc/arm-none-eabi/9.3.1/../../../../arm-none-eabi/lib/thumb/v7e-m+fp/hard\libc_nano.a(lib_a-mlock.o)
 .ARM.attributes
                0x00000000000008c5       0x34 c:/st/stm32cubeide_1.7.0/stm32cubeide/plugins/com.st.stm32cube.ide.mcu.externaltools.gnu-tools-for-stm32.9-2020-q2-update.win32_2.0.0.202105311346/tools/bin/../lib/gcc/arm-none-eabi/9.3.1/../../../../arm-none-eabi/lib/thumb/v7e-m+fp/hard\libc_nano.a(lib_a-reent.o)
 .ARM.attributes
                0x00000000000008f9       0x34 c:/st/stm32cubeide_1.7.0/stm32cubeide/plugins/com.st.stm32cube.ide.mcu.externaltools.gnu-tools-for-stm32.9-2020-q2-update.win32_2.0.0.202105311346/tools/bin/../lib/gcc/arm-none-eabi/9.3.1/../../../../arm-none-eabi/lib/thumb/v7e-m+fp/hard\libc_nano.a(lib_a-lock.o)
 .ARM.attributes
                0x000000000000092d       0x1e c:/st/stm32cubeide_1.7.0/stm32cubeide/plugins/com.st.stm32cube.ide.mcu.externaltools.gnu-tools-for-stm32.9-2020-q2-update.win32_2.0.0.202105311346/tools/bin/../lib/gcc/arm-none-eabi/9.3.1/thumb/v7e-m+fp/hard\libgcc.a(_aeabi_uldivmod.o)
 .ARM.attributes
                0x000000000000094b       0x34 c:/st/stm32cubeide_1.7.0/stm32cubeide/plugins/com.st.stm32cube.ide.mcu.externaltools.gnu-tools-for-stm32.9-2020-q2-update.win32_2.0.0.202105311346/tools/bin/../lib/gcc/arm-none-eabi/9.3.1/thumb/v7e-m+fp/hard\libgcc.a(_udivmoddi4.o)
 .ARM.attributes
                0x000000000000097f       0x1e c:/st/stm32cubeide_1.7.0/stm32cubeide/plugins/com.st.stm32cube.ide.mcu.externaltools.gnu-tools-for-stm32.9-2020-q2-update.win32_2.0.0.202105311346/tools/bin/../lib/gcc/arm-none-eabi/9.3.1/thumb/v7e-m+fp/hard\libgcc.a(_dvmd_tls.o)
 .ARM.attributes
                0x000000000000099d       0x1e c:/st/stm32cubeide_1.7.0/stm32cubeide/plugins/com.st.stm32cube.ide.mcu.externaltools.gnu-tools-for-stm32.9-2020-q2-update.win32_2.0.0.202105311346/tools/bin/../lib/gcc/arm-none-eabi/9.3.1/thumb/v7e-m+fp/hard/crtn.o
OUTPUT(STMXInput.elf elf32-littlearm)
LOAD linker stubs
LOAD c:/st/stm32cubeide_1.7.0/stm32cubeide/plugins/com.st.stm32cube.ide.mcu.externaltools.gnu-tools-for-stm32.9-2020-q2-update.win32_2.0.0.202105311346/tools/bin/../lib/gcc/arm-none-eabi/9.3.1/../../../../arm-none-eabi/lib/thumb/v7e-m+fp/hard\libc.a
LOAD c:/st/stm32cubeide_1.7.0/stm32cubeide/plugins/com.st.stm32cube.ide.mcu.externaltools.gnu-tools-for-stm32.9-2020-q2-update.win32_2.0.0.202105311346/tools/bin/../lib/gcc/arm-none-eabi/9.3.1/../../../../arm-none-eabi/lib/thumb/v7e-m+fp/hard\libm.a
LOAD c:/st/stm32cubeide_1.7.0/stm32cubeide/plugins/com.st.stm32cube.ide.mcu.externaltools.gnu-tools-for-stm32.9-2020-q2-update.win32_2.0.0.202105311346/tools/bin/../lib/gcc/arm-none-eabi/9.3.1/thumb/v7e-m+fp/hard\libgcc.a

.debug_info     0x0000000000000000    0x1c7c4
 .debug_info    0x0000000000000000     0x2d2b ./Core/Src/Xbox.o
 .debug_info    0x0000000000002d2b     0x2755 ./Core/Src/main.o
 .debug_info    0x0000000000005480      0xda4 ./Core/Src/stm32f4xx_hal_msp.o
 .debug_info    0x0000000000006224      0x6db ./Core/Src/stm32f4xx_it.o
 .debug_info    0x00000000000068ff      0xfa8 ./Core/Src/syscalls.o
 .debug_info    0x00000000000078a7      0xa25 ./Core/Src/sysmem.o
 .debug_info    0x00000000000082cc      0x5d0 ./Core/Src/system_stm32f4xx.o
 .debug_info    0x000000000000889c     0x103c ./Core/Src/usb_xinf.o
 .debug_info    0x00000000000098d8       0x22 ./Core/Startup/startup_stm32f401ccux.o
 .debug_info    0x00000000000098fa      0x93d ./Drivers/STM32F4xx_HAL_Driver/Src/stm32f4xx_hal.o
 .debug_info    0x000000000000a237      0xdb4 ./Drivers/STM32F4xx_HAL_Driver/Src/stm32f4xx_hal_adc.o
 .debug_info    0x000000000000afeb      0xe41 ./Drivers/STM32F4xx_HAL_Driver/Src/stm32f4xx_hal_cortex.o
 .debug_info    0x000000000000be2c      0x862 ./Drivers/STM32F4xx_HAL_Driver/Src/stm32f4xx_hal_gpio.o
 .debug_info    0x000000000000c68e     0x2653 ./Drivers/STM32F4xx_HAL_Driver/Src/stm32f4xx_hal_i2c.o
 .debug_info    0x000000000000ece1     0x12d5 ./Drivers/STM32F4xx_HAL_Driver/Src/stm32f4xx_hal_pcd.o
 .debug_info    0x000000000000ffb6      0x7c3 ./Drivers/STM32F4xx_HAL_Driver/Src/stm32f4xx_hal_pcd_ex.o
 .debug_info    0x0000000000010779      0x9bd ./Drivers/STM32F4xx_HAL_Driver/Src/stm32f4xx_hal_rcc.o
 .debug_info    0x0000000000011136     0x1ab4 ./Drivers/STM32F4xx_HAL_Driver/Src/stm32f4xx_ll_usb.o
 .debug_info    0x0000000000012bea     0x141e ./Middlewares/ST/STM32_USB_Device_Library/Class/CustomHID/Src/usbd_customhid.o
 .debug_info    0x0000000000014008     0x13a7 ./Middlewares/ST/STM32_USB_Device_Library/Core/Src/usbd_core.o
 .debug_info    0x00000000000153af     0x1373 ./Middlewares/ST/STM32_USB_Device_Library/Core/Src/usbd_ctlreq.o
 .debug_info    0x0000000000016722     0x1095 ./Middlewares/ST/STM32_USB_Device_Library/Core/Src/usbd_ioreq.o
 .debug_info    0x00000000000177b7      0xfb0 ./USB_DEVICE/App/usb_device.o
 .debug_info    0x0000000000018767     0x102f ./USB_DEVICE/App/usbd_custom_hid_if.o
 .debug_info    0x0000000000019796      0xdf7 ./USB_DEVICE/App/usbd_desc.o
 .debug_info    0x000000000001a58d     0x2237 ./USB_DEVICE/Target/usbd_conf.o

.debug_abbrev   0x0000000000000000     0x4040
 .debug_abbrev  0x0000000000000000      0x667 ./Core/Src/Xbox.o
 .debug_abbrev  0x0000000000000667      0x451 ./Core/Src/main.o
 .debug_abbrev  0x0000000000000ab8      0x1ac ./Core/Src/stm32f4xx_hal_msp.o
 .debug_abbrev  0x0000000000000c64      0x184 ./Core/Src/stm32f4xx_it.o
 .debug_abbrev  0x0000000000000de8      0x286 ./Core/Src/syscalls.o
 .debug_abbrev  0x000000000000106e      0x1bf ./Core/Src/sysmem.o
 .debug_abbrev  0x000000000000122d      0x145 ./Core/Src/system_stm32f4xx.o
 .debug_abbrev  0x0000000000001372      0x240 ./Core/Src/usb_xinf.o
 .debug_abbrev  0x00000000000015b2       0x12 ./Core/Startup/startup_stm32f401ccux.o
 .debug_abbrev  0x00000000000015c4      0x21e ./Drivers/STM32F4xx_HAL_Driver/Src/stm32f4xx_hal.o
 .debug_abbrev  0x00000000000017e2      0x1ef ./Drivers/STM32F4xx_HAL_Driver/Src/stm32f4xx_hal_adc.o
 .debug_abbrev  0x00000000000019d1      0x33c ./Drivers/STM32F4xx_HAL_Driver/Src/stm32f4xx_hal_cortex.o
 .debug_abbrev  0x0000000000001d0d      0x1f1 ./Drivers/STM32F4xx_HAL_Driver/Src/stm32f4xx_hal_gpio.o
 .debug_abbrev  0x0000000000001efe      0x293 ./Drivers/STM32F4xx_HAL_Driver/Src/stm32f4xx_hal_i2c.o
 .debug_abbrev  0x0000000000002191      0x2a0 ./Drivers/STM32F4xx_HAL_Driver/Src/stm32f4xx_hal_pcd.o
 .debug_abbrev  0x0000000000002431      0x1fb ./Drivers/STM32F4xx_HAL_Driver/Src/stm32f4xx_hal_pcd_ex.o
 .debug_abbrev  0x000000000000262c      0x275 ./Drivers/STM32F4xx_HAL_Driver/Src/stm32f4xx_hal_rcc.o
 .debug_abbrev  0x00000000000028a1      0x2a7 ./Drivers/STM32F4xx_HAL_Driver/Src/stm32f4xx_ll_usb.o
 .debug_abbrev  0x0000000000002b48      0x2e0 ./Middlewares/ST/STM32_USB_Device_Library/Class/CustomHID/Src/usbd_customhid.o
 .debug_abbrev  0x0000000000002e28      0x2b7 ./Middlewares/ST/STM32_USB_Device_Library/Core/Src/usbd_core.o
 .debug_abbrev  0x00000000000030df      0x2fc ./Middlewares/ST/STM32_USB_Device_Library/Core/Src/usbd_ctlreq.o
 .debug_abbrev  0x00000000000033db      0x22a ./Middlewares/ST/STM32_USB_Device_Library/Core/Src/usbd_ioreq.o
 .debug_abbrev  0x0000000000003605      0x200 ./USB_DEVICE/App/usb_device.o
 .debug_abbrev  0x0000000000003805      0x254 ./USB_DEVICE/App/usbd_custom_hid_if.o
 .debug_abbrev  0x0000000000003a59      0x2bb ./USB_DEVICE/App/usbd_desc.o
 .debug_abbrev  0x0000000000003d14      0x32c ./USB_DEVICE/Target/usbd_conf.o

.debug_aranges  0x0000000000000000     0x1138
 .debug_aranges
                0x0000000000000000      0x188 ./Core/Src/Xbox.o
 .debug_aranges
                0x0000000000000188       0x68 ./Core/Src/main.o
 .debug_aranges
                0x00000000000001f0       0x40 ./Core/Src/stm32f4xx_hal_msp.o
 .debug_aranges
                0x0000000000000230       0x68 ./Core/Src/stm32f4xx_it.o
 .debug_aranges
                0x0000000000000298       0xa8 ./Core/Src/syscalls.o
 .debug_aranges
                0x0000000000000340       0x20 ./Core/Src/sysmem.o
 .debug_aranges
                0x0000000000000360       0x28 ./Core/Src/system_stm32f4xx.o
 .debug_aranges
                0x0000000000000388       0x38 ./Core/Src/usb_xinf.o
 .debug_aranges
                0x00000000000003c0       0x28 ./Core/Startup/startup_stm32f401ccux.o
 .debug_aranges
                0x00000000000003e8       0xf0 ./Drivers/STM32F4xx_HAL_Driver/Src/stm32f4xx_hal.o
 .debug_aranges