Archive member included to satisfy reference by file (symbol)

c:/st/stm32cubeide_1.7.0/stm32cubeide/plugins/com.st.stm32cube.ide.mcu.externaltools.gnu-tools-for-stm32.9-2020-q2-update.win32_2.0.0.202105311346/tools/bin/../lib/gcc/arm-none-eabi/9.3.1/../../../../arm-none-eabi/lib/thumb/v7e-m+fp/hard\libstdc++_nano.a(del_ops.o)
                              ./Core/Src/Xbox.o (operator delete(void*, unsigned int))
c:/st/stm32cubeide_1.7.0/stm32cubeide/plugins/com.st.stm32cube.ide.mcu.externaltools.gnu-tools-for-stm32.9-2020-q2-update.win32_2.0.0.202105311346/tools/bin/../lib/gcc/arm-none-eabi/9.3.1/../../../../arm-none-eabi/lib/thumb/v7e-m+fp/hard\libstdc++_nano.a(new_op.o)
                              ./Core/Src/main.o (operator new(unsigned int))
c:/st/stm32cubeide_1.7.0/stm32cubeide/plugins/com.st.stm32cube.ide.mcu.externaltools.gnu-tools-for-stm32.9-2020-q2-update.win32_2.0.0.202105311346/tools/bin/../lib/gcc/arm-none-eabi/9.3.1/../../../../arm-none-eabi/lib/thumb/v7e-m+fp/hard\libstdc++_nano.a(del_op.o)
                              c:/st/stm32cubeide_1.7.0/stm32cubeide/plugins/com.st.stm32cube.ide.mcu.externaltools.gnu-tools-for-stm32.9-2020-q2-update.win32_2.0.0.202105311346/tools/bin/../lib/gcc/arm-none-eabi/9.3.1/../../../../arm-none-eabi/lib/thumb/v7e-m+fp/hard\libstdc++_nano.a(del_ops.o) (operator delete(void*))
c:/st/stm32cubeide_1.7.0/stm32cubeide/plugins/com.st.stm32cube.ide.mcu.externaltools.gnu-tools-for-stm32.9-2020-q2-update.win32_2.0.0.202105311346/tools/bin/../lib/gcc/arm-none-eabi/9.3.1/../../../../arm-none-eabi/lib/thumb/v7e-m+fp/hard\libstdc++_nano.a(new_handler.o)
                              c:/st/stm32cubeide_1.7.0/stm32cubeide/plugins/com.st.stm32cube.ide.mcu.externaltools.gnu-tools-for-stm32.9-2020-q2-update.win32_2.0.0.202105311346/tools/bin/../lib/gcc/arm-none-eabi/9.3.1/../../../../arm-none-eabi/lib/thumb/v7e-m+fp/hard\libstdc++_nano.a(new_op.o) (std::get_new_handler())
c:/st/stm32cubeide_1.7.0/stm32cubeide/plugins/com.st.stm32cube.ide.mcu.externaltools.gnu-tools-for-stm32.9-2020-q2-update.win32_2.0.0.202105311346/tools/bin/../lib/gcc/arm-none-eabi/9.3.1/../../../../arm-none-eabi/lib/thumb/v7e-m+fp/hard\libc_nano.a(lib_a-abort.o)
                              c:/st/stm32cubeide_1.7.0/stm32cubeide/plugins/com.st.stm32cube.ide.mcu.externaltools.gnu-tools-for-stm32.9-2020-q2-update.win32_2.0.0.202105311346/tools/bin/../lib/gcc/arm-none-eabi/9.3.1/../../../../arm-none-eabi/lib/thumb/v7e-m+fp/hard\libstdc++_nano.a(new_op.o) (abort)
c:/st/stm32cubeide_1.7.0/stm32cubeide/plugins/com.st.stm32cube.ide.mcu.externaltools.gnu-tools-for-stm32.9-2020-q2-update.win32_2.0.0.202105311346/tools/bin/../lib/gcc/arm-none-eabi/9.3.1/../../../../arm-none-eabi/lib/thumb/v7e-m+fp/hard\libc_nano.a(lib_a-errno.o)
                              ./Core/Src/syscalls.o (__errno)
c:/st/stm32cubeide_1.7.0/stm32cubeide/plugins/com.st.stm32cube.ide.mcu.externaltools.gnu-tools-for-stm32.9-2020-q2-update.win32_2.0.0.202105311346/tools/bin/../lib/gcc/arm-none-eabi/9.3.1/../../../../arm-none-eabi/lib/thumb/v7e-m+fp/hard\libc_nano.a(lib_a-exit.o)
                              c:/st/stm32cubeide_1.7.0/stm32cubeide/plugins/com.st.stm32cube.ide.mcu.externaltools.gnu-tools-for-stm32.9-2020-q2-update.win32_2.0.0.202105311346/tools/bin/../lib/gcc/arm-none-eabi/9.3.1/../../../../arm-none-eabi/lib/thumb/v7e-m+fp/hard/crt0.o (exit)
c:/st/stm32cubeide_1.7.0/stm32cubeide/plugins/com.st.stm32cube.ide.mcu.externaltools.gnu-tools-for-stm32.9-2020-q2-update.win32_2.0.0.202105311346/tools/bin/../lib/gcc/arm-none-eabi/9.3.1/../../../../arm-none-eabi/lib/thumb/v7e-m+fp/hard\libc_nano.a(lib_a-impure.o)
                              c:/st/stm32cubeide_1.7.0/stm32cubeide/plugins/com.st.stm32cube.ide.mcu.externaltools.gnu-tools-for-stm32.9-2020-q2-update.win32_2.0.0.202105311346/tools/bin/../lib/gcc/arm-none-eabi/9.3.1/../../../../arm-none-eabi/lib/thumb/v7e-m+fp/hard\libc_nano.a(lib_a-exit.o) (_global_impure_ptr)
c:/st/stm32cubeide_1.7.0/stm32cubeide/plugins/com.st.stm32cube.ide.mcu.externaltools.gnu-tools-for-stm32.9-2020-q2-update.win32_2.0.0.202105311346/tools/bin/../lib/gcc/arm-none-eabi/9.3.1/../../../../arm-none-eabi/lib/thumb/v7e-m+fp/hard\libc_nano.a(lib_a-init.o)
                              c:/st/stm32cubeide_1.7.0/stm32cubeide/plugins/com.st.stm32cube.ide.mcu.externaltools.gnu-tools-for-stm32.9-2020-q2-update.win32_2.0.0.202105311346/tools/bin/../lib/gcc/arm-none-eabi/9.3.1/../../../../arm-none-eabi/lib/thumb/v7e-m+fp/hard/crt0.o (__libc_init_array)
c:/st/stm32cubeide_1.7.0/stm32cubeide/plugins/com.st.stm32cube.ide.mcu.externaltools.gnu-tools-for-stm32.9-2020-q2-update.win32_2.0.0.202105311346/tools/bin/../lib/gcc/arm-none-eabi/9.3.1/../../../../arm-none-eabi/lib/thumb/v7e-m+fp/hard\libc_nano.a(lib_a-malloc.o)
[...]
Memory Configuration

Name             Origin             Length             Attributes
RAM              0x0000000020000000 0x0000000000010000 xrw
FLASH            0x0000000008000000 0x0000000000040000 xr
*default*        0x0000000000000000 0xffffffffffffffff

Linker script and memory map

LOAD c:/st/stm32cubeide_1.7.0/stm32cubeide/plugins/com.st.stm32cube.ide.mcu.externaltools.gnu-tools-for-stm32.9-2020-q2-update.win32_2.0.0.202105311346/tools/bin/../lib/gcc/arm-none-eabi/9.3.1/thumb/v7e-m+fp/hard/crti.o
LOAD c:/st/stm32cubeide_1.7.0/stm32cubeide/plugins/com.st.stm32cube.ide.mcu.externaltools.gnu-tools-for-stm32.9-2020-q2-update.win32_2.0.0.202105311346/tools/bin/../lib/gcc/arm-none-eabi/9.3.1/thumb/v7e-m+fp/hard/crtbegin.o
LOAD c:/st/stm32cubeide_1.7.0/stm32cubeide/plugins/com.st.stm32cube.ide.mcu.externaltools.gnu-tools-for-stm32.9-2020-q2-update.win32_2.0.0.202105311346/tools/bin/../lib/gcc/arm-none-eabi/9.3.1/../../../../arm-none-eabi/lib/thumb/v7e-m+fp/hard/crt0.o
LOAD ./Core/Src/Xbox.o
LOAD ./Core/Src/main.o
LOAD ./Core/Src/stm32f4xx_hal_msp.o
LOAD ./Core/Src/stm32f4xx_it.o
LOAD ./Core/Src/syscalls.o
LOAD ./Core/Src/sysmem.o
LOAD ./Core/Src/system_stm32f4xx.o
LOAD ./Core/Src/usb_xinf.o
LOAD ./Core/Startup/startup_stm32f401ccux.o
LOAD ./Drivers/STM32F4xx_HAL_Driver/Src/stm32f4xx_hal.o
LOAD ./Drivers/STM32F4xx_HAL_Driver/Src/stm32f4xx_hal_cortex.o
LOAD ./Drivers/STM32F4xx_HAL_Driver/Src/stm32f4xx_hal_dma.o
LOAD ./Drivers/STM32F4xx_HAL_Driver/Src/stm32f4xx_hal_dma_ex.o
LOAD ./Drivers/STM32F4xx_HAL_Driver/Src/stm32f4xx_hal_exti.o
LOAD ./Drivers/STM32F4xx_HAL_Driver/Src/stm32f4xx_hal_flash.o
LOAD ./Drivers/STM32F4xx_HAL_Driver/Src/stm32f4xx_hal_flash_ex.o
LOAD ./Drivers/STM32F4xx_HAL_Driver/Src/stm32f4xx_hal_flash_ramfunc.o
LOAD ./Drivers/STM32F4xx_HAL_Driver/Src/stm32f4xx_hal_gpio.o
LOAD ./Drivers/STM32F4xx_HAL_Driver/Src/stm32f4xx_hal_pcd.o
LOAD ./Drivers/STM32F4xx_HAL_Driver/Src/stm32f4xx_hal_pcd_ex.o
LOAD ./Drivers/STM32F4xx_HAL_Driver/Src/stm32f4xx_hal_pwr.o
LOAD ./Drivers/STM32F4xx_HAL_Driver/Src/stm32f4xx_hal_pwr_ex.o
LOAD ./Drivers/STM32F4xx_HAL_Driver/Src/stm32f4xx_hal_rcc.o
LOAD ./Drivers/STM32F4xx_HAL_Driver/Src/stm32f4xx_hal_rcc_ex.o
LOAD ./Drivers/STM32F4xx_HAL_Driver/Src/stm32f4xx_hal_tim.o
LOAD ./Drivers/STM32F4xx_HAL_Driver/Src/stm32f4xx_hal_tim_ex.o
LOAD ./Drivers/STM32F4xx_HAL_Driver/Src/stm32f4xx_ll_usb.o
LOAD ./Middlewares/ST/STM32_USB_Device_Library/Class/CustomHID/Src/usbd_customhid.o
LOAD ./Middlewares/ST/STM32_USB_Device_Library/Core/Src/usbd_core.o
LOAD ./Middlewares/ST/STM32_USB_Device_Library/Core/Src/usbd_ctlreq.o
LOAD ./Middlewares/ST/STM32_USB_Device_Library/Core/Src/usbd_ioreq.o
LOAD ./USB_DEVICE/App/usb_device.o
LOAD ./USB_DEVICE/App/usbd_custom_hid_if.o
LOAD ./USB_DEVICE/App/usbd_desc.o
LOAD ./USB_DEVICE/Target/usbd_conf.o
START GROUP
LOAD c:/st/stm32cubeide_1.7.0/stm32cubeide/plugins/com.st.stm32cube.ide.mcu.externaltools.gnu-tools-for-stm32.9-2020-q2-update.win32_2.0.0.202105311346/tools/bin/../lib/gcc/arm-none-eabi/9.3.1/../../../../arm-none-eabi/lib/thumb/v7e-m+fp/hard\libstdc++_nano.a
LOAD c:/st/stm32cubeide_1.7.0/stm32cubeide/plugins/com.st.stm32cube.ide.mcu.externaltools.gnu-tools-for-stm32.9-2020-q2-update.win32_2.0.0.202105311346/tools/bin/../lib/gcc/arm-none-eabi/9.3.1/../../../../arm-none-eabi/lib/thumb/v7e-m+fp/hard\libsupc++_nano.a
END GROUP
LOAD c:/st/stm32cubeide_1.7.0/stm32cubeide/plugins/com.st.stm32cube.ide.mcu.externaltools.gnu-tools-for-stm32.9-2020-q2-update.win32_2.0.0.202105311346/tools/bin/../lib/gcc/arm-none-eabi/9.3.1/../../../../arm-none-eabi/lib/thumb/v7e-m+fp/hard\libstdc++_nano.a
LOAD c:/st/stm32cubeide_1.7.0/stm32cubeide/plugins/com.st.stm32cube.ide.mcu.externaltools.gnu-tools-for-stm32.9-2020-q2-update.win32_2.0.0.202105311346/tools/bin/../lib/gcc/arm-none-eabi/9.3.1/../../../../arm-none-eabi/lib/thumb/v7e-m+fp/hard\libm.a
LOAD c:/st/stm32cubeide_1.7.0/stm32cubeide/plugins/com.st.stm32cube.ide.mcu.externaltools.gnu-tools-for-stm32.9-2020-q2-update.win32_2.0.0.202105311346/tools/bin/../lib/gcc/arm-none-eabi/9.3.1/../../../../arm-none-eabi/lib/thumb/v7e-m+fp/hard\libc_nano.a
START GROUP
LOAD c:/st/stm32cubeide_1.7.0/stm32cubeide/plugins/com.st.stm32cube.ide.mcu.externaltools.gnu-tools-for-stm32.9-2020-q2-update.win32_2.0.0.202105311346/tools/bin/../lib/gcc/arm-none-eabi/9.3.1/thumb/v7e-m+fp/hard\libgcc.a
LOAD c:/st/stm32cubeide_1.7.0/stm32cubeide/plugins/com.st.stm32cube.ide.mcu.externaltools.gnu-tools-for-stm32.9-2020-q2-update.win32_2.0.0.202105311346/tools/bin/../lib/gcc/arm-none-eabi/9.3.1/../../../../arm-none-eabi/lib/thumb/v7e-m+fp/hard\libc_nano.a
END GROUP
START GROUP
LOAD c:/st/stm32cubeide_1.7.0/stm32cubeide/plugins/com.st.stm32cube.ide.mcu.externaltools.gnu-tools-for-stm32.9-2020-q2-update.win32_2.0.0.202105311346/tools/bin/../lib/gcc/arm-none-eabi/9.3.1/thumb/v7e-m+fp/hard\libgcc.a
LOAD c:/st/stm32cubeide_1.7.0/stm32cubeide/plugins/com.st.stm32cube.ide.mcu.externaltools.gnu-tools-for-stm32.9-2020-q2-update.win32_2.0.0.202105311346/tools/bin/../lib/gcc/arm-none-eabi/9.3.1/../../../../arm-none-eabi/lib/thumb/v7e-m+fp/hard\libc_nano.a
END GROUP
LOAD c:/st/stm32cubeide_1.7.0/stm32cubeide/plugins/com.st.stm32cube.ide.mcu.externaltools.gnu-tools-for-stm32.9-2020-q2-update.win32_2.0.0.202105311346/tools/bin/../lib/gcc/arm-none-eabi/9.3.1/thumb/v7e-m+fp/hard/crtend.o
LOAD c:/st/stm32cubeide_1.7.0/stm32cubeide/plugins/com.st.stm32cube.ide.mcu.externaltools.gnu-tools-for-stm32.9-2020-q2-update.win32_2.0.0.202105311346/tools/bin/../lib/gcc/arm-none-eabi/9.3.1/thumb/v7e-m+fp/hard/crtn.o
                0x0000000020010000                _estack = (ORIGIN (RAM) + LENGTH (RAM))
                0x0000000000000200                _Min_Heap_Size = 0x200
                0x0000000000000400                _Min_Stack_Size = 0x400

.isr_vector     0x0000000008000000      0x194
                0x0000000008000000                . = ALIGN (0x4)
 *(.isr_vector)
 .isr_vector    0x0000000008000000      0x194 ./Core/Startup/startup_stm32f401ccux.o
                0x0000000008000000                g_pfnVectors
                0x0000000008000194                . = ALIGN (0x4)

.text           0x0000000008000194     0x6be4
                0x0000000008000194                . = ALIGN (0x4)
 *(.text)
 .text          0x0000000008000194       0x40 c:/st/stm32cubeide_1.7.0/stm32cubeide/plugins/com.st.stm32cube.ide.mcu.externaltools.gnu-tools-for-stm32.9-2020-q2-update.win32_2.0.0.202105311346/tools/bin/../lib/gcc/arm-none-eabi/9.3.1/thumb/v7e-m+fp/hard/crtbegin.o
 .text          0x00000000080001d4       0x30 c:/st/stm32cubeide_1.7.0/stm32cubeide/plugins/com.st.stm32cube.ide.mcu.externaltools.gnu-tools-for-stm32.9-2020-q2-update.win32_2.0.0.202105311346/tools/bin/../lib/gcc/arm-none-eabi/9.3.1/thumb/v7e-m+fp/hard\libgcc.a(_aeabi_uldivmod.o)
                0x00000000080001d4                __aeabi_uldivmod
 .text          0x0000000008000204      0x2c4 c:/st/stm32cubeide_1.7.0/stm32cubeide/plugins/com.st.stm32cube.ide.mcu.externaltools.gnu-tools-for-stm32.9-2020-q2-update.win32_2.0.0.202105311346/tools/bin/../lib/gcc/arm-none-eabi/9.3.1/thumb/v7e-m+fp/hard\libgcc.a(_udivmoddi4.o)
                0x0000000008000204                __udivmoddi4
 .text          0x00000000080004c8        0x4 c:/st/stm32cubeide_1.7.0/stm32cubeide/plugins/com.st.stm32cube.ide.mcu.externaltools.gnu-tools-for-stm32.9-2020-q2-update.win32_2.0.0.202105311346/tools/bin/../lib/gcc/arm-none-eabi/9.3.1/thumb/v7e-m+fp/hard\libgcc.a(_dvmd_tls.o)
                0x00000000080004c8                __aeabi_idiv0
                0x00000000080004c8                __aeabi_ldiv0
 *(.text*)
 .text._ZN4XUSB4initEv
                0x00000000080004cc        0xc ./Core/Src/Xbox.o
                0x00000000080004cc                XUSB::init()
 .text._ZN4XUSB9availableEv
                0x00000000080004d8        0xe ./Core/Src/Xbox.o
                0x00000000080004d8                XUSB::available()
 .text._ZN4XUSB4sendEPhh
                0x00000000080004e6       0x20 ./Core/Src/Xbox.o
                0x00000000080004e6                XUSB::send(unsigned char*, unsigned char)
 .text._ZN4XUSB4recvEPhh
                0x0000000008000506       0x20 ./Core/Src/Xbox.o
                0x0000000008000506                XUSB::recv(unsigned char*, unsigned char)
 .text._ZN4Xbox8autosendEv
                0x0000000008000526       0x1e ./Core/Src/Xbox.o
                0x0000000008000526                Xbox::autosend()
 .text._Z3maplllll
                0x0000000008000544       0x38 ./Core/Src/Xbox.o
                0x0000000008000544                map(long, long, long, long, long)
 .text._Z17getButtonFromEnum13XInputControl
                0x000000000800057c       0xec ./Core/Src/Xbox.o
                0x000000000800057c                getButtonFromEnum(XInputControl)
 .text._Z18getTriggerFromEnum13XInputControl
                0x0000000008000668       0x34 ./Core/Src/Xbox.o
                0x0000000008000668                getTriggerFromEnum(XInputControl)
 .text._ZN4XboxC2Ev
                0x000000000800069c       0x6c ./Core/Src/Xbox.o
                0x000000000800069c                Xbox::Xbox()
                0x000000000800069c                Xbox::Xbox()
 .text._ZN4Xbox5beginEv
                0x0000000008000708       0x14 ./Core/Src/Xbox.o
                0x0000000008000708                Xbox::begin()
 .text._ZN4Xbox5pressEh
                0x000000000800071c       0x20 ./Core/Src/Xbox.o
                0x000000000800071c                Xbox::press(unsigned char)
 .text._ZN4Xbox9setButtonEhb
                0x000000000800073c       0xd6 ./Core/Src/Xbox.o
                0x000000000800073c                Xbox::setButton(unsigned char, bool)
 *fill*         0x0000000008000812        0x2 
 .text._ZN4Xbox10setTriggerE13XInputControll
                0x0000000008000814       0x84 ./Core/Src/Xbox.o
                0x0000000008000814                Xbox::setTrigger(XInputControl, long)
 .text._ZN4Xbox10releaseAllEv
                0x0000000008000898       0x30 ./Core/Src/Xbox.o
                0x0000000008000898                Xbox::releaseAll()
 .text._ZNK4Xbox9getButtonEh
                0x00000000080008c8       0x6e ./Core/Src/Xbox.o
                0x00000000080008c8                Xbox::getButton(unsigned char) const
 .text._ZNK4Xbox10getTriggerE13XInputControl
                0x0000000008000936       0x34 ./Core/Src/Xbox.o
                0x0000000008000936                Xbox::getTrigger(XInputControl) const
 .text._ZNK4Xbox13getLEDPatternEv
                0x000000000800096a       0x1a ./Core/Src/Xbox.o
                0x000000000800096a                Xbox::getLEDPattern() const
 .text._ZN4Xbox4sendEv
                0x0000000008000984       0x1e ./Core/Src/Xbox.o
                0x0000000008000984                Xbox::send()
 .text._ZN4Xbox7receiveEv
                0x00000000080009a2       0x88 ./Core/Src/Xbox.o
                0x00000000080009a2                Xbox::receive()
 *fill*         0x0000000008000a2a        0x2 
 .text._ZN4Xbox8parseLEDEh
                0x0000000008000a2c       0x88 ./Core/Src/Xbox.o
                0x0000000008000a2c                Xbox::parseLED(unsigned char)
 .text._ZN4Xbox16getRangeFromEnumE13XInputControl
                0x0000000008000ab4       0x54 ./Core/Src/Xbox.o
                0x0000000008000ab4                Xbox::getRangeFromEnum(XInputControl)
 .text._ZN4Xbox12rescaleInputElRKNS_5RangeES2_
                0x0000000008000b08       0x6e ./Core/Src/Xbox.o
                0x0000000008000b08                Xbox::rescaleInput(long, Xbox::Range const&, Xbox::Range const&)
 .text._ZN4Xbox15setTriggerRangeEll
                0x0000000008000b76       0x2c ./Core/Src/Xbox.o
                0x0000000008000b76                Xbox::setTriggerRange(long, long)
 .text._ZN4Xbox16setJoystickRangeEll
                0x0000000008000ba2       0x2c ./Core/Src/Xbox.o
                0x0000000008000ba2                Xbox::setJoystickRange(long, long)
 .text._ZN4Xbox8setRangeE13XInputControlll
                0x0000000008000bce       0x44 ./Core/Src/Xbox.o
                0x0000000008000bce                Xbox::setRange(XInputControl, long, long)
 *fill*         0x0000000008000c12        0x2 
 .text._ZN4Xbox5resetEv
                0x0000000008000c14       0x68 ./Core/Src/Xbox.o
                0x0000000008000c14                Xbox::reset()
 .text._ZN4XboxD2Ev
                0x0000000008000c7c       0x20 ./Core/Src/Xbox.o
                0x0000000008000c7c                Xbox::~Xbox()
                0x0000000008000c7c                Xbox::~Xbox()
 .text._ZN4XboxD0Ev
                0x0000000008000c9c       0x20 ./Core/Src/Xbox.o
                0x0000000008000c9c                Xbox::~Xbox()
 .text.main     0x0000000008000cbc       0xa4 ./Core/Src/main.o
                0x0000000008000cbc                main
 .text._Z18SystemClock_Configv
                0x0000000008000d60       0xe8 ./Core/Src/main.o
                0x0000000008000d60                SystemClock_Config()
 .text._ZL12MX_GPIO_Initv
                0x0000000008000e48       0x88 ./Core/Src/main.o
 .text.Error_Handler
                0x0000000008000ed0        0xa ./Core/Src/main.o
                0x0000000008000ed0                Error_Handler
 *fill*         0x0000000008000eda        0x2 
 .text.HAL_MspInit
                0x0000000008000edc       0x50 ./Core/Src/stm32f4xx_hal_msp.o
                0x0000000008000edc                HAL_MspInit
 .text.NMI_Handler
                0x0000000008000f2c        0x6 ./Core/Src/stm32f4xx_it.o
                0x0000000008000f2c                NMI_Handler
 .text.HardFault_Handler
                0x0000000008000f32        0x6 ./Core/Src/stm32f4xx_it.o
                0x0000000008000f32                HardFault_Handler
 .text.MemManage_Handler
                0x0000000008000f38        0x6 ./Core/Src/stm32f4xx_it.o
                0x0000000008000f38                MemManage_Handler
 .text.BusFault_Handler
                0x0000000008000f3e        0x6 ./Core/Src/stm32f4xx_it.o
                0x0000000008000f3e                BusFault_Handler
 .text.UsageFault_Handler
                0x0000000008000f44        0x6 ./Core/Src/stm32f4xx_it.o
                0x0000000008000f44                UsageFault_Handler
 .text.SVC_Handler
                0x0000000008000f4a        0xe ./Core/Src/stm32f4xx_it.o
                0x0000000008000f4a                SVC_Handler
 .text.DebugMon_Handler
                0x0000000008000f58        0xe ./Core/Src/stm32f4xx_it.o
                0x0000000008000f58                DebugMon_Handler
 .text.PendSV_Handler
                0x0000000008000f66        0xe ./Core/Src/stm32f4xx_it.o
                0x0000000008000f66                PendSV_Handler
 .text.SysTick_Handler
                0x0000000008000f74        0xc ./Core/Src/stm32f4xx_it.o
                0x0000000008000f74                SysTick_Handler
 .text.OTG_FS_IRQHandler
                0x0000000008000f80       0x14 ./Core/Src/stm32f4xx_it.o
                0x0000000008000f80                OTG_FS_IRQHandler
 .text._getpid  0x0000000008000f94       0x10 ./Core/Src/syscalls.o
                0x0000000008000f94                _getpid
 .text._kill    0x0000000008000fa4       0x20 ./Core/Src/syscalls.o
                0x0000000008000fa4                _kill
 .text._exit    0x0000000008000fc4       0x14 ./Core/Src/syscalls.o
                0x0000000008000fc4                _exit
 .text._sbrk    0x0000000008000fd8       0x6c ./Core/Src/sysmem.o
                0x0000000008000fd8                _sbrk
 .text.SystemInit
                0x0000000008001044       0x24 ./Core/Src/system_stm32f4xx.o
                0x0000000008001044                SystemInit
 .text.usb_xinput_available
                0x0000000008001068       0x18 ./Core/Src/usb_xinf.o
                0x0000000008001068                usb_xinput_available
 .text.usb_xinput_recv
                0x0000000008001080       0x34 ./Core/Src/usb_xinf.o
                0x0000000008001080                usb_xinput_recv
 .text.usb_xinput_send
                0x00000000080010b4       0x60 ./Core/Src/usb_xinf.o
                0x00000000080010b4                usb_xinput_send
 .text.usb_xinput_init
                0x0000000008001114        0xc ./Core/Src/usb_xinf.o
                0x0000000008001114                usb_xinput_init
 .text.Reset_Handler
                0x0000000008001120       0x50 ./Core/Startup/startup_stm32f401ccux.o
                0x0000000008001120                Reset_Handler
 .text.Default_Handler
                0x0000000008001170        0x2 ./Core/Startup/startup_stm32f401ccux.o
                0x0000000008001170                RTC_Alarm_IRQHandler
                0x0000000008001170                EXTI2_IRQHandler
                0x0000000008001170                SPI4_IRQHandler
                0x0000000008001170                TIM1_CC_IRQHandler
                0x0000000008001170                DMA2_Stream5_IRQHandler
                0x0000000008001170                DMA1_Stream5_IRQHandler
                0x0000000008001170                PVD_IRQHandler
                0x0000000008001170                SDIO_IRQHandler
                0x0000000008001170                TAMP_STAMP_IRQHandler
                0x0000000008001170                EXTI3_IRQHandler
                0x0000000008001170                TIM1_UP_TIM10_IRQHandler
                0x0000000008001170                I2C3_ER_IRQHandler
                0x0000000008001170                EXTI0_IRQHandler
                0x0000000008001170                I2C2_EV_IRQHandler
                0x0000000008001170                DMA1_Stream2_IRQHandler
                0x0000000008001170                FPU_IRQHandler
                0x0000000008001170                DMA2_Stream2_IRQHandler
                0x0000000008001170                SPI1_IRQHandler
                0x0000000008001170                TIM1_BRK_TIM9_IRQHandler
                0x0000000008001170                DMA2_Stream3_IRQHandler
                0x0000000008001170                USART6_IRQHandler
                0x0000000008001170                DMA2_Stream0_IRQHandler
                0x0000000008001170                TIM4_IRQHandler
                0x0000000008001170                I2C1_EV_IRQHandler
                0x0000000008001170                DMA1_Stream6_IRQHandler
                0x0000000008001170                DMA1_Stream1_IRQHandler
                0x0000000008001170                TIM3_IRQHandler
                0x0000000008001170                RCC_IRQHandler
                0x0000000008001170                Default_Handler
                0x0000000008001170                EXTI15_10_IRQHandler
                0x0000000008001170                ADC_IRQHandler
                0x0000000008001170                DMA1_Stream7_IRQHandler
                0x0000000008001170                TIM5_IRQHandler
                0x0000000008001170                DMA2_Stream7_IRQHandler
                0x0000000008001170                I2C3_EV_IRQHandler
                0x0000000008001170                EXTI9_5_IRQHandler
                0x0000000008001170                RTC_WKUP_IRQHandler
                0x0000000008001170                SPI2_IRQHandler
                0x0000000008001170                DMA1_Stream0_IRQHandler
                0x0000000008001170                EXTI4_IRQHandler
                0x0000000008001170                WWDG_IRQHandler
                0x0000000008001170                TIM2_IRQHandler
                0x0000000008001170                OTG_FS_WKUP_IRQHandler
                0x0000000008001170                TIM1_TRG_COM_TIM11_IRQHandler
                0x0000000008001170                EXTI1_IRQHandler
                0x0000000008001170                USART2_IRQHandler
                0x0000000008001170                I2C2_ER_IRQHandler
                0x0000000008001170                DMA2_Stream1_IRQHandler
                0x0000000008001170                FLASH_IRQHandler
                0x0000000008001170                DMA2_Stream4_IRQHandler
                0x0000000008001170                USART1_IRQHandler
                0x0000000008001170                SPI3_IRQHandler
                0x0000000008001170                DMA1_Stream4_IRQHandler
                0x0000000008001170                I2C1_ER_IRQHandler
                0x0000000008001170                DMA2_Stream6_IRQHandler
                0x0000000008001170                DMA1_Stream3_IRQHandler
 *fill*         0x0000000008001172        0x2 
 .text.HAL_Init
                0x0000000008001174       0x44 ./Drivers/STM32F4xx_HAL_Driver/Src/stm32f4xx_hal.o
                0x0000000008001174                HAL_Init
 .text.HAL_InitTick
                0x00000000080011b8       0x60 ./Drivers/STM32F4xx_HAL_Driver/Src/stm32f4xx_hal.o
                0x00000000080011b8                HAL_InitTick
 .text.HAL_IncTick
                0x0000000008001218       0x28 ./Drivers/STM32F4xx_HAL_Driver/Src/stm32f4xx_hal.o
                0x0000000008001218                HAL_IncTick
 .text.HAL_GetTick
                0x0000000008001240       0x18 ./Drivers/STM32F4xx_HAL_Driver/Src/stm32f4xx_hal.o
                0x0000000008001240                HAL_GetTick
 .text.HAL_Delay
                0x0000000008001258       0x48 ./Drivers/STM32F4xx_HAL_Driver/Src/stm32f4xx_hal.o
                0x0000000008001258                HAL_Delay
 .text.__NVIC_SetPriorityGrouping
                0x00000000080012a0       0x48 ./Drivers/STM32F4xx_HAL_Driver/Src/stm32f4xx_hal_cortex.o
 .text.__NVIC_GetPriorityGrouping
                0x00000000080012e8       0x1c ./Drivers/STM32F4xx_HAL_Driver/Src/stm32f4xx_hal_cortex.o
 .text.__NVIC_EnableIRQ
                0x0000000008001304       0x3c ./Drivers/STM32F4xx_HAL_Driver/Src/stm32f4xx_hal_cortex.o
 .text.__NVIC_SetPriority
                0x0000000008001340       0x54 ./Drivers/STM32F4xx_HAL_Driver/Src/stm32f4xx_hal_cortex.o
 .text.NVIC_EncodePriority
                0x0000000008001394       0x66 ./Drivers/STM32F4xx_HAL_Driver/Src/stm32f4xx_hal_cortex.o
 *fill*         0x00000000080013fa        0x2 
 .text.SysTick_Config
                0x00000000080013fc       0x44 ./Drivers/STM32F4xx_HAL_Driver/Src/stm32f4xx_hal_cortex.o
 .text.HAL_NVIC_SetPriorityGrouping
                0x0000000008001440       0x16 ./Drivers/STM32F4xx_HAL_Driver/Src/stm32f4xx_hal_cortex.o
                0x0000000008001440                HAL_NVIC_SetPriorityGrouping
 .text.HAL_NVIC_SetPriority
                0x0000000008001456       0x38 ./Drivers/STM32F4xx_HAL_Driver/Src/stm32f4xx_hal_cortex.o
                0x0000000008001456                HAL_NVIC_SetPriority
 .text.HAL_NVIC_EnableIRQ
                0x000000000800148e       0x1c ./Drivers/STM32F4xx_HAL_Driver/Src/stm32f4xx_hal_cortex.o
                0x000000000800148e                HAL_NVIC_EnableIRQ
 .text.HAL_SYSTICK_Config
                0x00000000080014aa       0x18 ./Drivers/STM32F4xx_HAL_Driver/Src/stm32f4xx_hal_cortex.o
                0x00000000080014aa                HAL_SYSTICK_Config
 *fill*         0x00000000080014c2        0x2 
 .text.HAL_GPIO_Init
                0x00000000080014c4      0x308 ./Drivers/STM32F4xx_HAL_Driver/Src/stm32f4xx_hal_gpio.o
                0x00000000080014c4                HAL_GPIO_Init
 .text.HAL_GPIO_WritePin
                0x00000000080017cc       0x32 ./Drivers/STM32F4xx_HAL_Driver/Src/stm32f4xx_hal_gpio.o
                0x00000000080017cc                HAL_GPIO_WritePin
 .text.HAL_PCD_Init
                0x00000000080017fe      0x23a ./Drivers/STM32F4xx_HAL_Driver/Src/stm32f4xx_hal_pcd.o
                0x00000000080017fe                HAL_PCD_Init
 .text.HAL_PCD_Start
                0x0000000008001a38       0x66 ./Drivers/STM32F4xx_HAL_Driver/Src/stm32f4xx_hal_pcd.o
                0x0000000008001a38                HAL_PCD_Start
 .text.HAL_PCD_IRQHandler
                0x0000000008001a9e      0x764 ./Drivers/STM32F4xx_HAL_Driver/Src/stm32f4xx_hal_pcd.o
                0x0000000008001a9e                HAL_PCD_IRQHandler
 .text.HAL_PCD_SetAddress
                0x0000000008002202       0x4a ./Drivers/STM32F4xx_HAL_Driver/Src/stm32f4xx_hal_pcd.o
                0x0000000008002202                HAL_PCD_SetAddress
 .text.HAL_PCD_EP_Open
                0x000000000800224c       0xd0 ./Drivers/STM32F4xx_HAL_Driver/Src/stm32f4xx_hal_pcd.o
                0x000000000800224c                HAL_PCD_EP_Open
 .text.HAL_PCD_EP_Close
                0x000000000800231c       0x94 ./Drivers/STM32F4xx_HAL_Driver/Src/stm32f4xx_hal_pcd.o
                0x000000000800231c                HAL_PCD_EP_Close
 .text.HAL_PCD_EP_Receive
                0x00000000080023b0       0x96 ./Drivers/STM32F4xx_HAL_Driver/Src/stm32f4xx_hal_pcd.o
                0x00000000080023b0                HAL_PCD_EP_Receive
 .text.HAL_PCD_EP_GetRxCount
                0x0000000008002446       0x30 ./Drivers/STM32F4xx_HAL_Driver/Src/stm32f4xx_hal_pcd.o
                0x0000000008002446                HAL_PCD_EP_GetRxCount
 .text.HAL_PCD_EP_Transmit
                0x0000000008002476       0x94 ./Drivers/STM32F4xx_HAL_Driver/Src/stm32f4xx_hal_pcd.o
                0x0000000008002476                HAL_PCD_EP_Transmit
 .text.HAL_PCD_EP_SetStall
                0x000000000800250a       0xc8 ./Drivers/STM32F4xx_HAL_Driver/Src/stm32f4xx_hal_pcd.o
                0x000000000800250a                HAL_PCD_EP_SetStall
 .text.HAL_PCD_EP_ClrStall
                0x00000000080025d2       0xac ./Drivers/STM32F4xx_HAL_Driver/Src/stm32f4xx_hal_pcd.o
                0x00000000080025d2                HAL_PCD_EP_ClrStall
 .text.PCD_WriteEmptyTxFifo
                0x000000000800267e      0x11a ./Drivers/STM32F4xx_HAL_Driver/Src/stm32f4xx_hal_pcd.o
 .text.PCD_EP_OutXfrComplete_int
                0x0000000008002798      0x218 ./Drivers/STM32F4xx_HAL_Driver/Src/stm32f4xx_hal_pcd.o
 .text.PCD_EP_OutSetupPacket_int
                0x00000000080029b0       0x8c ./Drivers/STM32F4xx_HAL_Driver/Src/stm32f4xx_hal_pcd.o
 .text.HAL_PCDEx_SetTxFiFo
                0x0000000008002a3c       0x8e ./Drivers/STM32F4xx_HAL_Driver/Src/stm32f4xx_hal_pcd_ex.o
                0x0000000008002a3c                HAL_PCDEx_SetTxFiFo
 .text.HAL_PCDEx_SetRxFiFo
                0x0000000008002aca       0x22 ./Drivers/STM32F4xx_HAL_Driver/Src/stm32f4xx_hal_pcd_ex.o
                0x0000000008002aca                HAL_PCDEx_SetRxFiFo
 .text.HAL_PCDEx_LPM_Callback
                0x0000000008002aec       0x18 ./Drivers/STM32F4xx_HAL_Driver/Src/stm32f4xx_hal_pcd_ex.o
                0x0000000008002aec                HAL_PCDEx_LPM_Callback
 .text.HAL_RCC_OscConfig
                0x0000000008002b04      0x4f0 ./Drivers/STM32F4xx_HAL_Driver/Src/stm32f4xx_hal_rcc.o
                0x0000000008002b04                HAL_RCC_OscConfig
 .text.HAL_RCC_ClockConfig
                0x0000000008002ff4      0x1cc ./Drivers/STM32F4xx_HAL_Driver/Src/stm32f4xx_hal_rcc.o
                0x0000000008002ff4                HAL_RCC_ClockConfig
 .text.HAL_RCC_GetSysClockFreq
                0x00000000080031c0      0x16c ./Drivers/STM32F4xx_HAL_Driver/Src/stm32f4xx_hal_rcc.o
                0x00000000080031c0                HAL_RCC_GetSysClockFreq
 .text.HAL_RCC_GetHCLKFreq
                0x000000000800332c       0x18 ./Drivers/STM32F4xx_HAL_Driver/Src/stm32f4xx_hal_rcc.o
                0x000000000800332c                HAL_RCC_GetHCLKFreq
 .text.USB_CoreInit
                0x0000000008003344       0xc2 ./Drivers/STM32F4xx_HAL_Driver/Src/stm32f4xx_ll_usb.o
                0x0000000008003344                USB_CoreInit
 *fill*         0x0000000008003406        0x2 
 .text.USB_SetTurnaroundTime
                0x0000000008003408      0x144 ./Drivers/STM32F4xx_HAL_Driver/Src/stm32f4xx_ll_usb.o
                0x0000000008003408                USB_SetTurnaroundTime
 .text.USB_EnableGlobalInt
                0x000000000800354c       0x22 ./Drivers/STM32F4xx_HAL_Driver/Src/stm32f4xx_ll_usb.o
                0x000000000800354c                USB_EnableGlobalInt
 .text.USB_DisableGlobalInt
                0x000000000800356e       0x22 ./Drivers/STM32F4xx_HAL_Driver/Src/stm32f4xx_ll_usb.o
                0x000000000800356e                USB_DisableGlobalInt
 .text.USB_SetCurrentMode
                0x0000000008003590       0x98 ./Drivers/STM32F4xx_HAL_Driver/Src/stm32f4xx_ll_usb.o
                0x0000000008003590                USB_SetCurrentMode
 .text.USB_DevInit
                0x0000000008003628      0x2c8 ./Drivers/STM32F4xx_HAL_Driver/Src/stm32f4xx_ll_usb.o
                0x0000000008003628                USB_DevInit
 .text.USB_FlushTxFifo
                0x00000000080038f0       0x48 ./Drivers/STM32F4xx_HAL_Driver/Src/stm32f4xx_ll_usb.o
                0x00000000080038f0                USB_FlushTxFifo
 .text.USB_FlushRxFifo
                0x0000000008003938       0x40 ./Drivers/STM32F4xx_HAL_Driver/Src/stm32f4xx_ll_usb.o
                0x0000000008003938                USB_FlushRxFifo
 .text.USB_SetDevSpeed
                0x0000000008003978       0x32 ./Drivers/STM32F4xx_HAL_Driver/Src/stm32f4xx_ll_usb.o
                0x0000000008003978                USB_SetDevSpeed
 .text.USB_GetDevSpeed
                0x00000000080039aa       0x4a ./Drivers/STM32F4xx_HAL_Driver/Src/stm32f4xx_ll_usb.o
                0x00000000080039aa                USB_GetDevSpeed
 .text.USB_ActivateEndpoint
                0x00000000080039f4      0x10e ./Drivers/STM32F4xx_HAL_Driver/Src/stm32f4xx_ll_usb.o
                0x00000000080039f4                USB_ActivateEndpoint
 *fill*         0x0000000008003b02        0x2 
 .text.USB_DeactivateEndpoint
                0x0000000008003b04      0x1b8 ./Drivers/STM32F4xx_HAL_Driver/Src/stm32f4xx_ll_usb.o
                0x0000000008003b04                USB_DeactivateEndpoint
 .text.USB_EPStartXfer
                0x0000000008003cbc      0x488 ./Drivers/STM32F4xx_HAL_Driver/Src/stm32f4xx_ll_usb.o
                0x0000000008003cbc                USB_EPStartXfer
 .text.USB_EP0StartXfer
                0x0000000008004144      0x2a6 ./Drivers/STM32F4xx_HAL_Driver/Src/stm32f4xx_ll_usb.o
                0x0000000008004144                USB_EP0StartXfer
 .text.USB_WritePacket
                0x00000000080043ea       0x7c ./Drivers/STM32F4xx_HAL_Driver/Src/stm32f4xx_ll_usb.o
                0x00000000080043ea                USB_WritePacket
 .text.USB_ReadPacket
                0x0000000008004466       0xb0 ./Drivers/STM32F4xx_HAL_Driver/Src/stm32f4xx_ll_usb.o
                0x0000000008004466                USB_ReadPacket
 .text.USB_EPSetStall
                0x0000000008004516       0xdc ./Drivers/STM32F4xx_HAL_Driver/Src/stm32f4xx_ll_usb.o
                0x0000000008004516                USB_EPSetStall
 .text.USB_EPClearStall
                0x00000000080045f2       0xcc ./Drivers/STM32F4xx_HAL_Driver/Src/stm32f4xx_ll_usb.o
                0x00000000080045f2                USB_EPClearStall
 .text.USB_SetDevAddress
                0x00000000080046be       0x4c ./Drivers/STM32F4xx_HAL_Driver/Src/stm32f4xx_ll_usb.o
                0x00000000080046be                USB_SetDevAddress
 .text.USB_DevConnect
                0x000000000800470a       0x42 ./Drivers/STM32F4xx_HAL_Driver/Src/stm32f4xx_ll_usb.o
                0x000000000800470a                USB_DevConnect
 .text.USB_DevDisconnect
                0x000000000800474c       0x42 ./Drivers/STM32F4xx_HAL_Driver/Src/stm32f4xx_ll_usb.o
                0x000000000800474c                USB_DevDisconnect
 .text.USB_ReadInterrupts
                0x000000000800478e       0x26 ./Drivers/STM32F4xx_HAL_Driver/Src/stm32f4xx_ll_usb.o
                0x000000000800478e                USB_ReadInterrupts
 .text.USB_ReadDevAllOutEpInterrupt
                0x00000000080047b4       0x34 ./Drivers/STM32F4xx_HAL_Driver/Src/stm32f4xx_ll_usb.o
                0x00000000080047b4                USB_ReadDevAllOutEpInterrupt
 .text.USB_ReadDevAllInEpInterrupt
                0x00000000080047e8       0x34 ./Drivers/STM32F4xx_HAL_Driver/Src/stm32f4xx_ll_usb.o
                0x00000000080047e8                USB_ReadDevAllInEpInterrupt
 .text.USB_ReadDevOutEPInterrupt
                0x000000000800481c       0x3c ./Drivers/STM32F4xx_HAL_Driver/Src/stm32f4xx_ll_usb.o
                0x000000000800481c                USB_ReadDevOutEPInterrupt
 .text.USB_ReadDevInEPInterrupt
                0x0000000008004858       0x5c ./Drivers/STM32F4xx_HAL_Driver/Src/stm32f4xx_ll_usb.o
                0x0000000008004858                USB_ReadDevInEPInterrupt
 .text.USB_GetMode
                0x00000000080048b4       0x1c ./Drivers/STM32F4xx_HAL_Driver/Src/stm32f4xx_ll_usb.o
                0x00000000080048b4                USB_GetMode
 .text.USB_ActivateSetup
                0x00000000080048d0       0x46 ./Drivers/STM32F4xx_HAL_Driver/Src/stm32f4xx_ll_usb.o
                0x00000000080048d0                USB_ActivateSetup
 *fill*         0x0000000008004916        0x2 
 .text.USB_EP0_OutStart
                0x0000000008004918       0xbc ./Drivers/STM32F4xx_HAL_Driver/Src/stm32f4xx_ll_usb.o
                0x0000000008004918                USB_EP0_OutStart
 .text.USB_CoreReset
                0x00000000080049d4       0x64 ./Drivers/STM32F4xx_HAL_Driver/Src/stm32f4xx_ll_usb.o
 .text.USBD_CUSTOM_HID_Init
                0x0000000008004a38       0xa2 ./Middlewares/ST/STM32_USB_Device_Library/Class/CustomHID/Src/usbd_customhid.o
 .text.USBD_CUSTOM_HID_DeInit
                0x0000000008004ada       0x6a ./Middlewares/ST/STM32_USB_Device_Library/Class/CustomHID/Src/usbd_customhid.o
 .text.USBD_CUSTOM_HID_Setup
                0x0000000008004b44      0x214 ./Middlewares/ST/STM32_USB_Device_Library/Class/CustomHID/Src/usbd_customhid.o
 .text.USBD_CUSTOM_HID_GetFSCfgDesc
                0x0000000008004d58       0x20 ./Middlewares/ST/STM32_USB_Device_Library/Class/CustomHID/Src/usbd_customhid.o
 .text.USBD_CUSTOM_HID_GetHSCfgDesc
                0x0000000008004d78       0x20 ./Middlewares/ST/STM32_USB_Device_Library/Class/CustomHID/Src/usbd_customhid.o
 .text.USBD_CUSTOM_HID_GetOtherSpeedCfgDesc
                0x0000000008004d98       0x20 ./Middlewares/ST/STM32_USB_Device_Library/Class/CustomHID/Src/usbd_customhid.o
 .text.USBD_CUSTOM_HID_DataIn
                0x0000000008004db8       0x26 ./Middlewares/ST/STM32_USB_Device_Library/Class/CustomHID/Src/usbd_customhid.o
 .text.USBD_CUSTOM_HID_DataOut
                0x0000000008004dde       0x3a ./Middlewares/ST/STM32_USB_Device_Library/Class/CustomHID/Src/usbd_customhid.o
 .text.USBD_CUSTOM_HID_ReceivePacket
                0x0000000008004e18       0x34 ./Middlewares/ST/STM32_USB_Device_Library/Class/CustomHID/Src/usbd_customhid.o
                0x0000000008004e18                USBD_CUSTOM_HID_ReceivePacket
 .text.USBD_CUSTOM_HID_EP0_RxReady
                0x0000000008004e4c       0x40 ./Middlewares/ST/STM32_USB_Device_Library/Class/CustomHID/Src/usbd_customhid.o
 .text.USBD_CUSTOM_HID_GetDeviceQualifierDesc
                0x0000000008004e8c       0x20 ./Middlewares/ST/STM32_USB_Device_Library/Class/CustomHID/Src/usbd_customhid.o
 .text.USBD_CUSTOM_HID_RegisterInterface
                0x0000000008004eac       0x2a ./Middlewares/ST/STM32_USB_Device_Library/Class/CustomHID/Src/usbd_customhid.o
                0x0000000008004eac                USBD_CUSTOM_HID_RegisterInterface
 .text.USBD_Init
                0x0000000008004ed6       0x60 ./Middlewares/ST/STM32_USB_Device_Library/Core/Src/usbd_core.o
                0x0000000008004ed6                USBD_Init
 .text.USBD_RegisterClass
                0x0000000008004f36       0x4e ./Middlewares/ST/STM32_USB_Device_Library/Core/Src/usbd_core.o
                0x0000000008004f36                USBD_RegisterClass
 .text.USBD_Start
                0x0000000008004f84       0x18 ./Middlewares/ST/STM32_USB_Device_Library/Core/Src/usbd_core.o
                0x0000000008004f84                USBD_Start
 .text.USBD_RunTestMode
                0x0000000008004f9c       0x16 ./Middlewares/ST/STM32_USB_Device_Library/Core/Src/usbd_core.o
                0x0000000008004f9c                USBD_RunTestMode
 .text.USBD_SetClassConfig
                0x0000000008004fb2       0x38 ./Middlewares/ST/STM32_USB_Device_Library/Core/Src/usbd_core.o
                0x0000000008004fb2                USBD_SetClassConfig
 .text.USBD_ClrClassConfig
                0x0000000008004fea       0x30 ./Middlewares/ST/STM32_USB_Device_Library/Core/Src/usbd_core.o
                0x0000000008004fea                USBD_ClrClassConfig
 .text.USBD_LL_SetupStage
                0x000000000800501a       0xaa ./Middlewares/ST/STM32_USB_Device_Library/Core/Src/usbd_core.o
                0x000000000800501a                USBD_LL_SetupStage
 .text.USBD_LL_DataOutStage
                0x00000000080050c4       0xc6 ./Middlewares/ST/STM32_USB_Device_Library/Core/Src/usbd_core.o
                0x00000000080050c4                USBD_LL_DataOutStage
 .text.USBD_LL_DataInStage
                0x000000000800518a      0x12c ./Middlewares/ST/STM32_USB_Device_Library/Core/Src/usbd_core.o
                0x000000000800518a                USBD_LL_DataInStage
 .text.USBD_LL_Reset
                0x00000000080052b6       0x9c ./Middlewares/ST/STM32_USB_Device_Library/Core/Src/usbd_core.o
                0x00000000080052b6                USBD_LL_Reset
 .text.USBD_LL_SetSpeed
                0x0000000008005352       0x20 ./Middlewares/ST/STM32_USB_Device_Library/Core/Src/usbd_core.o
                0x0000000008005352                USBD_LL_SetSpeed
 .text.USBD_LL_Suspend
                0x0000000008005372       0x2c ./Middlewares/ST/STM32_USB_Device_Library/Core/Src/usbd_core.o
                0x0000000008005372                USBD_LL_Suspend
 .text.USBD_LL_Resume
                0x000000000800539e       0x30 ./Middlewares/ST/STM32_USB_Device_Library/Core/Src/usbd_core.o
                0x000000000800539e                USBD_LL_Resume
 .text.USBD_LL_SOF
                0x00000000080053ce       0x44 ./Middlewares/ST/STM32_USB_Device_Library/Core/Src/usbd_core.o
                0x00000000080053ce                USBD_LL_SOF
 .text.USBD_LL_IsoINIncomplete
                0x0000000008005412       0x4c ./Middlewares/ST/STM32_USB_Device_Library/Core/Src/usbd_core.o
                0x0000000008005412                USBD_LL_IsoINIncomplete
 .text.USBD_LL_IsoOUTIncomplete
                0x000000000800545e       0x4c ./Middlewares/ST/STM32_USB_Device_Library/Core/Src/usbd_core.o
                0x000000000800545e                USBD_LL_IsoOUTIncomplete
 .text.USBD_LL_DevConnected
                0x00000000080054aa       0x16 ./Middlewares/ST/STM32_USB_Device_Library/Core/Src/usbd_core.o
                0x00000000080054aa                USBD_LL_DevConnected
 .text.USBD_LL_DevDisconnected
                0x00000000080054c0       0x38 ./Middlewares/ST/STM32_USB_Device_Library/Core/Src/usbd_core.o
                0x00000000080054c0                USBD_LL_DevDisconnected
 .text.SWAPBYTE
                0x00000000080054f8       0x3c ./Middlewares/ST/STM32_USB_Device_Library/Core/Src/usbd_ctlreq.o
 .text.USBD_StdDevReq
                0x0000000008005534       0xdc ./Middlewares/ST/STM32_USB_Device_Library/Core/Src/usbd_ctlreq.o
                0x0000000008005534                USBD_StdDevReq
 .text.USBD_StdItfReq
                0x0000000008005610       0x92 ./Middlewares/ST/STM32_USB_Device_Library/Core/Src/usbd_ctlreq.o
                0x0000000008005610                USBD_StdItfReq
 .text.USBD_StdEPReq
                0x00000000080056a2      0x2c4 ./Middlewares/ST/STM32_USB_Device_Library/Core/Src/usbd_ctlreq.o
                0x00000000080056a2                USBD_StdEPReq
 *fill*         0x0000000008005966        0x2 
 .text.USBD_GetDescriptor
                0x0000000008005968      0x2d4 ./Middlewares/ST/STM32_USB_Device_Library/Core/Src/usbd_ctlreq.o
 .text.USBD_SetAddress
                0x0000000008005c3c       0x88 ./Middlewares/ST/STM32_USB_Device_Library/Core/Src/usbd_ctlreq.o
 .text.USBD_SetConfig
                0x0000000008005cc4      0x14c ./Middlewares/ST/STM32_USB_Device_Library/Core/Src/usbd_ctlreq.o
 .text.USBD_GetConfig
                0x0000000008005e10       0x6c ./Middlewares/ST/STM32_USB_Device_Library/Core/Src/usbd_ctlreq.o
 .text.USBD_GetStatus
                0x0000000008005e7c       0x68 ./Middlewares/ST/STM32_USB_Device_Library/Core/Src/usbd_ctlreq.o
 .text.USBD_SetFeature
                0x0000000008005ee4       0x28 ./Middlewares/ST/STM32_USB_Device_Library/Core/Src/usbd_ctlreq.o
 .text.USBD_ClrFeature
                0x0000000008005f0c       0x44 ./Middlewares/ST/STM32_USB_Device_Library/Core/Src/usbd_ctlreq.o
 .text.USBD_ParseSetupRequest
                0x0000000008005f50       0x74 ./Middlewares/ST/STM32_USB_Device_Library/Core/Src/usbd_ctlreq.o
                0x0000000008005f50                USBD_ParseSetupRequest
 .text.USBD_CtlError
                0x0000000008005fc4       0x22 ./Middlewares/ST/STM32_USB_Device_Library/Core/Src/usbd_ctlreq.o
                0x0000000008005fc4                USBD_CtlError
 .text.USBD_GetString
                0x0000000008005fe6       0x8c ./Middlewares/ST/STM32_USB_Device_Library/Core/Src/usbd_ctlreq.o
                0x0000000008005fe6                USBD_GetString
 .text.USBD_GetLen
                0x0000000008006072       0x34 ./Middlewares/ST/STM32_USB_Device_Library/Core/Src/usbd_ctlreq.o
 .text.USBD_CtlSendData
                0x00000000080060a6       0x36 ./Middlewares/ST/STM32_USB_Device_Library/Core/Src/usbd_ioreq.o
                0x00000000080060a6                USBD_CtlSendData
 .text.USBD_CtlContinueSendData
                0x00000000080060dc       0x22 ./Middlewares/ST/STM32_USB_Device_Library/Core/Src/usbd_ioreq.o
                0x00000000080060dc                USBD_CtlContinueSendData
 .text.USBD_CtlPrepareRx
                0x00000000080060fe       0x3a ./Middlewares/ST/STM32_USB_Device_Library/Core/Src/usbd_ioreq.o
                0x00000000080060fe                USBD_CtlPrepareRx
 .text.USBD_CtlContinueRx
                0x0000000008006138       0x22 ./Middlewares/ST/STM32_USB_Device_Library/Core/Src/usbd_ioreq.o
                0x0000000008006138                USBD_CtlContinueRx
 .text.USBD_CtlSendStatus
                0x000000000800615a       0x26 ./Middlewares/ST/STM32_USB_Device_Library/Core/Src/usbd_ioreq.o
                0x000000000800615a                USBD_CtlSendStatus
 .text.USBD_CtlReceiveStatus
                0x0000000008006180       0x26 ./Middlewares/ST/STM32_USB_Device_Library/Core/Src/usbd_ioreq.o
                0x0000000008006180                USBD_CtlReceiveStatus
 *fill*         0x00000000080061a6        0x2 
 .text.MX_USB_DEVICE_Init
                0x00000000080061a8       0x60 ./USB_DEVICE/App/usb_device.o
                0x00000000080061a8                MX_USB_DEVICE_Init
 .text.CUSTOM_HID_Init_FS
                0x0000000008006208       0x10 ./USB_DEVICE/App/usbd_custom_hid_if.o
 .text.CUSTOM_HID_DeInit_FS
                0x0000000008006218       0x10 ./USB_DEVICE/App/usbd_custom_hid_if.o
 .text.CUSTOM_HID_OutEvent_FS
                0x0000000008006228       0x1c ./USB_DEVICE/App/usbd_custom_hid_if.o
 .text.USBD_FS_DeviceDescriptor
                0x0000000008006244       0x24 ./USB_DEVICE/App/usbd_desc.o
                0x0000000008006244                USBD_FS_DeviceDescriptor
 .text.USBD_FS_LangIDStrDescriptor
                0x0000000008006268       0x24 ./USB_DEVICE/App/usbd_desc.o
                0x0000000008006268                USBD_FS_LangIDStrDescriptor
 .text.USBD_FS_ProductStrDescriptor
                0x000000000800628c       0x3c ./USB_DEVICE/App/usbd_desc.o
                0x000000000800628c                USBD_FS_ProductStrDescriptor
 .text.USBD_FS_ManufacturerStrDescriptor
                0x00000000080062c8       0x28 ./USB_DEVICE/App/usbd_desc.o
                0x00000000080062c8                USBD_FS_ManufacturerStrDescriptor
 .text.USBD_FS_SerialStrDescriptor
                0x00000000080062f0       0x24 ./USB_DEVICE/App/usbd_desc.o
                0x00000000080062f0                USBD_FS_SerialStrDescriptor
 .text.USBD_FS_ConfigStrDescriptor
                0x0000000008006314       0x3c ./USB_DEVICE/App/usbd_desc.o
                0x0000000008006314                USBD_FS_ConfigStrDescriptor
 .text.USBD_FS_InterfaceStrDescriptor
                0x0000000008006350       0x3c ./USB_DEVICE/App/usbd_desc.o
                0x0000000008006350                USBD_FS_InterfaceStrDescriptor
 .text.Get_SerialNum
                0x000000000800638c       0x58 ./USB_DEVICE/App/usbd_desc.o
 .text.IntToUnicode
                0x00000000080063e4       0x7e ./USB_DEVICE/App/usbd_desc.o
 *fill*         0x0000000008006462        0x2 
 .text.HAL_PCD_MspInit
                0x0000000008006464       0xa8 ./USB_DEVICE/Target/usbd_conf.o
                0x0000000008006464                HAL_PCD_MspInit
 .text.HAL_PCD_SetupStageCallback
                0x000000000800650c       0x24 ./USB_DEVICE/Target/usbd_conf.o
                0x000000000800650c                HAL_PCD_SetupStageCallback
 .text.HAL_PCD_DataOutStageCallback
                0x0000000008006530       0x36 ./USB_DEVICE/Target/usbd_conf.o
                0x0000000008006530                HAL_PCD_DataOutStageCallback
 .text.HAL_PCD_DataInStageCallback
                0x0000000008006566       0x34 ./USB_DEVICE/Target/usbd_conf.o
                0x0000000008006566                HAL_PCD_DataInStageCallback
 .text.HAL_PCD_SOFCallback
                0x000000000800659a       0x1c ./USB_DEVICE/Target/usbd_conf.o
                0x000000000800659a                HAL_PCD_SOFCallback
 .text.HAL_PCD_ResetCallback
                0x00000000080065b6       0x3c ./USB_DEVICE/Target/usbd_conf.o
                0x00000000080065b6                HAL_PCD_ResetCallback
 *fill*         0x00000000080065f2        0x2 
 .text.HAL_PCD_SuspendCallback
                0x00000000080065f4       0x4c ./USB_DEVICE/Target/usbd_conf.o
                0x00000000080065f4                HAL_PCD_SuspendCallback
 .text.HAL_PCD_ResumeCallback
                0x0000000008006640       0x1c ./USB_DEVICE/Target/usbd_conf.o
                0x0000000008006640                HAL_PCD_ResumeCallback
 .text.HAL_PCD_ISOOUTIncompleteCallback
                0x000000000800665c       0x24 ./USB_DEVICE/Target/usbd_conf.o
                0x000000000800665c                HAL_PCD_ISOOUTIncompleteCallback
 .text.HAL_PCD_ISOINIncompleteCallback
                0x0000000008006680       0x24 ./USB_DEVICE/Target/usbd_conf.o
                0x0000000008006680                HAL_PCD_ISOINIncompleteCallback
 .text.HAL_PCD_ConnectCallback
                0x00000000080066a4       0x1c ./USB_DEVICE/Target/usbd_conf.o
                0x00000000080066a4                HAL_PCD_ConnectCallback
 .text.HAL_PCD_DisconnectCallback
                0x00000000080066c0       0x1c ./USB_DEVICE/Target/usbd_conf.o
                0x00000000080066c0                HAL_PCD_DisconnectCallback
 .text.USBD_LL_Init
                0x00000000080066dc       0x98 ./USB_DEVICE/Target/usbd_conf.o
                0x00000000080066dc                USBD_LL_Init
 .text.USBD_LL_Start
                0x0000000008006774       0x36 ./USB_DEVICE/Target/usbd_conf.o
                0x0000000008006774                USBD_LL_Start
 .text.USBD_LL_OpenEP
                0x00000000080067aa       0x4c ./USB_DEVICE/Target/usbd_conf.o
                0x00000000080067aa                USBD_LL_OpenEP
 .text.USBD_LL_CloseEP
                0x00000000080067f6       0x3e ./USB_DEVICE/Target/usbd_conf.o
                0x00000000080067f6                USBD_LL_CloseEP
 .text.USBD_LL_StallEP
                0x0000000008006834       0x3e ./USB_DEVICE/Target/usbd_conf.o
                0x0000000008006834                USBD_LL_StallEP
 .text.USBD_LL_ClearStallEP
                0x0000000008006872       0x3e ./USB_DEVICE/Target/usbd_conf.o
                0x0000000008006872                USBD_LL_ClearStallEP
 .text.USBD_LL_IsStallEP
                0x00000000080068b0       0x58 ./USB_DEVICE/Target/usbd_conf.o
                0x00000000080068b0                USBD_LL_IsStallEP
 .text.USBD_LL_SetUSBAddress
                0x0000000008006908       0x3e ./USB_DEVICE/Target/usbd_conf.o
                0x0000000008006908                USBD_LL_SetUSBAddress
 .text.USBD_LL_Transmit
                0x0000000008006946       0x42 ./USB_DEVICE/Target/usbd_conf.o
                0x0000000008006946                USBD_LL_Transmit
 .text.USBD_LL_PrepareReceive
                0x0000000008006988       0x42 ./USB_DEVICE/Target/usbd_conf.o
                0x0000000008006988                USBD_LL_PrepareReceive
 .text.USBD_LL_GetRxDataSize
                0x00000000080069ca       0x26 ./USB_DEVICE/Target/usbd_conf.o
                0x00000000080069ca                USBD_LL_GetRxDataSize
 .text.USBD_static_malloc
                0x00000000080069f0       0x1c ./USB_DEVICE/Target/usbd_conf.o
                0x00000000080069f0                USBD_static_malloc
 .text.USBD_static_free
                0x0000000008006a0c       0x14 ./USB_DEVICE/Target/usbd_conf.o
                0x0000000008006a0c                USBD_static_free
 .text.USBD_Get_USB_Status
                0x0000000008006a20       0x58 ./USB_DEVICE/Target/usbd_conf.o
                0x0000000008006a20                USBD_Get_USB_Status
 .text._ZdlPvj  0x0000000008006a78        0x4 c:/st/stm32cubeide_1.7.0/stm32cubeide/plugins/com.st.stm32cube.ide.mcu.externaltools.gnu-tools-for-stm32.9-2020-q2-update.win32_2.0.0.202105311346/tools/bin/../lib/gcc/arm-none-eabi/9.3.1/../../../../arm-none-eabi/lib/thumb/v7e-m+fp/hard\libstdc++_nano.a(del_ops.o)
                0x0000000008006a78                operator delete(void*, unsigned int)
 .text._Znwj    0x0000000008006a7c       0x22 c:/st/stm32cubeide_1.7.0/stm32cubeide/plugins/com.st.stm32cube.ide.mcu.externaltools.gnu-tools-for-stm32.9-2020-q2-update.win32_2.0.0.202105311346/tools/bin/../lib/gcc/arm-none-eabi/9.3.1/../../../../arm-none-eabi/lib/thumb/v7e-m+fp/hard\libstdc++_nano.a(new_op.o)
                0x0000000008006a7c                operator new(unsigned int)
 .text._ZdlPv   0x0000000008006a9e        0x4 c:/st/stm32cubeide_1.7.0/stm32cubeide/plugins/com.st.stm32cube.ide.mcu.externaltools.gnu-tools-for-stm32.9-2020-q2-update.win32_2.0.0.202105311346/tools/bin/../lib/gcc/arm-none-eabi/9.3.1/../../../../arm-none-eabi/lib/thumb/v7e-m+fp/hard\libstdc++_nano.a(del_op.o)
                0x0000000008006a9e                operator delete(void*)
 *fill*         0x0000000008006aa2        0x2 
 .text._ZSt15get_new_handlerv
                0x0000000008006aa4       0x10 c:/st/stm32cubeide_1.7.0/stm32cubeide/plugins/com.st.stm32cube.ide.mcu.externaltools.gnu-tools-for-stm32.9-2020-q2-update.win32_2.0.0.202105311346/tools/bin/../lib/gcc/arm-none-eabi/9.3.1/../../../../arm-none-eabi/lib/thumb/v7e-m+fp/hard\libstdc++_nano.a(new_handler.o)
                0x0000000008006aa4                std::get_new_handler()
 .text.abort    0x0000000008006ab4        0xe c:/st/stm32cubeide_1.7.0/stm32cubeide/plugins/com.st.stm32cube.ide.mcu.externaltools.gnu-tools-for-stm32.9-2020-q2-update.win32_2.0.0.202105311346/tools/bin/../lib/gcc/arm-none-eabi/9.3.1/../../../../arm-none-eabi/lib/thumb/v7e-m+fp/hard\libc_nano.a(lib_a-abort.o)
                0x0000000008006ab4                abort
 *fill*         0x0000000008006ac2        0x2 
 .text.__errno  0x0000000008006ac4        0xc c:/st/stm32cubeide_1.7.0/stm32cubeide/plugins/com.st.stm32cube.ide.mcu.externaltools.gnu-tools-for-stm32.9-2020-q2-update.win32_2.0.0.202105311346/tools/bin/../lib/gcc/arm-none-eabi/9.3.1/../../../../arm-none-eabi/lib/thumb/v7e-m+fp/hard\libc_nano.a(lib_a-errno.o)
                0x0000000008006ac4                __errno
 .text.__libc_init_array
                0x0000000008006ad0       0x48 c:/st/stm32cubeide_1.7.0/stm32cubeide/plugins/com.st.stm32cube.ide.mcu.externaltools.gnu-tools-for-stm32.9-2020-q2-update.win32_2.0.0.202105311346/tools/bin/../lib/gcc/arm-none-eabi/9.3.1/../../../../arm-none-eabi/lib/thumb/v7e-m+fp/hard\libc_nano.a(lib_a-init.o)
                0x0000000008006ad0                __libc_init_array
 .text.malloc   0x0000000008006b18       0x10 c:/st/stm32cubeide_1.7.0/stm32cubeide/plugins/com.st.stm32cube.ide.mcu.externaltools.gnu-tools-for-stm32.9-2020-q2-update.win32_2.0.0.202105311346/tools/bin/../lib/gcc/arm-none-eabi/9.3.1/../../../../arm-none-eabi/lib/thumb/v7e-m+fp/hard\libc_nano.a(lib_a-malloc.o)
                0x0000000008006b18                malloc
 .text.free     0x0000000008006b28       0x10 c:/st/stm32cubeide_1.7.0/stm32cubeide/plugins/com.st.stm32cube.ide.mcu.externaltools.gnu-tools-for-stm32.9-2020-q2-update.win32_2.0.0.202105311346/tools/bin/../lib/gcc/arm-none-eabi/9.3.1/../../../../arm-none-eabi/lib/thumb/v7e-m+fp/hard\libc_nano.a(lib_a-malloc.o)
                0x0000000008006b28                free
 .text.memset   0x0000000008006b38       0x10 c:/st/stm32cubeide_1.7.0/stm32cubeide/plugins/com.st.stm32cube.ide.mcu.externaltools.gnu-tools-for-stm32.9-2020-q2-update.win32_2.0.0.202105311346/tools/bin/../lib/gcc/arm-none-eabi/9.3.1/../../../../arm-none-eabi/lib/thumb/v7e-m+fp/hard\libc_nano.a(lib_a-memset.o)
                0x0000000008006b38                memset
 .text._free_r  0x0000000008006b48       0xa0 c:/st/stm32cubeide_1.7.0/stm32cubeide/plugins/com.st.stm32cube.ide.mcu.externaltools.gnu-tools-for-stm32.9-2020-q2-update.win32_2.0.0.202105311346/tools/bin/../lib/gcc/arm-none-eabi/9.3.1/../../../../arm-none-eabi/lib/thumb/v7e-m+fp/hard\libc_nano.a(lib_a-nano-freer.o)
                0x0000000008006b48                _free_r
 .text._malloc_r
                0x0000000008006be8       0xb4 c:/st/stm32cubeide_1.7.0/stm32cubeide/plugins/com.st.stm32cube.ide.mcu.externaltools.gnu-tools-for-stm32.9-2020-q2-update.win32_2.0.0.202105311346/tools/bin/../lib/gcc/arm-none-eabi/9.3.1/../../../../arm-none-eabi/lib/thumb/v7e-m+fp/hard\libc_nano.a(lib_a-nano-mallocr.o)
                0x0000000008006be8                _malloc_r
 .text._sbrk_r  0x0000000008006c9c       0x20 c:/st/stm32cubeide_1.7.0/stm32cubeide/plugins/com.st.stm32cube.ide.mcu.externaltools.gnu-tools-for-stm32.9-2020-q2-update.win32_2.0.0.202105311346/tools/bin/../lib/gcc/arm-none-eabi/9.3.1/../../../../arm-none-eabi/lib/thumb/v7e-m+fp/hard\libc_nano.a(lib_a-sbrkr.o)
                0x0000000008006c9c                _sbrk_r
 .text._raise_r
                0x0000000008006cbc       0x50 c:/st/stm32cubeide_1.7.0/stm32cubeide/plugins/com.st.stm32cube.ide.mcu.externaltools.gnu-tools-for-stm32.9-2020-q2-update.win32_2.0.0.202105311346/tools/bin/../lib/gcc/arm-none-eabi/9.3.1/../../../../arm-none-eabi/lib/thumb/v7e-m+fp/hard\libc_nano.a(lib_a-signal.o)
                0x0000000008006cbc                _raise_r
 .text.raise    0x0000000008006d0c       0x10 c:/st/stm32cubeide_1.7.0/stm32cubeide/plugins/com.st.stm32cube.ide.mcu.externaltools.gnu-tools-for-stm32.9-2020-q2-update.win32_2.0.0.202105311346/tools/bin/../lib/gcc/arm-none-eabi/9.3.1/../../../../arm-none-eabi/lib/thumb/v7e-m+fp/hard\libc_nano.a(lib_a-signal.o)
                0x0000000008006d0c                raise
 .text._kill_r  0x0000000008006d1c       0x24 c:/st/stm32cubeide_1.7.0/stm32cubeide/plugins/com.st.stm32cube.ide.mcu.externaltools.gnu-tools-for-stm32.9-2020-q2-update.win32_2.0.0.202105311346/tools/bin/../lib/gcc/arm-none-eabi/9.3.1/../../../../arm-none-eabi/lib/thumb/v7e-m+fp/hard\libc_nano.a(lib_a-signalr.o)
                0x0000000008006d1c                _kill_r
 .text._getpid_r
                0x0000000008006d40        0x4 c:/st/stm32cubeide_1.7.0/stm32cubeide/plugins/com.st.stm32cube.ide.mcu.externaltools.gnu-tools-for-stm32.9-2020-q2-update.win32_2.0.0.202105311346/tools/bin/../lib/gcc/arm-none-eabi/9.3.1/../../../../arm-none-eabi/lib/thumb/v7e-m+fp/hard\libc_nano.a(lib_a-signalr.o)
                0x0000000008006d40                _getpid_r
 .text.__malloc_lock
                0x0000000008006d44        0xc c:/st/stm32cubeide_1.7.0/stm32cubeide/plugins/com.st.stm32cube.ide.mcu.externaltools.gnu-tools-for-stm32.9-2020-q2-update.win32_2.0.0.202105311346/tools/bin/../lib/gcc/arm-none-eabi/9.3.1/../../../../arm-none-eabi/lib/thumb/v7e-m+fp/hard\libc_nano.a(lib_a-mlock.o)
                0x0000000008006d44                __malloc_lock
 .text.__malloc_unlock
                0x0000000008006d50        0xc c:/st/stm32cubeide_1.7.0/stm32cubeide/plugins/com.st.stm32cube.ide.mcu.externaltools.gnu-tools-for-stm32.9-2020-q2-update.win32_2.0.0.202105311346/tools/bin/../lib/gcc/arm-none-eabi/9.3.1/../../../../arm-none-eabi/lib/thumb/v7e-m+fp/hard\libc_nano.a(lib_a-mlock.o)
                0x0000000008006d50                __malloc_unlock
 .text.__retarget_lock_acquire_recursive
                0x0000000008006d5c        0x2 c:/st/stm32cubeide_1.7.0/stm32cubeide/plugins/com.st.stm32cube.ide.mcu.externaltools.gnu-tools-for-stm32.9-2020-q2-update.win32_2.0.0.202105311346/tools/bin/../lib/gcc/arm-none-eabi/9.3.1/../../../../arm-none-eabi/lib/thumb/v7e-m+fp/hard\libc_nano.a(lib_a-lock.o)
                0x0000000008006d5c                __retarget_lock_acquire_recursive
 .text.__retarget_lock_release_recursive
                0x0000000008006d5e        0x2 c:/st/stm32cubeide_1.7.0/stm32cubeide/plugins/com.st.stm32cube.ide.mcu.externaltools.gnu-tools-for-stm32.9-2020-q2-update.win32_2.0.0.202105311346/tools/bin/../lib/gcc/arm-none-eabi/9.3.1/../../../../arm-none-eabi/lib/thumb/v7e-m+fp/hard\libc_nano.a(lib_a-lock.o)
                0x0000000008006d5e                __retarget_lock_release_recursive
 *(.glue_7)
 .glue_7        0x0000000008006d60        0x0 linker stubs
 *(.glue_7t)
 .glue_7t       0x0000000008006d60        0x0 linker stubs
 *(.eh_frame)
 .eh_frame      0x0000000008006d60        0x0 c:/st/stm32cubeide_1.7.0/stm32cubeide/plugins/com.st.stm32cube.ide.mcu.externaltools.gnu-tools-for-stm32.9-2020-q2-update.win32_2.0.0.202105311346/tools/bin/../lib/gcc/arm-none-eabi/9.3.1/thumb/v7e-m+fp/hard/crtbegin.o
 *(.init)
 .init          0x0000000008006d60        0x4 c:/st/stm32cubeide_1.7.0/stm32cubeide/plugins/com.st.stm32cube.ide.mcu.externaltools.gnu-tools-for-stm32.9-2020-q2-update.win32_2.0.0.202105311346/tools/bin/../lib/gcc/arm-none-eabi/9.3.1/thumb/v7e-m+fp/hard/crti.o
                0x0000000008006d60                _init
 .init          0x0000000008006d64        0x8 c:/st/stm32cubeide_1.7.0/stm32cubeide/plugins/com.st.stm32cube.ide.mcu.externaltools.gnu-tools-for-stm32.9-2020-q2-update.win32_2.0.0.202105311346/tools/bin/../lib/gcc/arm-none-eabi/9.3.1/thumb/v7e-m+fp/hard/crtn.o
 *(.fini)
 .fini          0x0000000008006d6c        0x4 c:/st/stm32cubeide_1.7.0/stm32cubeide/plugins/com.st.stm32cube.ide.mcu.externaltools.gnu-tools-for-stm32.9-2020-q2-update.win32_2.0.0.202105311346/tools/bin/../lib/gcc/arm-none-eabi/9.3.1/thumb/v7e-m+fp/hard/crti.o
                0x0000000008006d6c                _fini
 .fini          0x0000000008006d70        0x8 c:/st/stm32cubeide_1.7.0/stm32cubeide/plugins/com.st.stm32cube.ide.mcu.externaltools.gnu-tools-for-stm32.9-2020-q2-update.win32_2.0.0.202105311346/tools/bin/../lib/gcc/arm-none-eabi/9.3.1/thumb/v7e-m+fp/hard/crtn.o
                0x0000000008006d78                . = ALIGN (0x4)
                0x0000000008006d78                _etext = .

.vfp11_veneer   0x0000000008006d78        0x0
 .vfp11_veneer  0x0000000008006d78        0x0 linker stubs

.v4_bx          0x0000000008006d78        0x0
 .v4_bx         0x0000000008006d78        0x0 linker stubs

.iplt           0x0000000008006d78        0x0
 .iplt          0x0000000008006d78        0x0 c:/st/stm32cubeide_1.7.0/stm32cubeide/plugins/com.st.stm32cube.ide.mcu.externaltools.gnu-tools-for-stm32.9-2020-q2-update.win32_2.0.0.202105311346/tools/bin/../lib/gcc/arm-none-eabi/9.3.1/thumb/v7e-m+fp/hard/crtbegin.o

.rodata         0x0000000008006d78       0xb4
                0x0000000008006d78                . = ALIGN (0x4)
 *(.rodata)
 .rodata        0x0000000008006d78       0x45 ./USB_DEVICE/App/usbd_desc.o
 *(.rodata*)
 *fill*         0x0000000008006dbd        0x3 
 .rodata._ZL10Map_DpadUp
                0x0000000008006dc0        0x2 ./Core/Src/Xbox.o
 *fill*         0x0000000008006dc2        0x2 
 .rodata._ZL12Map_DpadDown
                0x0000000008006dc4        0x2 ./Core/Src/Xbox.o
 *fill*         0x0000000008006dc6        0x2 
 .rodata._ZL12Map_DpadLeft
                0x0000000008006dc8        0x2 ./Core/Src/Xbox.o
 *fill*         0x0000000008006dca        0x2 
 .rodata._ZL13Map_DpadRight
                0x0000000008006dcc        0x2 ./Core/Src/Xbox.o
 *fill*         0x0000000008006dce        0x2 
 .rodata._ZL15Map_ButtonStart
                0x0000000008006dd0        0x2 ./Core/Src/Xbox.o
 *fill*         0x0000000008006dd2        0x2 
 .rodata._ZL14Map_ButtonBack
                0x0000000008006dd4        0x2 ./Core/Src/Xbox.o
 *fill*         0x0000000008006dd6        0x2 
 .rodata._ZL12Map_ButtonL3
                0x0000000008006dd8        0x2 ./Core/Src/Xbox.o
 *fill*         0x0000000008006dda        0x2 
 .rodata._ZL12Map_ButtonR3
                0x0000000008006ddc        0x2 ./Core/Src/Xbox.o
 *fill*         0x0000000008006dde        0x2 
 .rodata._ZL12Map_ButtonLB
                0x0000000008006de0        0x2 ./Core/Src/Xbox.o
 *fill*         0x0000000008006de2        0x2 
 .rodata._ZL12Map_ButtonRB
                0x0000000008006de4        0x2 ./Core/Src/Xbox.o
 *fill*         0x0000000008006de6        0x2 
 .rodata._ZL14Map_ButtonLogo
                0x0000000008006de8        0x2 ./Core/Src/Xbox.o
 *fill*         0x0000000008006dea        0x2 
 .rodata._ZL11Map_ButtonA
                0x0000000008006dec        0x2 ./Core/Src/Xbox.o
 *fill*         0x0000000008006dee        0x2 
 .rodata._ZL11Map_ButtonB
                0x0000000008006df0        0x2 ./Core/Src/Xbox.o
 *fill*         0x0000000008006df2        0x2 
 .rodata._ZL11Map_ButtonX
                0x0000000008006df4        0x2 ./Core/Src/Xbox.o
 *fill*         0x0000000008006df6        0x2 
 .rodata._ZL11Map_ButtonY
                0x0000000008006df8        0x2 ./Core/Src/Xbox.o
 *fill*         0x0000000008006dfa        0x2 
 .rodata._ZN17XInputMap_Trigger5rangeE
                0x0000000008006dfc        0x8 ./Core/Src/Xbox.o
                0x0000000008006dfc                XInputMap_Trigger::range
 .rodata._ZL15Map_TriggerLeft
                0x0000000008006e04        0x1 ./Core/Src/Xbox.o
 *fill*         0x0000000008006e05        0x3 
 .rodata._ZL16Map_TriggerRight
                0x0000000008006e08        0x1 ./Core/Src/Xbox.o
 *fill*         0x0000000008006e09        0x3 
 .rodata._ZTV4Xbox
                0x0000000008006e0c       0x10 ./Core/Src/Xbox.o
                0x0000000008006e0c                vtable for Xbox
 .rodata.AHBPrescTable
                0x0000000008006e1c       0x10 ./Core/Src/system_stm32f4xx.o
                0x0000000008006e1c                AHBPrescTable
                0x0000000008006e2c                . = ALIGN (0x4)

.ARM.extab      0x0000000008006e2c        0x0
                0x0000000008006e2c                . = ALIGN (0x4)
 *(.ARM.extab* .gnu.linkonce.armextab.*)
                0x0000000008006e2c                . = ALIGN (0x4)

.ARM            0x0000000008006e2c        0x8
                0x0000000008006e2c                . = ALIGN (0x4)
                0x0000000008006e2c                __exidx_start = .
 *(.ARM.exidx*)
 .ARM.exidx     0x0000000008006e2c        0x8 c:/st/stm32cubeide_1.7.0/stm32cubeide/plugins/com.st.stm32cube.ide.mcu.externaltools.gnu-tools-for-stm32.9-2020-q2-update.win32_2.0.0.202105311346/tools/bin/../lib/gcc/arm-none-eabi/9.3.1/thumb/v7e-m+fp/hard\libgcc.a(_udivmoddi4.o)
                0x0000000008006e34                __exidx_end = .
                0x0000000008006e34                . = ALIGN (0x4)

.rel.dyn        0x0000000008006e34        0x0
 .rel.iplt      0x0000000008006e34        0x0 c:/st/stm32cubeide_1.7.0/stm32cubeide/plugins/com.st.stm32cube.ide.mcu.externaltools.gnu-tools-for-stm32.9-2020-q2-update.win32_2.0.0.202105311346/tools/bin/../lib/gcc/arm-none-eabi/9.3.1/thumb/v7e-m+fp/hard/crtbegin.o

.preinit_array  0x0000000008006e34        0x0
                0x0000000008006e34                . = ALIGN (0x4)
                0x0000000008006e34                PROVIDE (__preinit_array_start = .)
 *(.preinit_array*)
                0x0000000008006e34                PROVIDE (__preinit_array_end = .)
                0x0000000008006e34                . = ALIGN (0x4)

.init_array     0x0000000008006e34        0x4
                0x0000000008006e34                . = ALIGN (0x4)
                0x0000000008006e34                PROVIDE (__init_array_start = .)
 *(SORT_BY_NAME(.init_array.*))
 *(.init_array*)
 .init_array    0x0000000008006e34        0x4 c:/st/stm32cubeide_1.7.0/stm32cubeide/plugins/com.st.stm32cube.ide.mcu.externaltools.gnu-tools-for-stm32.9-2020-q2-update.win32_2.0.0.202105311346/tools/bin/../lib/gcc/arm-none-eabi/9.3.1/thumb/v7e-m+fp/hard/crtbegin.o
                0x0000000008006e38                PROVIDE (__init_array_end = .)
                0x0000000008006e38                . = ALIGN (0x4)

.fini_array     0x0000000008006e38        0x4
                0x0000000008006e38                . = ALIGN (0x4)
                [!provide]                        PROVIDE (__fini_array_start = .)
 *(SORT_BY_NAME(.fini_array.*))
 *(.fini_array*)
 .fini_array    0x0000000008006e38        0x4 c:/st/stm32cubeide_1.7.0/stm32cubeide/plugins/com.st.stm32cube.ide.mcu.externaltools.gnu-tools-for-stm32.9-2020-q2-update.win32_2.0.0.202105311346/tools/bin/../lib/gcc/arm-none-eabi/9.3.1/thumb/v7e-m+fp/hard/crtbegin.o
                [!provide]                        PROVIDE (__fini_array_end = .)
                0x0000000008006e3c                . = ALIGN (0x4)
                0x0000000008006e3c                _sidata = LOADADDR (.data)

.data           0x0000000020000000      0x3b8 load address 0x0000000008006e3c
                0x0000000020000000                . = ALIGN (0x4)
                0x0000000020000000                _sdata = .
 *(.data)
 *(.data*)
 .data.SystemCoreClock
                0x0000000020000000        0x4 ./Core/Src/system_stm32f4xx.o
                0x0000000020000000                SystemCoreClock
 .data.uwTickPrio
                0x0000000020000004        0x4 ./Drivers/STM32F4xx_HAL_Driver/Src/stm32f4xx_hal.o
                0x0000000020000004                uwTickPrio
 .data.uwTickFreq
                0x0000000020000008        0x1 ./Drivers/STM32F4xx_HAL_Driver/Src/stm32f4xx_hal.o
                0x0000000020000008                uwTickFreq
 *fill*         0x0000000020000009        0x3 
 .data.USBD_CUSTOM_HID
                0x000000002000000c       0x38 ./Middlewares/ST/STM32_USB_Device_Library/Class/CustomHID/Src/usbd_customhid.o
                0x000000002000000c                USBD_CUSTOM_HID
 .data.USBD_CUSTOM_HID_CfgFSDesc
                0x0000000020000044       0x99 ./Middlewares/ST/STM32_USB_Device_Library/Class/CustomHID/Src/usbd_customhid.o
 *fill*         0x00000000200000dd        0x3 
 .data.USBD_CUSTOM_HID_CfgHSDesc
                0x00000000200000e0       0x99 ./Middlewares/ST/STM32_USB_Device_Library/Class/CustomHID/Src/usbd_customhid.o
 *fill*         0x0000000020000179        0x3 
 .data.USBD_CUSTOM_HID_OtherSpeedCfgDesc
                0x000000002000017c       0x99 ./Middlewares/ST/STM32_USB_Device_Library/Class/CustomHID/Src/usbd_customhid.o
 *fill*         0x0000000020000215        0x3 
 .data.USBD_CUSTOM_HID_Desc
                0x0000000020000218        0x9 ./Middlewares/ST/STM32_USB_Device_Library/Class/CustomHID/Src/usbd_customhid.o
 *fill*         0x0000000020000221        0x3 
 .data.USBD_CUSTOM_HID_DeviceQualifierDesc
                0x0000000020000224        0xa ./Middlewares/ST/STM32_USB_Device_Library/Class/CustomHID/Src/usbd_customhid.o
 *fill*         0x000000002000022e        0x2 
 .data.CUSTOM_HID_ReportDesc_FS
                0x0000000020000230       0xc4 ./USB_DEVICE/App/usbd_custom_hid_if.o
 .data.USBD_CustomHID_fops_FS
                0x00000000200002f4       0x10 ./USB_DEVICE/App/usbd_custom_hid_if.o
                0x00000000200002f4                USBD_CustomHID_fops_FS
 .data.FS_Desc  0x0000000020000304       0x1c ./USB_DEVICE/App/usbd_desc.o
                0x0000000020000304                FS_Desc
 .data.USBD_FS_DeviceDesc
                0x0000000020000320       0x12 ./USB_DEVICE/App/usbd_desc.o
                0x0000000020000320                USBD_FS_DeviceDesc
 *fill*         0x0000000020000332        0x2 
 .data.USBD_LangIDDesc
                0x0000000020000334        0x4 ./USB_DEVICE/App/usbd_desc.o
                0x0000000020000334                USBD_LangIDDesc
 .data.USBD_StringSerial
                0x0000000020000338       0x1a ./USB_DEVICE/App/usbd_desc.o
                0x0000000020000338                USBD_StringSerial
 *fill*         0x0000000020000352        0x2 
 .data._impure_ptr
                0x0000000020000354        0x4 c:/st/stm32cubeide_1.7.0/stm32cubeide/plugins/com.st.stm32cube.ide.mcu.externaltools.gnu-tools-for-stm32.9-2020-q2-update.win32_2.0.0.202105311346/tools/bin/../lib/gcc/arm-none-eabi/9.3.1/../../../../arm-none-eabi/lib/thumb/v7e-m+fp/hard\libc_nano.a(lib_a-impure.o)
                0x0000000020000354                _impure_ptr
 .data.impure_data
                0x0000000020000358       0x60 c:/st/stm32cubeide_1.7.0/stm32cubeide/plugins/com.st.stm32cube.ide.mcu.externaltools.gnu-tools-for-stm32.9-2020-q2-update.win32_2.0.0.202105311346/tools/bin/../lib/gcc/arm-none-eabi/9.3.1/../../../../arm-none-eabi/lib/thumb/v7e-m+fp/hard\libc_nano.a(lib_a-impure.o)
 *(.RamFunc)
 *(.RamFunc*)
                0x00000000200003b8                . = ALIGN (0x4)
                0x00000000200003b8                _edata = .

.igot.plt       0x00000000200003b8        0x0 load address 0x00000000080071f4
 .igot.plt      0x00000000200003b8        0x0 c:/st/stm32cubeide_1.7.0/stm32cubeide/plugins/com.st.stm32cube.ide.mcu.externaltools.gnu-tools-for-stm32.9-2020-q2-update.win32_2.0.0.202105311346/tools/bin/../lib/gcc/arm-none-eabi/9.3.1/thumb/v7e-m+fp/hard/crtbegin.o
                0x00000000200003b8                . = ALIGN (0x4)

.bss            0x00000000200003b8      0x978 load address 0x00000000080071f4
                0x00000000200003b8                _sbss = .
                0x00000000200003b8                __bss_start__ = _sbss
 *(.bss)
 .bss           0x00000000200003b8       0x1c c:/st/stm32cubeide_1.7.0/stm32cubeide/plugins/com.st.stm32cube.ide.mcu.externaltools.gnu-tools-for-stm32.9-2020-q2-update.win32_2.0.0.202105311346/tools/bin/../lib/gcc/arm-none-eabi/9.3.1/thumb/v7e-m+fp/hard/crtbegin.o
 *(.bss*)
 .bss.gamepad   0x00000000200003d4        0x4 ./Core/Src/main.o
                0x00000000200003d4                gamepad
 .bss.__sbrk_heap_end
                0x00000000200003d8        0x4 ./Core/Src/sysmem.o
 .bss.cfgidx.9746
                0x00000000200003dc        0x1 ./Middlewares/ST/STM32_USB_Device_Library/Core/Src/usbd_ctlreq.o
 *fill*         0x00000000200003dd        0x3 
 .bss.mem.9797  0x00000000200003e0       0x58 ./USB_DEVICE/Target/usbd_conf.o
 .bss._ZN12_GLOBAL__N_113__new_handlerE
                0x0000000020000438        0x4 c:/st/stm32cubeide_1.7.0/stm32cubeide/plugins/com.st.stm32cube.ide.mcu.externaltools.gnu-tools-for-stm32.9-2020-q2-update.win32_2.0.0.202105311346/tools/bin/../lib/gcc/arm-none-eabi/9.3.1/../../../../arm-none-eabi/lib/thumb/v7e-m+fp/hard\libstdc++_nano.a(new_handler.o)
 .bss.__malloc_free_list
                0x000000002000043c        0x4 c:/st/stm32cubeide_1.7.0/stm32cubeide/plugins/com.st.stm32cube.ide.mcu.externaltools.gnu-tools-for-stm32.9-2020-q2-update.win32_2.0.0.202105311346/tools/bin/../lib/gcc/arm-none-eabi/9.3.1/../../../../arm-none-eabi/lib/thumb/v7e-m+fp/hard\libc_nano.a(lib_a-nano-mallocr.o)
                0x000000002000043c                __malloc_free_list
 .bss.__malloc_sbrk_start
                0x0000000020000440        0x4 c:/st/stm32cubeide_1.7.0/stm32cubeide/plugins/com.st.stm32cube.ide.mcu.externaltools.gnu-tools-for-stm32.9-2020-q2-update.win32_2.0.0.202105311346/tools/bin/../lib/gcc/arm-none-eabi/9.3.1/../../../../arm-none-eabi/lib/thumb/v7e-m+fp/hard\libc_nano.a(lib_a-nano-mallocr.o)
                0x0000000020000440                __malloc_sbrk_start
 *(COMMON)
 COMMON         0x0000000020000444        0x4 ./Drivers/STM32F4xx_HAL_Driver/Src/stm32f4xx_hal.o
                0x0000000020000444                uwTick
 COMMON         0x0000000020000448      0x2d0 ./USB_DEVICE/App/usb_device.o
                0x0000000020000448                hUsbDeviceFS
 COMMON         0x0000000020000718      0x200 ./USB_DEVICE/App/usbd_desc.o
                0x0000000020000718                USBD_StrDesc
 COMMON         0x0000000020000918      0x408 ./USB_DEVICE/Target/usbd_conf.o
                0x0000000020000918                hpcd_USB_OTG_FS
 COMMON         0x0000000020000d20        0x4 c:/st/stm32cubeide_1.7.0/stm32cubeide/plugins/com.st.stm32cube.ide.mcu.externaltools.gnu-tools-for-stm32.9-2020-q2-update.win32_2.0.0.202105311346/tools/bin/../lib/gcc/arm-none-eabi/9.3.1/../../../../arm-none-eabi/lib/thumb/v7e-m+fp/hard\libc_nano.a(lib_a-reent.o)
                0x0000000020000d20                errno
 COMMON         0x0000000020000d24        0x9 c:/st/stm32cubeide_1.7.0/stm32cubeide/plugins/com.st.stm32cube.ide.mcu.externaltools.gnu-tools-for-stm32.9-2020-q2-update.win32_2.0.0.202105311346/tools/bin/../lib/gcc/arm-none-eabi/9.3.1/../../../../arm-none-eabi/lib/thumb/v7e-m+fp/hard\libc_nano.a(lib_a-lock.o)
                0x0000000020000d24                __lock___atexit_recursive_mutex
                0x0000000020000d25                __lock___arc4random_mutex
                0x0000000020000d26                __lock___env_recursive_mutex
                0x0000000020000d27                __lock___sinit_recursive_mutex
                0x0000000020000d28                __lock___malloc_recursive_mutex
                0x0000000020000d29                __lock___at_quick_exit_mutex
                0x0000000020000d2a                __lock___dd_hash_mutex
                0x0000000020000d2b                __lock___tz_mutex
                0x0000000020000d2c                __lock___sfp_recursive_mutex
                0x0000000020000d30                . = ALIGN (0x4)
 *fill*         0x0000000020000d2d        0x3 
                0x0000000020000d30                _ebss = .
                0x0000000020000d30                __bss_end__ = _ebss

._user_heap_stack
                0x0000000020000d30      0x600 load address 0x00000000080071f4
                0x0000000020000d30                . = ALIGN (0x8)
                [!provide]                        PROVIDE (end = .)
                0x0000000020000d30                PROVIDE (_end = .)
                0x0000000020000f30                . = (. + _Min_Heap_Size)
 *fill*         0x0000000020000d30      0x200 
                0x0000000020001330                . = (. + _Min_Stack_Size)
 *fill*         0x0000000020000f30      0x400 
                0x0000000020001330                . = ALIGN (0x8)

/DISCARD/
 libc.a(*)
 libm.a(*)
 libgcc.a(*)

.ARM.attributes
                0x0000000000000000       0x30
 *(.ARM.attributes)
 .ARM.attributes
                0x0000000000000000       0x1e c:/st/stm32cubeide_1.7.0/stm32cubeide/plugins/com.st.stm32cube.ide.mcu.externaltools.gnu-tools-for-stm32.9-2020-q2-update.win32_2.0.0.202105311346/tools/bin/../lib/gcc/arm-none-eabi/9.3.1/thumb/v7e-m+fp/hard/crti.o
 .ARM.attributes
                0x000000000000001e       0x34 c:/st/stm32cubeide_1.7.0/stm32cubeide/plugins/com.st.stm32cube.ide.mcu.externaltools.gnu-tools-for-stm32.9-2020-q2-update.win32_2.0.0.202105311346/tools/bin/../lib/gcc/arm-none-eabi/9.3.1/thumb/v7e-m+fp/hard/crtbegin.o
 .ARM.attributes
                0x0000000000000052       0x34 ./Core/Src/Xbox.o
 .ARM.attributes
                0x0000000000000086       0x34 ./Core/Src/main.o
 .ARM.attributes
                0x00000000000000ba       0x34 ./Core/Src/stm32f4xx_hal_msp.o
 .ARM.attributes
                0x00000000000000ee       0x34 ./Core/Src/stm32f4xx_it.o
 .ARM.attributes
                0x0000000000000122       0x34 ./Core/Src/syscalls.o
 .ARM.attributes
                0x0000000000000156       0x34 ./Core/Src/sysmem.o
 .ARM.attributes
                0x000000000000018a       0x34 ./Core/Src/system_stm32f4xx.o
 .ARM.attributes
                0x00000000000001be       0x34 ./Core/Src/usb_xinf.o
 .ARM.attributes
                0x00000000000001f2       0x21 ./Core/Startup/startup_stm32f401ccux.o
 .ARM.attributes
                0x0000000000000213       0x34 ./Drivers/STM32F4xx_HAL_Driver/Src/stm32f4xx_hal.o
 .ARM.attributes
                0x0000000000000247       0x34 ./Drivers/STM32F4xx_HAL_Driver/Src/stm32f4xx_hal_cortex.o
 .ARM.attributes
                0x000000000000027b       0x34 ./Drivers/STM32F4xx_HAL_Driver/Src/stm32f4xx_hal_gpio.o
 .ARM.attributes
                0x00000000000002af       0x34 ./Drivers/STM32F4xx_HAL_Driver/Src/stm32f4xx_hal_pcd.o
 .ARM.attributes
                0x00000000000002e3       0x34 ./Drivers/STM32F4xx_HAL_Driver/Src/stm32f4xx_hal_pcd_ex.o
 .ARM.attributes
                0x0000000000000317       0x34 ./Drivers/STM32F4xx_HAL_Driver/Src/stm32f4xx_hal_rcc.o
 .ARM.attributes
                0x000000000000034b       0x34 ./Drivers/STM32F4xx_HAL_Driver/Src/stm32f4xx_ll_usb.o
 .ARM.attributes
                0x000000000000037f       0x34 ./Middlewares/ST/STM32_USB_Device_Library/Class/CustomHID/Src/usbd_customhid.o
 .ARM.attributes
                0x00000000000003b3       0x34 ./Middlewares/ST/STM32_USB_Device_Library/Core/Src/usbd_core.o
 .ARM.attributes
                0x00000000000003e7       0x34 ./Middlewares/ST/STM32_USB_Device_Library/Core/Src/usbd_ctlreq.o
 .ARM.attributes
                0x000000000000041b       0x34 ./Middlewares/ST/STM32_USB_Device_Library/Core/Src/usbd_ioreq.o
 .ARM.attributes
                0x000000000000044f       0x34 ./USB_DEVICE/App/usb_device.o
 .ARM.attributes
                0x0000000000000483       0x34 ./USB_DEVICE/App/usbd_custom_hid_if.o
 .ARM.attributes
                0x00000000000004b7       0x34 ./USB_DEVICE/App/usbd_desc.o
 .ARM.attributes
                0x00000000000004eb       0x34 ./USB_DEVICE/Target/usbd_conf.o
 .ARM.attributes
                0x000000000000051f       0x34 c:/st/stm32cubeide_1.7.0/stm32cubeide/plugins/com.st.stm32cube.ide.mcu.externaltools.gnu-tools-for-stm32.9-2020-q2-update.win32_2.0.0.202105311346/tools/bin/../lib/gcc/arm-none-eabi/9.3.1/../../../../arm-none-eabi/lib/thumb/v7e-m+fp/hard\libstdc++_nano.a(del_ops.o)
 .ARM.attributes
                0x0000000000000553       0x34 c:/st/stm32cubeide_1.7.0/stm32cubeide/plugins/com.st.stm32cube.ide.mcu.externaltools.gnu-tools-for-stm32.9-2020-q2-update.win32_2.0.0.202105311346/tools/bin/../lib/gcc/arm-none-eabi/9.3.1/../../../../arm-none-eabi/lib/thumb/v7e-m+fp/hard\libstdc++_nano.a(new_op.o)
 .ARM.attributes
                0x0000000000000587       0x34 c:/st/stm32cubeide_1.7.0/stm32cubeide/plugins/com.st.stm32cube.ide.mcu.externaltools.gnu-tools-for-stm32.9-2020-q2-update.win32_2.0.0.202105311346/tools/bin/../lib/gcc/arm-none-eabi/9.3.1/../../../../arm-none-eabi/lib/thumb/v7e-m+fp/hard\libstdc++_nano.a(del_op.o)
 .ARM.attributes
                0x00000000000005bb       0x34 c:/st/stm32cubeide_1.7.0/stm32cubeide/plugins/com.st.stm32cube.ide.mcu.externaltools.gnu-tools-for-stm32.9-2020-q2-update.win32_2.0.0.202105311346/tools/bin/../lib/gcc/arm-none-eabi/9.3.1/../../../../arm-none-eabi/lib/thumb/v7e-m+fp/hard\libstdc++_nano.a(new_handler.o)
 .ARM.attributes
                0x00000000000005ef       0x34 c:/st/stm32cubeide_1.7.0/stm32cubeide/plugins/com.st.stm32cube.ide.mcu.externaltools.gnu-tools-for-stm32.9-2020-q2-update.win32_2.0.0.202105311346/tools/bin/../lib/gcc/arm-none-eabi/9.3.1/../../../../arm-none-eabi/lib/thumb/v7e-m+fp/hard\libc_nano.a(lib_a-abort.o)
 .ARM.attributes
                0x0000000000000623       0x34 c:/st/stm32cubeide_1.7.0/stm32cubeide/plugins/com.st.stm32cube.ide.mcu.externaltools.gnu-tools-for-stm32.9-2020-q2-update.win32_2.0.0.202105311346/tools/bin/../lib/gcc/arm-none-eabi/9.3.1/../../../../arm-none-eabi/lib/thumb/v7e-m+fp/hard\libc_nano.a(lib_a-errno.o)
 .ARM.attributes
                0x0000000000000657       0x32 c:/st/stm32cubeide_1.7.0/stm32cubeide/plugins/com.st.stm32cube.ide.mcu.externaltools.gnu-tools-for-stm32.9-2020-q2-update.win32_2.0.0.202105311346/tools/bin/../lib/gcc/arm-none-eabi/9.3.1/../../../../arm-none-eabi/lib/thumb/v7e-m+fp/hard\libc_nano.a(lib_a-impure.o)
 .ARM.attributes
                0x0000000000000689       0x34 c:/st/stm32cubeide_1.7.0/stm32cubeide/plugins/com.st.stm32cube.ide.mcu.externaltools.gnu-tools-for-stm32.9-2020-q2-update.win32_2.0.0.202105311346/tools/bin/../lib/gcc/arm-none-eabi/9.3.1/../../../../arm-none-eabi/lib/thumb/v7e-m+fp/hard\libc_nano.a(lib_a-init.o)
 .ARM.attributes
                0x00000000000006bd       0x34 c:/st/stm32cubeide_1.7.0/stm32cubeide/plugins/com.st.stm32cube.ide.mcu.externaltools.gnu-tools-for-stm32.9-2020-q2-update.win32_2.0.0.202105311346/tools/bin/../lib/gcc/arm-none-eabi/9.3.1/../../../../arm-none-eabi/lib/thumb/v7e-m+fp/hard\libc_nano.a(lib_a-malloc.o)
 .ARM.attributes
                0x00000000000006f1       0x34 c:/st/stm32cubeide_1.7.0/stm32cubeide/plugins/com.st.stm32cube.ide.mcu.externaltools.gnu-tools-for-stm32.9-2020-q2-update.win32_2.0.0.202105311346/tools/bin/../lib/gcc/arm-none-eabi/9.3.1/../../../../arm-none-eabi/lib/thumb/v7e-m+fp/hard\libc_nano.a(lib_a-memset.o)
 .ARM.attributes
                0x0000000000000725       0x34 c:/st/stm32cubeide_1.7.0/stm32cubeide/plugins/com.st.stm32cube.ide.mcu.externaltools.gnu-tools-for-stm32.9-2020-q2-update.win32_2.0.0.202105311346/tools/bin/../lib/gcc/arm-none-eabi/9.3.1/../../../../arm-none-eabi/lib/thumb/v7e-m+fp/hard\libc_nano.a(lib_a-nano-freer.o)
 .ARM.attributes
                0x0000000000000759       0x34 c:/st/stm32cubeide_1.7.0/stm32cubeide/plugins/com.st.stm32cube.ide.mcu.externaltools.gnu-tools-for-stm32.9-2020-q2-update.win32_2.0.0.202105311346/tools/bin/../lib/gcc/arm-none-eabi/9.3.1/../../../../arm-none-eabi/lib/thumb/v7e-m+fp/hard\libc_nano.a(lib_a-nano-mallocr.o)
 .ARM.attributes
                0x000000000000078d       0x34 c:/st/stm32cubeide_1.7.0/stm32cubeide/plugins/com.st.stm32cube.ide.mcu.externaltools.gnu-tools-for-stm32.9-2020-q2-update.win32_2.0.0.202105311346/tools/bin/../lib/gcc/arm-none-eabi/9.3.1/../../../../arm-none-eabi/lib/thumb/v7e-m+fp/hard\libc_nano.a(lib_a-sbrkr.o)
 .ARM.attributes
                0x00000000000007c1       0x34 c:/st/stm32cubeide_1.7.0/stm32cubeide/plugins/com.st.stm32cube.ide.mcu.externaltools.gnu-tools-for-stm32.9-2020-q2-update.win32_2.0.0.202105311346/tools/bin/../lib/gcc/arm-none-eabi/9.3.1/../../../../arm-none-eabi/lib/thumb/v7e-m+fp/hard\libc_nano.a(lib_a-signal.o)
 .ARM.attributes
                0x00000000000007f5       0x34 c:/st/stm32cubeide_1.7.0/stm32cubeide/plugins/com.st.stm32cube.ide.mcu.externaltools.gnu-tools-for-stm32.9-2020-q2-update.win32_2.0.0.202105311346/tools/bin/../lib/gcc/arm-none-eabi/9.3.1/../../../../arm-none-eabi/lib/thumb/v7e-m+fp/hard\libc_nano.a(lib_a-signalr.o)
 .ARM.attributes
                0x0000000000000829       0x34 c:/st/stm32cubeide_1.7.0/stm32cubeide/plugins/com.st.stm32cube.ide.mcu.externaltools.gnu-tools-for-stm32.9-2020-q2-update.win32_2.0.0.202105311346/tools/bin/../lib/gcc/arm-none-eabi/9.3.1/../../../../arm-none-eabi/lib/thumb/v7e-m+fp/hard\libc_nano.a(lib_a-mlock.o)
 .ARM.attributes
                0x000000000000085d       0x34 c:/st/stm32cubeide_1.7.0/stm32cubeide/plugins/com.st.stm32cube.ide.mcu.externaltools.gnu-tools-for-stm32.9-2020-q2-update.win32_2.0.0.202105311346/tools/bin/../lib/gcc/arm-none-eabi/9.3.1/../../../../arm-none-eabi/lib/thumb/v7e-m+fp/hard\libc_nano.a(lib_a-reent.o)
 .ARM.attributes
                0x0000000000000891       0x34 c:/st/stm32cubeide_1.7.0/stm32cubeide/plugins/com.st.stm32cube.ide.mcu.externaltools.gnu-tools-for-stm32.9-2020-q2-update.win32_2.0.0.202105311346/tools/bin/../lib/gcc/arm-none-eabi/9.3.1/../../../../arm-none-eabi/lib/thumb/v7e-m+fp/hard\libc_nano.a(lib_a-lock.o)
 .ARM.attributes
                0x00000000000008c5       0x1e c:/st/stm32cubeide_1.7.0/stm32cubeide/plugins/com.st.stm32cube.ide.mcu.externaltools.gnu-tools-for-stm32.9-2020-q2-update.win32_2.0.0.202105311346/tools/bin/../lib/gcc/arm-none-eabi/9.3.1/thumb/v7e-m+fp/hard\libgcc.a(_aeabi_uldivmod.o)
 .ARM.attributes
                0x00000000000008e3       0x34 c:/st/stm32cubeide_1.7.0/stm32cubeide/plugins/com.st.stm32cube.ide.mcu.externaltools.gnu-tools-for-stm32.9-2020-q2-update.win32_2.0.0.202105311346/tools/bin/../lib/gcc/arm-none-eabi/9.3.1/thumb/v7e-m+fp/hard\libgcc.a(_udivmoddi4.o)
 .ARM.attributes
                0x0000000000000917       0x1e c:/st/stm32cubeide_1.7.0/stm32cubeide/plugins/com.st.stm32cube.ide.mcu.externaltools.gnu-tools-for-stm32.9-2020-q2-update.win32_2.0.0.202105311346/tools/bin/../lib/gcc/arm-none-eabi/9.3.1/thumb/v7e-m+fp/hard\libgcc.a(_dvmd_tls.o)
 .ARM.attributes
                0x0000000000000935       0x1e c:/st/stm32cubeide_1.7.0/stm32cubeide/plugins/com.st.stm32cube.ide.mcu.externaltools.gnu-tools-for-stm32.9-2020-q2-update.win32_2.0.0.202105311346/tools/bin/../lib/gcc/arm-none-eabi/9.3.1/thumb/v7e-m+fp/hard/crtn.o
OUTPUT(STMXInput.elf elf32-littlearm)
LOAD linker stubs
LOAD c:/st/stm32cubeide_1.7.0/stm32cubeide/plugins/com.st.stm32cube.ide.mcu.externaltools.gnu-tools-for-stm32.9-2020-q2-update.win32_2.0.0.202105311346/tools/bin/../lib/gcc/arm-none-eabi/9.3.1/../../../../arm-none-eabi/lib/thumb/v7e-m+fp/hard\libc.a
LOAD c:/st/stm32cubeide_1.7.0/stm32cubeide/plugins/com.st.stm32cube.ide.mcu.externaltools.gnu-tools-for-stm32.9-2020-q2-update.win32_2.0.0.202105311346/tools/bin/../lib/gcc/arm-none-eabi/9.3.1/../../../../arm-none-eabi/lib/thumb/v7e-m+fp/hard\libm.a
LOAD c:/st/stm32cubeide_1.7.0/stm32cubeide/plugins/com.st.stm32cube.ide.mcu.externaltools.gnu-tools-for-stm32.9-2020-q2-update.win32_2.0.0.202105311346/tools/bin/../lib/gcc/arm-none-eabi/9.3.1/thumb/v7e-m+fp/hard\libgcc.a

.debug_info     0x0000000000000000    0x17f6b
 .debug_info    0x0000000000000000     0x2d2b ./Core/Src/Xbox.o
 .debug_info    0x0000000000002d2b     0x1ce7 ./Core/Src/main.o
 .debug_info    0x0000000000004a12      0x3c0 ./Core/Src/stm32f4xx_hal_msp.o
 .debug_info    0x0000000000004dd2      0x6db ./Core/Src/stm32f4xx_it.o
 .debug_info    0x00000000000054ad      0xfa8 ./Core/Src/syscalls.o
 .debug_info    0x0000000000006455      0xa25 ./Core/Src/sysmem.o
 .debug_info    0x0000000000006e7a      0x5d0 ./Core/Src/system_stm32f4xx.o
 .debug_info    0x000000000000744a     0x103c ./Core/Src/usb_xinf.o
 .debug_info    0x0000000000008486       0x22 ./Core/Startup/startup_stm32f401ccux.o
 .debug_info    0x00000000000084a8      0x93d ./Drivers/STM32F4xx_HAL_Driver/Src/stm32f4xx_hal.o
 .debug_info    0x0000000000008de5      0xe41 ./Drivers/STM32F4xx_HAL_Driver/Src/stm32f4xx_hal_cortex.o
 .debug_info    0x0000000000009c26      0x862 ./Drivers/STM32F4xx_HAL_Driver/Src/stm32f4xx_hal_gpio.o
 .debug_info    0x000000000000a488     0x12d5 ./Drivers/STM32F4xx_HAL_Driver/Src/stm32f4xx_hal_pcd.o
 .debug_info    0x000000000000b75d      0x7c3 ./Drivers/STM32F4xx_HAL_Driver/Src/stm32f4xx_hal_pcd_ex.o
 .debug_info    0x000000000000bf20      0x9bd ./Drivers/STM32F4xx_HAL_Driver/Src/stm32f4xx_hal_rcc.o
 .debug_info    0x000000000000c8dd     0x1ab4 ./Drivers/STM32F4xx_HAL_Driver/Src/stm32f4xx_ll_usb.o
 .debug_info    0x000000000000e391     0x141e ./Middlewares/ST/STM32_USB_Device_Library/Class/CustomHID/Src/usbd_customhid.o
 .debug_info    0x000000000000f7af     0x13a7 ./Middlewares/ST/STM32_USB_Device_Library/Core/Src/usbd_core.o
 .debug_info    0x0000000000010b56     0x1373 ./Middlewares/ST/STM32_USB_Device_Library/Core/Src/usbd_ctlreq.o
 .debug_info    0x0000000000011ec9     0x1095 ./Middlewares/ST/STM32_USB_Device_Library/Core/Src/usbd_ioreq.o
 .debug_info    0x0000000000012f5e      0xfb0 ./USB_DEVICE/App/usb_device.o
 .debug_info    0x0000000000013f0e     0x102f ./USB_DEVICE/App/usbd_custom_hid_if.o
 .debug_info    0x0000000000014f3d      0xdf7 ./USB_DEVICE/App/usbd_desc.o
 .debug_info    0x0000000000015d34     0x2237 ./USB_DEVICE/Target/usbd_conf.o

.debug_abbrev   0x0000000000000000     0x3a76
 .debug_abbrev  0x0000000000000000      0x667 ./Core/Src/Xbox.o
 .debug_abbrev  0x0000000000000667      0x398 ./Core/Src/main.o
 .debug_abbrev  0x00000000000009ff      0x11d ./Core/Src/stm32f4xx_hal_msp.o
 .debug_abbrev  0x0000000000000b1c      0x184 ./Core/Src/stm32f4xx_it.o
 .debug_abbrev  0x0000000000000ca0      0x286 ./Core/Src/syscalls.o
 .debug_abbrev  0x0000000000000f26      0x1bf ./Core/Src/sysmem.o
 .debug_abbrev  0x00000000000010e5      0x145 ./Core/Src/system_stm32f4xx.o
 .debug_abbrev  0x000000000000122a      0x240 ./Core/Src/usb_xinf.o
 .debug_abbrev  0x000000000000146a       0x12 ./Core/Startup/startup_stm32f401ccux.o
 .debug_abbrev  0x000000000000147c      0x21e ./Drivers/STM32F4xx_HAL_Driver/Src/stm32f4xx_hal.o
 .debug_abbrev  0x000000000000169a      0x33c ./Drivers/STM32F4xx_HAL_Driver/Src/stm32f4xx_hal_cortex.o
 .debug_abbrev  0x00000000000019d6      0x1f1 ./Drivers/STM32F4xx_HAL_Driver/Src/stm32f4xx_hal_gpio.o
 .debug_abbrev  0x0000000000001bc7      0x2a0 ./Drivers/STM32F4xx_HAL_Driver/Src/stm32f4xx_hal_pcd.o
 .debug_abbrev  0x0000000000001e67      0x1fb ./Drivers/STM32F4xx_HAL_Driver/Src/stm32f4xx_hal_pcd_ex.o
 .debug_abbrev  0x0000000000002062      0x275 ./Drivers/STM32F4xx_HAL_Driver/Src/stm32f4xx_hal_rcc.o
 .debug_abbrev  0x00000000000022d7      0x2a7 ./Drivers/STM32F4xx_HAL_Driver/Src/stm32f4xx_ll_usb.o
 .debug_abbrev  0x000000000000257e      0x2e0 ./Middlewares/ST/STM32_USB_Device_Library/Class/CustomHID/Src/usbd_customhid.o
 .debug_abbrev  0x000000000000285e      0x2b7 ./Middlewares/ST/STM32_USB_Device_Library/Core/Src/usbd_core.o
 .debug_abbrev  0x0000000000002b15      0x2fc ./Middlewares/ST/STM32_USB_Device_Library/Core/Src/usbd_ctlreq.o
 .debug_abbrev  0x0000000000002e11      0x22a ./Middlewares/ST/STM32_USB_Device_Library/Core/Src/usbd_ioreq.o
 .debug_abbrev  0x000000000000303b      0x200 ./USB_DEVICE/App/usb_device.o
 .debug_abbrev  0x000000000000323b      0x254 ./USB_DEVICE/App/usbd_custom_hid_if.o
 .debug_abbrev  0x000000000000348f      0x2bb ./USB_DEVICE/App/usbd_desc.o
 .debug_abbrev  0x000000000000374a      0x32c ./USB_DEVICE/Target/usbd_conf.o

.debug_aranges  0x0000000000000000      0xd60
 .debug_aranges
                0x0000000000000000      0x188 ./Core/Src/Xbox.o
 .debug_aranges
                0x0000000000000188       0x38 ./Core/Src/main.o
 .debug_aranges
                0x00000000000001c0       0x20 ./Core/Src/stm32f4xx_hal_msp.o
 .debug_aranges
                0x00000000000001e0       0x68 ./Core/Src/stm32f4xx_it.o
 .debug_aranges
                0x0000000000000248       0xa8 ./Core/Src/syscalls.o
 .debug_aranges
                0x00000000000002f0       0x20 ./Core/Src/sysmem.o
 .debug_aranges
                0x0000000000000310       0x28 ./Core/Src/system_stm32f4xx.o
 .debug_aranges
                0x0000000000000338       0x38 ./Core/Src/usb_xinf.o
 .debug_aranges
                0x0000000000000370       0x28 ./Core/Startup/startup_stm32f401ccux.o
 .debug_aranges
                0x0000000000000398       0xf0 ./Drivers/STM32F4xx_HAL_Driver/Src/stm32f4xx_hal.o
 .debug_aranges
                0x0000000000000488      0x118 ./Drivers/STM32F4xx_HAL_Driver/Src/stm32f4xx_hal_cortex.o
 .debug_aranges
                0x00000000000005a0       0x58 ./Drivers/STM32F4xx_HAL_Driver/Src/stm32f4xx_hal_gpio.o
 .debug_aranges
                0x00000000000005f8      0x138 ./Drivers/STM32F4xx_HAL_Driver/Src/stm32f4xx_hal_pcd.o
 .debug_aranges
                0x0000000000000730       0x38 ./Drivers/STM32F4xx_HAL_Driver/Src/stm32f4xx_hal_pcd_ex.o
 .debug_aranges
                0x0000000000000768       0x88 ./Drivers/STM32F4xx_HAL_Driver/Src/stm32f4xx_hal_rcc.o
 .debug_aranges
                0x00000000000007f0      0x198 ./Drivers/STM32F4xx_HAL_Driver/Src/stm32f4xx_ll_usb.o
 .debug_aranges
                0x0000000000000988       0x80 ./Middlewares/ST/STM32_USB_Device_Library/Class/CustomHID/Src/usbd_customhid.o
 .debug_aranges
                0x0000000000000a08       0xb8 ./Middlewares/ST/STM32_USB_Device_Library/Core/Src/usbd_core.o
 .debug_aranges
                0x0000000000000ac0       0x90 ./Middlewares/ST/STM32_USB_Device_Library/Core/Src/usbd_ctlreq.o
 .debug_aranges
                0x0000000000000b50       0x50 ./Middlewares/ST/STM32_USB_Device_Library/Core/Src/usbd_ioreq.o
 .debug_aranges
                0x0000000000000ba0       0x20 ./USB_DEVICE/App/usb_device.o
 .debug_aranges
                0x0000000000000bc0       0x30 ./USB_DEVICE/App/usbd_custom_hid_if.o
 .debug_aranges
                0x0000000000000bf0       0x60 ./USB_DEVICE/App/usbd_desc.o
 .debug_aranges
                0x0000000000000c50      0x110 ./USB_DEVICE/Target/usbd_conf.o

.debug_ranges   0x0000000000000000      0xc00
 .debug_ranges  0x0000000000000000      0x190 ./Core/Src/Xbox.o
 .debug_ranges  0x0000000000000190       0x28 ./Core/Src/main.o
 .debug_ranges  0x00000000000001b8       0x10 ./Core/Src/stm32f4xx_hal_msp.o
 .debug_ranges  0x00000000000001c8       0x58 ./Core/Src/stm32f4xx_it.o
 .debug_ranges  0x0000000000000220       0x98 ./Core/Src/syscalls.o
 .debug_ranges  0x00000000000002b8       0x10 ./Core/Src/sysmem.o
 .debug_ranges  0x00000000000002c8       0x18 ./Core/Src/system_stm32f4xx.o
 .debug_ranges  0x00000000000002e0       0x28 ./Core/Src/usb_xinf.o
 .debug_ranges  0x0000000000000308       0x20 ./Core/Startup/startup_stm32f401ccux.o
 .debug_ranges  0x0000000000000328       0xe0 ./Drivers/STM32F4xx_HAL_Driver/Src/stm32f4xx_hal.o
 .debug_ranges  0x0000000000000408      0x108 ./Drivers/STM32F4xx_HAL_Driver/Src/stm32f4xx_hal_cortex.o
 .debug_ranges  0x0000000000000510       0x48 ./Drivers/STM32F4xx_HAL_Driver/Src/stm32f4xx_hal_gpio.o
 .debug_ranges  0x0000000000000558      0x128 ./Drivers/STM32F4xx_HAL_Driver/Src/stm32f4xx_hal_pcd.o
 .debug_ranges  0x0000000000000680       0x28 ./Drivers/STM32F4xx_HAL_Driver/Src/stm32f4xx_hal_pcd_ex.o
 .debug_ranges  0x00000000000006a8       0x78 ./Drivers/STM32F4xx_HAL_Driver/Src/stm32f4xx_hal_rcc.o
 .debug_ranges  0x0000000000000720      0x188 ./Drivers/STM32F4xx_HAL_Driver/Src/stm32f4xx_ll_usb.o
 .debug_ranges  0x00000000000008a8       0x70 ./Middlewares/ST/STM32_USB_Device_Library/Class/CustomHID/Src/usbd_customhid.o