main.cpp:132:9:uint8_t GET_USB_STATUS()	4	static
main.cpp:142:6:bool IS_USB_SUSPEND()	8	static
main.cpp:147:6:void switch_ADC(uint8_t)	32	static
main.cpp:163:6:void rotary_task()	8	static
main.cpp:243:6:void button_task()	16	static
main.cpp:279:6:void pedals(Xbox*)	24	static
main.cpp:317:6:bool read_button_state(int, int)	16	static
main.cpp:340:6:void decode_buttons(Xbox*)	16	static
main.cpp:377:5:int main()	16	static
main.cpp:520:6:void SystemClock_Config()	88	static
main.cpp:564:13:void MX_ADC1_Init()	8	static
main.cpp:616:13:void MX_I2C1_Init()	8	static
main.cpp:650:13:void MX_GPIO_Init()	40	static
main.cpp:697:6:void Error_Handler()	4	static,ignoring_inline_asm
